<?xml version="1.0" encoding="ISO-8859-1" ?>
<link_info>
   <banner>TI ARM Linker PC v20.2.7.LTS</banner>
   <copyright>Copyright (c) 1996-2018 Texas Instruments Incorporated</copyright>
   <link_time>0x6924359a</link_time>
   <link_errors>0x0</link_errors>
   <output_file>ProyectoSepaDef.out</output_file>
   <entry_point>
      <name>_c_int00_noargs</name>
      <address>0x977e5</address>
   </entry_point>
   <input_file_list>
      <input_file id="fl-2">
         <path>.\</path>
         <kind>object</kind>
         <file>ProyectoCompleto.obj</file>
         <name>ProyectoCompleto.obj</name>
      </input_file>
      <input_file id="fl-3">
         <path>.\</path>
         <kind>object</kind>
         <file>ft800_TIVA.obj</file>
         <name>ft800_TIVA.obj</name>
      </input_file>
      <input_file id="fl-4">
         <path>.\</path>
         <kind>object</kind>
         <file>mandolib.obj</file>
         <name>mandolib.obj</name>
      </input_file>
      <input_file id="fl-5">
         <path>.\</path>
         <kind>object</kind>
         <file>signals.obj</file>
         <name>signals.obj</name>
      </input_file>
      <input_file id="fl-6">
         <path>.\</path>
         <kind>object</kind>
         <file>tm4c1294ncpdt_startup_ccs.obj</file>
         <name>tm4c1294ncpdt_startup_ccs.obj</name>
      </input_file>
      <input_file id="fl-7">
         <path>.\</path>
         <kind>object</kind>
         <file>uartstdio.obj</file>
         <name>uartstdio.obj</name>
      </input_file>
      <input_file id="fl-c">
         <kind>object</kind>
         <file>&lt;internal&gt;</file>
         <name>&lt;internal&gt;</name>
      </input_file>
      <input_file id="fl-d">
         <path>C:\ti\TivaWare_C_Series-2.2.0.295\driverlib\ccs\Debug\</path>
         <kind>archive</kind>
         <file>driverlib.lib</file>
         <name>gpio.obj</name>
      </input_file>
      <input_file id="fl-e">
         <path>C:\ti\TivaWare_C_Series-2.2.0.295\driverlib\ccs\Debug\</path>
         <kind>archive</kind>
         <file>driverlib.lib</file>
         <name>interrupt.obj</name>
      </input_file>
      <input_file id="fl-f">
         <path>C:\ti\TivaWare_C_Series-2.2.0.295\driverlib\ccs\Debug\</path>
         <kind>archive</kind>
         <file>driverlib.lib</file>
         <name>pwm.obj</name>
      </input_file>
      <input_file id="fl-10">
         <path>C:\ti\TivaWare_C_Series-2.2.0.295\driverlib\ccs\Debug\</path>
         <kind>archive</kind>
         <file>driverlib.lib</file>
         <name>ssi.obj</name>
      </input_file>
      <input_file id="fl-11">
         <path>C:\ti\TivaWare_C_Series-2.2.0.295\driverlib\ccs\Debug\</path>
         <kind>archive</kind>
         <file>driverlib.lib</file>
         <name>sysctl.obj</name>
      </input_file>
      <input_file id="fl-12">
         <path>C:\ti\TivaWare_C_Series-2.2.0.295\driverlib\ccs\Debug\</path>
         <kind>archive</kind>
         <file>driverlib.lib</file>
         <name>timer.obj</name>
      </input_file>
      <input_file id="fl-13">
         <path>C:\ti\TivaWare_C_Series-2.2.0.295\driverlib\ccs\Debug\</path>
         <kind>archive</kind>
         <file>driverlib.lib</file>
         <name>uart.obj</name>
      </input_file>
      <input_file id="fl-14">
         <path>C:\ti\TivaWare_C_Series-2.2.0.295\driverlib\ccs\Debug\</path>
         <kind>archive</kind>
         <file>driverlib.lib</file>
         <name>cpu.obj</name>
      </input_file>
      <input_file id="fl-ca">
         <path>C:\ti\ccs1281\ccs\tools\compiler\ti-cgt-arm_20.2.7.LTS\lib\</path>
         <kind>archive</kind>
         <file>rtsv7M4_T_le_v4SPD16_eabi.lib</file>
         <name>memcpy_t2.asm.obj</name>
      </input_file>
      <input_file id="fl-cb">
         <path>C:\ti\ccs1281\ccs\tools\compiler\ti-cgt-arm_20.2.7.LTS\lib\</path>
         <kind>archive</kind>
         <file>rtsv7M4_T_le_v4SPD16_eabi.lib</file>
         <name>u_divt2.asm.obj</name>
      </input_file>
      <input_file id="fl-cc">
         <path>C:\ti\ccs1281\ccs\tools\compiler\ti-cgt-arm_20.2.7.LTS\lib\</path>
         <kind>archive</kind>
         <file>rtsv7M4_T_le_v4SPD16_eabi.lib</file>
         <name>copy_zero_init.c.obj</name>
      </input_file>
      <input_file id="fl-cd">
         <path>C:\ti\ccs1281\ccs\tools\compiler\ti-cgt-arm_20.2.7.LTS\lib\</path>
         <kind>archive</kind>
         <file>rtsv7M4_T_le_v4SPD16_eabi.lib</file>
         <name>copy_decompress_none.c.obj</name>
      </input_file>
      <input_file id="fl-ce">
         <path>C:\ti\ccs1281\ccs\tools\compiler\ti-cgt-arm_20.2.7.LTS\lib\</path>
         <kind>archive</kind>
         <file>rtsv7M4_T_le_v4SPD16_eabi.lib</file>
         <name>copy_decompress_lzss.c.obj</name>
      </input_file>
      <input_file id="fl-cf">
         <path>C:\ti\ccs1281\ccs\tools\compiler\ti-cgt-arm_20.2.7.LTS\lib\</path>
         <kind>archive</kind>
         <file>rtsv7M4_T_le_v4SPD16_eabi.lib</file>
         <name>boot_cortex_m.c.obj</name>
      </input_file>
      <input_file id="fl-d0">
         <path>C:\ti\ccs1281\ccs\tools\compiler\ti-cgt-arm_20.2.7.LTS\lib\</path>
         <kind>archive</kind>
         <file>rtsv7M4_T_le_v4SPD16_eabi.lib</file>
         <name>div0.asm.obj</name>
      </input_file>
      <input_file id="fl-d1">
         <path>C:\ti\ccs1281\ccs\tools\compiler\ti-cgt-arm_20.2.7.LTS\lib\</path>
         <kind>archive</kind>
         <file>rtsv7M4_T_le_v4SPD16_eabi.lib</file>
         <name>memset_t2.asm.obj</name>
      </input_file>
      <input_file id="fl-d2">
         <path>C:\ti\ccs1281\ccs\tools\compiler\ti-cgt-arm_20.2.7.LTS\lib\</path>
         <kind>archive</kind>
         <file>rtsv7M4_T_le_v4SPD16_eabi.lib</file>
         <name>autoinit.c.obj</name>
      </input_file>
      <input_file id="fl-d3">
         <path>C:\ti\ccs1281\ccs\tools\compiler\ti-cgt-arm_20.2.7.LTS\lib\</path>
         <kind>archive</kind>
         <file>rtsv7M4_T_le_v4SPD16_eabi.lib</file>
         <name>pre_init.c.obj</name>
      </input_file>
      <input_file id="fl-d4">
         <path>C:\ti\ccs1281\ccs\tools\compiler\ti-cgt-arm_20.2.7.LTS\lib\</path>
         <kind>archive</kind>
         <file>rtsv7M4_T_le_v4SPD16_eabi.lib</file>
         <name>cpy_tbl.c.obj</name>
      </input_file>
      <input_file id="fl-d5">
         <path>C:\ti\ccs1281\ccs\tools\compiler\ti-cgt-arm_20.2.7.LTS\lib\</path>
         <kind>archive</kind>
         <file>rtsv7M4_T_le_v4SPD16_eabi.lib</file>
         <name>exit.c.obj</name>
      </input_file>
      <input_file id="fl-d6">
         <path>C:\ti\ccs1281\ccs\tools\compiler\ti-cgt-arm_20.2.7.LTS\lib\</path>
         <kind>archive</kind>
         <file>rtsv7M4_T_le_v4SPD16_eabi.lib</file>
         <name>_lock.c.obj</name>
      </input_file>
      <input_file id="fl-d7">
         <path>C:\ti\ccs1281\ccs\tools\compiler\ti-cgt-arm_20.2.7.LTS\lib\</path>
         <kind>archive</kind>
         <file>rtsv7M4_T_le_v4SPD16_eabi.lib</file>
         <name>args_main.c.obj</name>
      </input_file>
   </input_file_list>
   <object_component_list>
      <object_component id="oc-12">
         <name>.intvecs</name>
         <load_address>0x0</load_address>
         <run_address>0x0</run_address>
         <size>0x208</size>
         <input_file_ref idref="fl-6"/>
      </object_component>
      <object_component id="oc-153">
         <name>.text</name>
         <load_address>0x94b98</load_address>
         <run_address>0x94b98</run_address>
         <size>0x11d8</size>
         <input_file_ref idref="fl-3"/>
      </object_component>
      <object_component id="oc-9b">
         <name>.text</name>
         <load_address>0x95d70</load_address>
         <run_address>0x95d70</run_address>
         <size>0x854</size>
         <input_file_ref idref="fl-2"/>
      </object_component>
      <object_component id="oc-15a">
         <name>.text</name>
         <load_address>0x965c4</load_address>
         <run_address>0x965c4</run_address>
         <size>0x584</size>
         <input_file_ref idref="fl-4"/>
      </object_component>
      <object_component id="oc-e1">
         <name>.text</name>
         <load_address>0x96b48</load_address>
         <run_address>0x96b48</run_address>
         <size>0x4a8</size>
         <input_file_ref idref="fl-7"/>
      </object_component>
      <object_component id="oc-c9">
         <name>.text:SysCtlClockFreqSet</name>
         <load_address>0x96ff0</load_address>
         <run_address>0x96ff0</run_address>
         <size>0x200</size>
         <input_file_ref idref="fl-11"/>
      </object_component>
      <object_component id="oc-117">
         <name>.text:GPIOPadConfigSet</name>
         <load_address>0x971f0</load_address>
         <run_address>0x971f0</run_address>
         <size>0x16c</size>
         <input_file_ref idref="fl-d"/>
      </object_component>
      <object_component id="oc-3b">
         <name>.text</name>
         <load_address>0x9735c</load_address>
         <run_address>0x9735c</run_address>
         <size>0x9c</size>
         <input_file_ref idref="fl-ca"/>
      </object_component>
      <object_component id="oc-135">
         <name>.text:IntEnable</name>
         <load_address>0x973f8</load_address>
         <run_address>0x973f8</run_address>
         <size>0x68</size>
         <input_file_ref idref="fl-e"/>
      </object_component>
      <object_component id="oc-15">
         <name>.text:decompress:lzss:__TI_decompress_lzss</name>
         <load_address>0x97460</load_address>
         <run_address>0x97460</run_address>
         <size>0x68</size>
         <input_file_ref idref="fl-ce"/>
      </object_component>
      <object_component id="oc-123">
         <name>.text:TimerConfigure</name>
         <load_address>0x974c8</load_address>
         <run_address>0x974c8</run_address>
         <size>0x60</size>
         <input_file_ref idref="fl-12"/>
      </object_component>
      <object_component id="oc-d5">
         <name>.text:GPIOPinConfigure</name>
         <load_address>0x97528</load_address>
         <run_address>0x97528</run_address>
         <size>0x4c</size>
         <input_file_ref idref="fl-d"/>
      </object_component>
      <object_component id="oc-279">
         <name>.text:_TimerIntNumberGet</name>
         <load_address>0x97574</load_address>
         <run_address>0x97574</run_address>
         <size>0x4c</size>
         <input_file_ref idref="fl-12"/>
      </object_component>
      <object_component id="oc-212">
         <name>.text:_SysCtlFrequencyGet</name>
         <load_address>0x975c0</load_address>
         <run_address>0x975c0</run_address>
         <size>0x48</size>
         <input_file_ref idref="fl-11"/>
      </object_component>
      <object_component id="oc-23b">
         <name>.text:UARTConfigSetExpClk</name>
         <load_address>0x97608</load_address>
         <run_address>0x97608</run_address>
         <size>0x46</size>
         <input_file_ref idref="fl-13"/>
      </object_component>
      <object_component id="oc-3b5">
         <name>.text</name>
         <load_address>0x9764e</load_address>
         <run_address>0x9764e</run_address>
         <size>0x2</size>
         <input_file_ref idref="fl-d0"/>
      </object_component>
      <object_component id="oc-1c9">
         <name>.text:__TI_auto_init_nobinit_nopinit:__TI_auto_init_nobinit_nopinit</name>
         <load_address>0x97650</load_address>
         <run_address>0x97650</run_address>
         <size>0x44</size>
         <input_file_ref idref="fl-d2"/>
      </object_component>
      <object_component id="oc-25c">
         <name>.text</name>
         <load_address>0x97694</load_address>
         <run_address>0x97694</run_address>
         <size>0x40</size>
         <input_file_ref idref="fl-cb"/>
      </object_component>
      <object_component id="oc-2a1">
         <name>.text:SSIConfigSetExpClk</name>
         <load_address>0x976d4</load_address>
         <run_address>0x976d4</run_address>
         <size>0x3c</size>
         <input_file_ref idref="fl-10"/>
      </object_component>
      <object_component id="oc-235">
         <name>.text:SysCtlPeripheralPresent</name>
         <load_address>0x97710</load_address>
         <run_address>0x97710</run_address>
         <size>0x38</size>
         <input_file_ref idref="fl-11"/>
      </object_component>
      <object_component id="oc-27f">
         <name>.text:IntRegister</name>
         <load_address>0x97748</load_address>
         <run_address>0x97748</run_address>
         <size>0x34</size>
         <input_file_ref idref="fl-e"/>
      </object_component>
      <object_component id="oc-cf">
         <name>.text:SysCtlPeripheralEnable</name>
         <load_address>0x9777c</load_address>
         <run_address>0x9777c</run_address>
         <size>0x34</size>
         <input_file_ref idref="fl-11"/>
      </object_component>
      <object_component id="oc-14d">
         <name>.text:SysCtlPeripheralSleepEnable</name>
         <load_address>0x977b0</load_address>
         <run_address>0x977b0</run_address>
         <size>0x34</size>
         <input_file_ref idref="fl-11"/>
      </object_component>
      <object_component id="oc-59">
         <name>.text:_c_int00_noargs:_c_int00_noargs</name>
         <load_address>0x977e4</load_address>
         <run_address>0x977e4</run_address>
         <size>0x34</size>
         <input_file_ref idref="fl-cf"/>
      </object_component>
      <object_component id="oc-22e">
         <name>.text:GPIODirModeSet</name>
         <load_address>0x97818</load_address>
         <run_address>0x97818</run_address>
         <size>0x2c</size>
         <input_file_ref idref="fl-d"/>
      </object_component>
      <object_component id="oc-f3">
         <name>.text:PWMGenConfigure</name>
         <load_address>0x97844</load_address>
         <run_address>0x97844</run_address>
         <size>0x22</size>
         <input_file_ref idref="fl-f"/>
      </object_component>
      <object_component id="oc-3a4">
         <name>.text:UARTDisable</name>
         <load_address>0x97868</load_address>
         <run_address>0x97868</run_address>
         <size>0x20</size>
         <input_file_ref idref="fl-13"/>
      </object_component>
      <object_component id="oc-20c">
         <name>.text:_SysCtlMemTimingGet</name>
         <load_address>0x97888</load_address>
         <run_address>0x97888</run_address>
         <size>0x20</size>
         <input_file_ref idref="fl-11"/>
      </object_component>
      <object_component id="oc-ff">
         <name>.text:PWMPulseWidthSet</name>
         <load_address>0x978a8</load_address>
         <run_address>0x978a8</run_address>
         <size>0x1e</size>
         <input_file_ref idref="fl-f"/>
      </object_component>
      <object_component id="oc-47">
         <name>.text:decompress:ZI:__TI_zero_init_nomemset:__TI_zero_init_nomemset</name>
         <load_address>0x978c6</load_address>
         <run_address>0x978c6</run_address>
         <size>0x1c</size>
         <input_file_ref idref="fl-cc"/>
      </object_component>
      <object_component id="oc-295">
         <name>.text:GPIOPinTypeGPIOOutput</name>
         <load_address>0x978e2</load_address>
         <run_address>0x978e2</run_address>
         <size>0x1a</size>
         <input_file_ref idref="fl-d"/>
      </object_component>
      <object_component id="oc-12f">
         <name>.text:TimerIntRegister</name>
         <load_address>0x978fc</load_address>
         <run_address>0x978fc</run_address>
         <size>0x18</size>
         <input_file_ref idref="fl-12"/>
      </object_component>
      <object_component id="oc-111">
         <name>.text:GPIOPinTypeGPIOInput</name>
         <load_address>0x97914</load_address>
         <run_address>0x97914</run_address>
         <size>0x16</size>
         <input_file_ref idref="fl-d"/>
      </object_component>
      <object_component id="oc-ed">
         <name>.text:GPIOPinTypePWM</name>
         <load_address>0x9792a</load_address>
         <run_address>0x9792a</run_address>
         <size>0x16</size>
         <input_file_ref idref="fl-d"/>
      </object_component>
      <object_component id="oc-29b">
         <name>.text:GPIOPinTypeSSI</name>
         <load_address>0x97940</load_address>
         <run_address>0x97940</run_address>
         <size>0x16</size>
         <input_file_ref idref="fl-d"/>
      </object_component>
      <object_component id="oc-db">
         <name>.text:GPIOPinTypeUART</name>
         <load_address>0x97956</load_address>
         <run_address>0x97956</run_address>
         <size>0x16</size>
         <input_file_ref idref="fl-d"/>
      </object_component>
      <object_component id="oc-e7">
         <name>.text:PWMClockSet</name>
         <load_address>0x9796c</load_address>
         <run_address>0x9796c</run_address>
         <size>0x14</size>
         <input_file_ref idref="fl-f"/>
      </object_component>
      <object_component id="oc-241">
         <name>.text:UARTEnable</name>
         <load_address>0x97980</load_address>
         <run_address>0x97980</run_address>
         <size>0x14</size>
         <input_file_ref idref="fl-13"/>
      </object_component>
      <object_component id="oc-10b">
         <name>.text:PWMOutputState</name>
         <load_address>0x97994</load_address>
         <run_address>0x97994</run_address>
         <size>0x12</size>
         <input_file_ref idref="fl-f"/>
      </object_component>
      <object_component id="oc-129">
         <name>.text:TimerLoadSet</name>
         <load_address>0x979a6</load_address>
         <run_address>0x979a6</run_address>
         <size>0x12</size>
         <input_file_ref idref="fl-12"/>
      </object_component>
      <object_component id="oc-141">
         <name>.text:IntMasterEnable</name>
         <load_address>0x979b8</load_address>
         <run_address>0x979b8</run_address>
         <size>0x10</size>
         <input_file_ref idref="fl-e"/>
      </object_component>
      <object_component id="oc-f9">
         <name>.text:PWMGenPeriodSet</name>
         <load_address>0x979c8</load_address>
         <run_address>0x979c8</run_address>
         <size>0x10</size>
         <input_file_ref idref="fl-f"/>
      </object_component>
      <object_component id="oc-147">
         <name>.text:TimerEnable</name>
         <load_address>0x979d8</load_address>
         <run_address>0x979d8</run_address>
         <size>0xe</size>
         <input_file_ref idref="fl-12"/>
      </object_component>
      <object_component id="oc-1b">
         <name>.text:decompress:none:__TI_decompress_none</name>
         <load_address>0x979e6</load_address>
         <run_address>0x979e6</run_address>
         <size>0xe</size>
         <input_file_ref idref="fl-cd"/>
      </object_component>
      <object_component id="oc-28c">
         <name>.text:CPUcpsie</name>
         <load_address>0x979f4</load_address>
         <run_address>0x979f4</run_address>
         <size>0xc</size>
         <input_file_ref idref="fl-14"/>
      </object_component>
      <object_component id="oc-105">
         <name>.text:PWMGenEnable</name>
         <load_address>0x97a00</load_address>
         <run_address>0x97a00</run_address>
         <size>0xc</size>
         <input_file_ref idref="fl-f"/>
      </object_component>
      <object_component id="oc-2b9">
         <name>.text:SSIDataGet</name>
         <load_address>0x97a0c</load_address>
         <run_address>0x97a0c</run_address>
         <size>0xc</size>
         <input_file_ref idref="fl-10"/>
      </object_component>
      <object_component id="oc-27">
         <name>.text</name>
         <load_address>0x97a18</load_address>
         <run_address>0x97a18</run_address>
         <size>0xc</size>
         <input_file_ref idref="fl-6"/>
      </object_component>
      <object_component id="oc-2ad">
         <name>.text:SSIDataPut</name>
         <load_address>0x97a24</load_address>
         <run_address>0x97a24</run_address>
         <size>0xa</size>
         <input_file_ref idref="fl-10"/>
      </object_component>
      <object_component id="oc-2a7">
         <name>.text:SSIEnable</name>
         <load_address>0x97a2e</load_address>
         <run_address>0x97a2e</run_address>
         <size>0xa</size>
         <input_file_ref idref="fl-10"/>
      </object_component>
      <object_component id="oc-2cf">
         <name>.text:TimerIntStatus</name>
         <load_address>0x97a38</load_address>
         <run_address>0x97a38</run_address>
         <size>0xa</size>
         <input_file_ref idref="fl-12"/>
      </object_component>
      <object_component id="oc-24d">
         <name>.text:UARTCharGet</name>
         <load_address>0x97a42</load_address>
         <run_address>0x97a42</run_address>
         <size>0xa</size>
         <input_file_ref idref="fl-13"/>
      </object_component>
      <object_component id="oc-247">
         <name>.text:UARTCharPut</name>
         <load_address>0x97a4c</load_address>
         <run_address>0x97a4c</run_address>
         <size>0xa</size>
         <input_file_ref idref="fl-13"/>
      </object_component>
      <object_component id="oc-2b3">
         <name>.text:SSIBusy</name>
         <load_address>0x97a56</load_address>
         <run_address>0x97a56</run_address>
         <size>0x8</size>
         <input_file_ref idref="fl-10"/>
      </object_component>
      <object_component id="oc-13b">
         <name>.text:TimerIntEnable</name>
         <load_address>0x97a5e</load_address>
         <run_address>0x97a5e</run_address>
         <size>0x8</size>
         <input_file_ref idref="fl-12"/>
      </object_component>
      <object_component id="oc-160">
         <name>.text:GPIOPinRead</name>
         <load_address>0x97a66</load_address>
         <run_address>0x97a66</run_address>
         <size>0x6</size>
         <input_file_ref idref="fl-d"/>
      </object_component>
      <object_component id="oc-2bf">
         <name>.text:GPIOPinWrite</name>
         <load_address>0x97a6c</load_address>
         <run_address>0x97a6c</run_address>
         <size>0x6</size>
         <input_file_ref idref="fl-d"/>
      </object_component>
      <object_component id="oc-159">
         <name>.text:SysCtlDelay</name>
         <load_address>0x97a72</load_address>
         <run_address>0x97a72</run_address>
         <size>0x6</size>
         <input_file_ref idref="fl-11"/>
      </object_component>
      <object_component id="oc-11d">
         <name>.text:TimerClockSourceSet</name>
         <load_address>0x97a78</load_address>
         <run_address>0x97a78</run_address>
         <size>0x6</size>
         <input_file_ref idref="fl-12"/>
      </object_component>
      <object_component id="oc-19b">
         <name>.text:TimerIntClear</name>
         <load_address>0x97a7e</load_address>
         <run_address>0x97a7e</run_address>
         <size>0x4</size>
         <input_file_ref idref="fl-12"/>
      </object_component>
      <object_component id="oc-95">
         <name>.text:_system_pre_init</name>
         <load_address>0x97a82</load_address>
         <run_address>0x97a82</run_address>
         <size>0x4</size>
         <input_file_ref idref="fl-d3"/>
      </object_component>
      <object_component id="oc-1bd">
         <name>.text:abort:abort</name>
         <load_address>0x97a86</load_address>
         <run_address>0x97a86</run_address>
         <size>0x4</size>
         <input_file_ref idref="fl-d5"/>
      </object_component>
      <object_component id="oc-17a">
         <name>.const:.string:encender_data_Ana</name>
         <load_address>0x208</load_address>
         <run_address>0x208</run_address>
         <size>0xf078</size>
         <input_file_ref idref="fl-2"/>
      </object_component>
      <object_component id="oc-1b0">
         <name>.const:.string:bajar_data_Ana</name>
         <load_address>0xf280</load_address>
         <run_address>0xf280</run_address>
         <size>0xe970</size>
         <input_file_ref idref="fl-2"/>
      </object_component>
      <object_component id="oc-1aa">
         <name>.const:.string:subir_data_Ana</name>
         <load_address>0x1dbf0</load_address>
         <run_address>0x1dbf0</run_address>
         <size>0xdc58</size>
         <input_file_ref idref="fl-2"/>
      </object_component>
      <object_component id="oc-18c">
         <name>.const:.string:antena3_data_Ana</name>
         <load_address>0x2b848</load_address>
         <run_address>0x2b848</run_address>
         <size>0xc4b8</size>
         <input_file_ref idref="fl-2"/>
      </object_component>
      <object_component id="oc-1a4">
         <name>.const:.string:lasexta_data_Ana</name>
         <load_address>0x37d00</load_address>
         <run_address>0x37d00</run_address>
         <size>0xba10</size>
         <input_file_ref idref="fl-2"/>
      </object_component>
      <object_component id="oc-177">
         <name>.const:.string:haspulsado_data_Ana</name>
         <load_address>0x43710</load_address>
         <run_address>0x43710</run_address>
         <size>0xba00</size>
         <input_file_ref idref="fl-2"/>
      </object_component>
      <object_component id="oc-1b6">
         <name>.const:.string:silenciar_data_Ana</name>
         <load_address>0x4f110</load_address>
         <run_address>0x4f110</run_address>
         <size>0xa7e8</size>
         <input_file_ref idref="fl-2"/>
      </object_component>
      <object_component id="oc-198">
         <name>.const:.string:telecinco_data_Ana</name>
         <load_address>0x598f8</load_address>
         <run_address>0x598f8</run_address>
         <size>0x97d0</size>
         <input_file_ref idref="fl-2"/>
      </object_component>
      <object_component id="oc-180">
         <name>.const:.string:la1_data_Ana</name>
         <load_address>0x630c8</load_address>
         <run_address>0x630c8</run_address>
         <size>0x7220</size>
         <input_file_ref idref="fl-2"/>
      </object_component>
      <object_component id="oc-186">
         <name>.const:.string:la2_data_Ana</name>
         <load_address>0x6a2e8</load_address>
         <run_address>0x6a2e8</run_address>
         <size>0x7168</size>
         <input_file_ref idref="fl-2"/>
      </object_component>
      <object_component id="oc-192">
         <name>.const:.string:cuatro_data_Ana</name>
         <load_address>0x71450</load_address>
         <run_address>0x71450</run_address>
         <size>0x55c8</size>
         <input_file_ref idref="fl-2"/>
      </object_component>
      <object_component id="oc-2db">
         <name>.const:.string:antena3_rgb565_data</name>
         <load_address>0x76a18</load_address>
         <run_address>0x76a18</run_address>
         <size>0x3f48</size>
         <input_file_ref idref="fl-4"/>
      </object_component>
      <object_component id="oc-2de">
         <name>.const:.string:cuatro_rgb565_data</name>
         <load_address>0x7a960</load_address>
         <run_address>0x7a960</run_address>
         <size>0x3f48</size>
         <input_file_ref idref="fl-4"/>
      </object_component>
      <object_component id="oc-2d8">
         <name>.const:.string:la2_rgb565_data</name>
         <load_address>0x7e8a8</load_address>
         <run_address>0x7e8a8</run_address>
         <size>0x3f48</size>
         <input_file_ref idref="fl-4"/>
      </object_component>
      <object_component id="oc-2e4">
         <name>.const:.string:lasexta_rgb565_data</name>
         <load_address>0x827f0</load_address>
         <run_address>0x827f0</run_address>
         <size>0x3f48</size>
         <input_file_ref idref="fl-4"/>
      </object_component>
      <object_component id="oc-2e1">
         <name>.const:.string:telecinco_rgb565_data</name>
         <load_address>0x86738</load_address>
         <run_address>0x86738</run_address>
         <size>0x3f48</size>
         <input_file_ref idref="fl-4"/>
      </object_component>
      <object_component id="oc-2d5">
         <name>.const:.string:tve_rgb565_data</name>
         <load_address>0x8a680</load_address>
         <run_address>0x8a680</run_address>
         <size>0x3f48</size>
         <input_file_ref idref="fl-4"/>
      </object_component>
      <object_component id="oc-2ed">
         <name>.const:.string:bajar_rgb565_data</name>
         <load_address>0x8e5c8</load_address>
         <run_address>0x8e5c8</run_address>
         <size>0x16c8</size>
         <input_file_ref idref="fl-4"/>
      </object_component>
      <object_component id="oc-2e7">
         <name>.const:.string:encender_rgb565_data</name>
         <load_address>0x8fc90</load_address>
         <run_address>0x8fc90</run_address>
         <size>0x16c8</size>
         <input_file_ref idref="fl-4"/>
      </object_component>
      <object_component id="oc-2f0">
         <name>.const:.string:quitar_rgb565_data</name>
         <load_address>0x91358</load_address>
         <run_address>0x91358</run_address>
         <size>0x16c8</size>
         <input_file_ref idref="fl-4"/>
      </object_component>
      <object_component id="oc-2ea">
         <name>.const:.string:subir_rgb565_data</name>
         <load_address>0x92a20</load_address>
         <run_address>0x92a20</run_address>
         <size>0x16c8</size>
         <input_file_ref idref="fl-4"/>
      </object_component>
      <object_component id="oc-21b">
         <name>.const:g_pppui32XTALtoVCO</name>
         <load_address>0x940e8</load_address>
         <run_address>0x940e8</run_address>
         <size>0x1b0</size>
         <input_file_ref idref="fl-11"/>
      </object_component>
      <object_component id="oc-30f">
         <name>.const:ir_signal_power</name>
         <load_address>0x94298</load_address>
         <run_address>0x94298</run_address>
         <size>0xb6</size>
         <input_file_ref idref="fl-5"/>
      </object_component>
      <object_component id="oc-229">
         <name>.const:g_pui32GPIOBaseAddrs</name>
         <load_address>0x94350</load_address>
         <run_address>0x94350</run_address>
         <size>0x90</size>
         <input_file_ref idref="fl-d"/>
      </object_component>
      <object_component id="oc-32a">
         <name>.const:ir_signal_antena3</name>
         <load_address>0x943e0</load_address>
         <run_address>0x943e0</run_address>
         <size>0x8a</size>
         <input_file_ref idref="fl-5"/>
      </object_component>
      <object_component id="oc-31c">
         <name>.const:ir_signal_la1</name>
         <load_address>0x9446a</load_address>
         <run_address>0x9446a</run_address>
         <size>0x8a</size>
         <input_file_ref idref="fl-5"/>
      </object_component>
      <object_component id="oc-323">
         <name>.const:ir_signal_la2</name>
         <load_address>0x944f4</load_address>
         <run_address>0x944f4</run_address>
         <size>0x8a</size>
         <input_file_ref idref="fl-5"/>
      </object_component>
      <object_component id="oc-331">
         <name>.const:ir_signal_la4</name>
         <load_address>0x9457e</load_address>
         <run_address>0x9457e</run_address>
         <size>0x8a</size>
         <input_file_ref idref="fl-5"/>
      </object_component>
      <object_component id="oc-340">
         <name>.const:ir_signal_lasexta</name>
         <load_address>0x94608</load_address>
         <run_address>0x94608</run_address>
         <size>0x8a</size>
         <input_file_ref idref="fl-5"/>
      </object_component>
      <object_component id="oc-355">
         <name>.const:ir_signal_mute</name>
         <load_address>0x94692</load_address>
         <run_address>0x94692</run_address>
         <size>0x8a</size>
         <input_file_ref idref="fl-5"/>
      </object_component>
      <object_component id="oc-338">
         <name>.const:ir_signal_telecinco</name>
         <load_address>0x9471c</load_address>
         <run_address>0x9471c</run_address>
         <size>0x8a</size>
         <input_file_ref idref="fl-5"/>
      </object_component>
      <object_component id="oc-34e">
         <name>.const:ir_signal_voldown</name>
         <load_address>0x947a6</load_address>
         <run_address>0x947a6</run_address>
         <size>0x8a</size>
         <input_file_ref idref="fl-5"/>
      </object_component>
      <object_component id="oc-347">
         <name>.const:ir_signal_volup</name>
         <load_address>0x94830</load_address>
         <run_address>0x94830</run_address>
         <size>0x8a</size>
         <input_file_ref idref="fl-5"/>
      </object_component>
      <object_component id="oc-218">
         <name>.const:g_pui32Xtals</name>
         <load_address>0x948bc</load_address>
         <run_address>0x948bc</run_address>
         <size>0x6c</size>
         <input_file_ref idref="fl-11"/>
      </object_component>
      <object_component id="oc-312">
         <name>.const:.string</name>
         <load_address>0x94928</load_address>
         <run_address>0x94928</run_address>
         <size>0x65</size>
         <input_file_ref idref="fl-5"/>
      </object_component>
      <object_component id="oc-167">
         <name>.const:.string:$P$T0$1</name>
         <load_address>0x9498d</load_address>
         <run_address>0x9498d</run_address>
         <size>0x3</size>
         <input_file_ref idref="fl-2"/>
      </object_component>
      <object_component id="oc-3c4">
         <name>.const:g_ppui32TimerIntMap</name>
         <load_address>0x94990</load_address>
         <run_address>0x94990</run_address>
         <size>0x60</size>
         <input_file_ref idref="fl-12"/>
      </object_component>
      <object_component id="oc-3c7">
         <name>.const:g_ppui32TimerIntMapSnowflake</name>
         <load_address>0x949f0</load_address>
         <run_address>0x949f0</run_address>
         <size>0x40</size>
         <input_file_ref idref="fl-12"/>
      </object_component>
      <object_component id="oc-37e">
         <name>.const:g_sXTALtoMEMTIM</name>
         <load_address>0x94a30</load_address>
         <run_address>0x94a30</run_address>
         <size>0x30</size>
         <input_file_ref idref="fl-11"/>
      </object_component>
      <object_component id="oc-16a">
         <name>.const:REG_CAL</name>
         <load_address>0x94a60</load_address>
         <run_address>0x94a60</run_address>
         <size>0x18</size>
         <input_file_ref idref="fl-2"/>
      </object_component>
      <object_component id="oc-2fc">
         <name>.const:$P$T3$4</name>
         <load_address>0x94a78</load_address>
         <run_address>0x94a78</run_address>
         <size>0x14</size>
         <input_file_ref idref="fl-4"/>
      </object_component>
      <object_component id="oc-2ff">
         <name>.const:$P$T4$5</name>
         <load_address>0x94a8c</load_address>
         <run_address>0x94a8c</run_address>
         <size>0x14</size>
         <input_file_ref idref="fl-4"/>
      </object_component>
      <object_component id="oc-286">
         <name>.const:g_pui32EnRegs</name>
         <load_address>0x94aa0</load_address>
         <run_address>0x94aa0</run_address>
         <size>0x14</size>
         <input_file_ref idref="fl-e"/>
      </object_component>
      <object_component id="oc-3bb">
         <name>.const:.string</name>
         <load_address>0x94ab4</load_address>
         <run_address>0x94ab4</run_address>
         <size>0x12</size>
         <input_file_ref idref="fl-7"/>
      </object_component>
      <object_component id="oc-189">
         <name>.const:SIGNAL_MANDO_ANTENA3</name>
         <load_address>0x94ac8</load_address>
         <run_address>0x94ac8</run_address>
         <size>0x10</size>
         <input_file_ref idref="fl-5"/>
      </object_component>
      <object_component id="oc-17d">
         <name>.const:SIGNAL_MANDO_LA1</name>
         <load_address>0x94ad8</load_address>
         <run_address>0x94ad8</run_address>
         <size>0x10</size>
         <input_file_ref idref="fl-5"/>
      </object_component>
      <object_component id="oc-183">
         <name>.const:SIGNAL_MANDO_LA2</name>
         <load_address>0x94ae8</load_address>
         <run_address>0x94ae8</run_address>
         <size>0x10</size>
         <input_file_ref idref="fl-5"/>
      </object_component>
      <object_component id="oc-18f">
         <name>.const:SIGNAL_MANDO_LA4</name>
         <load_address>0x94af8</load_address>
         <run_address>0x94af8</run_address>
         <size>0x10</size>
         <input_file_ref idref="fl-5"/>
      </object_component>
      <object_component id="oc-1a1">
         <name>.const:SIGNAL_MANDO_LASEXTA</name>
         <load_address>0x94b08</load_address>
         <run_address>0x94b08</run_address>
         <size>0x10</size>
         <input_file_ref idref="fl-5"/>
      </object_component>
      <object_component id="oc-1b3">
         <name>.const:SIGNAL_MANDO_MUTE</name>
         <load_address>0x94b18</load_address>
         <run_address>0x94b18</run_address>
         <size>0x10</size>
         <input_file_ref idref="fl-5"/>
      </object_component>
      <object_component id="oc-171">
         <name>.const:SIGNAL_MANDO_POWER</name>
         <load_address>0x94b28</load_address>
         <run_address>0x94b28</run_address>
         <size>0x10</size>
         <input_file_ref idref="fl-5"/>
      </object_component>
      <object_component id="oc-195">
         <name>.const:SIGNAL_MANDO_TELECINCO</name>
         <load_address>0x94b38</load_address>
         <run_address>0x94b38</run_address>
         <size>0x10</size>
         <input_file_ref idref="fl-5"/>
      </object_component>
      <object_component id="oc-1ad">
         <name>.const:SIGNAL_MANDO_VOLDOWN</name>
         <load_address>0x94b48</load_address>
         <run_address>0x94b48</run_address>
         <size>0x10</size>
         <input_file_ref idref="fl-5"/>
      </object_component>
      <object_component id="oc-1a7">
         <name>.const:SIGNAL_MANDO_VOLUP</name>
         <load_address>0x94b58</load_address>
         <run_address>0x94b58</run_address>
         <size>0x10</size>
         <input_file_ref idref="fl-5"/>
      </object_component>
      <object_component id="oc-259">
         <name>.const:g_ui32UARTBase</name>
         <load_address>0x94b68</load_address>
         <run_address>0x94b68</run_address>
         <size>0xc</size>
         <input_file_ref idref="fl-7"/>
      </object_component>
      <object_component id="oc-253">
         <name>.const:g_ui32UARTPeriph</name>
         <load_address>0x94b74</load_address>
         <run_address>0x94b74</run_address>
         <size>0xc</size>
         <input_file_ref idref="fl-7"/>
      </object_component>
      <object_component id="oc-21e">
         <name>.const:g_pui32VCOFrequencies</name>
         <load_address>0x94b80</load_address>
         <run_address>0x94b80</run_address>
         <size>0x8</size>
         <input_file_ref idref="fl-11"/>
      </object_component>
      <object_component id="oc-2f3">
         <name>.const:$P$T0$1</name>
         <load_address>0x94b88</load_address>
         <run_address>0x94b88</run_address>
         <size>0x4</size>
         <input_file_ref idref="fl-4"/>
      </object_component>
      <object_component id="oc-2f6">
         <name>.const:$P$T1$2</name>
         <load_address>0x94b8c</load_address>
         <run_address>0x94b8c</run_address>
         <size>0x4</size>
         <input_file_ref idref="fl-4"/>
      </object_component>
      <object_component id="oc-2f9">
         <name>.const:$P$T2$3</name>
         <load_address>0x94b90</load_address>
         <run_address>0x94b90</run_address>
         <size>0x4</size>
         <input_file_ref idref="fl-4"/>
      </object_component>
      <object_component id="oc-261">
         <name>.const</name>
         <load_address>0x94b94</load_address>
         <run_address>0x94b94</run_address>
         <size>0x4</size>
         <input_file_ref idref="fl-7"/>
      </object_component>
      <object_component id="oc-488">
         <name>.cinit..data.load</name>
         <load_address>0x97a90</load_address>
         <run_address>0x97a90</run_address>
         <size>0xc</size>
      </object_component>
      <object_component id="oc-485">
         <name>__TI_handler_table</name>
         <load_address>0x97a9c</load_address>
         <run_address>0x97a9c</run_address>
         <size>0xc</size>
      </object_component>
      <object_component id="oc-489">
         <name>.cinit..bss.load</name>
         <load_address>0x97aa8</load_address>
         <run_address>0x97aa8</run_address>
         <size>0x8</size>
      </object_component>
      <object_component id="oc-487">
         <name>.cinit..vtable.load</name>
         <load_address>0x97ab0</load_address>
         <run_address>0x97ab0</run_address>
         <size>0x8</size>
      </object_component>
      <object_component id="oc-486">
         <name>__TI_cinit_table</name>
         <load_address>0x97ab8</load_address>
         <run_address>0x97ab8</run_address>
         <size>0x18</size>
      </object_component>
      <object_component id="oc-3cb">
         <name>.vtable</name>
         <uninitialized>true</uninitialized>
         <run_address>0x20000000</run_address>
         <size>0x26c</size>
         <input_file_ref idref="fl-e"/>
      </object_component>
      <object_component id="oc-1b9">
         <name>.data</name>
         <load_address>0x200022b8</load_address>
         <run_address>0x200022b8</run_address>
         <size>0x4</size>
         <input_file_ref idref="fl-2"/>
      </object_component>
      <object_component id="oc-2ca">
         <name>.data</name>
         <load_address>0x20002298</load_address>
         <run_address>0x20002298</run_address>
         <size>0x18</size>
         <input_file_ref idref="fl-3"/>
      </object_component>
      <object_component id="oc-256">
         <name>.data</name>
         <load_address>0x200022b0</load_address>
         <run_address>0x200022b0</run_address>
         <size>0x5</size>
         <input_file_ref idref="fl-7"/>
      </object_component>
      <object_component id="oc-166">
         <name>.common:RELOJ</name>
         <uninitialized>true</uninitialized>
         <run_address>0x2000228c</run_address>
         <size>0x4</size>
      </object_component>
      <object_component id="oc-16d">
         <name>.common:POSX</name>
         <uninitialized>true</uninitialized>
         <run_address>0x20002284</run_address>
         <size>0x4</size>
      </object_component>
      <object_component id="oc-170">
         <name>.common:POSY</name>
         <uninitialized>true</uninitialized>
         <run_address>0x20002288</run_address>
         <size>0x4</size>
      </object_component>
      <object_component id="oc-2cd">
         <name>.common:BufferXY</name>
         <uninitialized>true</uninitialized>
         <run_address>0x20002270</run_address>
         <size>0x4</size>
      </object_component>
      <object_component id="oc-2c9">
         <name>.common:SSI_BASE</name>
         <uninitialized>true</uninitialized>
         <run_address>0x20002290</run_address>
         <size>0x4</size>
      </object_component>
      <object_component id="oc-2c5">
         <name>.common:CS_PORT</name>
         <uninitialized>true</uninitialized>
         <run_address>0x20002278</run_address>
         <size>0x4</size>
      </object_component>
      <object_component id="oc-2c6">
         <name>.common:CS_PIN</name>
         <uninitialized>true</uninitialized>
         <run_address>0x20002274</run_address>
         <size>0x4</size>
      </object_component>
      <object_component id="oc-2c7">
         <name>.common:PD_PORT</name>
         <uninitialized>true</uninitialized>
         <run_address>0x20002280</run_address>
         <size>0x4</size>
      </object_component>
      <object_component id="oc-2c8">
         <name>.common:PD_PIN</name>
         <uninitialized>true</uninitialized>
         <run_address>0x2000227c</run_address>
         <size>0x4</size>
      </object_component>
      <object_component id="oc-174">
         <name>.common:last_addr</name>
         <uninitialized>true</uninitialized>
         <run_address>0x20002294</run_address>
         <size>0x4</size>
      </object_component>
      <object_component id="oc-24">
         <name>.stack</name>
         <uninitialized>true</uninitialized>
         <run_address>0x20000270</run_address>
         <size>0x4</size>
         <input_file_ref idref="fl-cf"/>
      </object_component>
      <object_component id="oc-48b">
         <name>.stack</name>
         <uninitialized>true</uninitialized>
         <run_address>0x20000270</run_address>
         <size>0x0</size>
      </object_component>
      <object_component id="oc-b7">
         <name>.debug_info</name>
         <load_address>0x0</load_address>
         <run_address>0x0</run_address>
         <size>0xd59</size>
         <input_file_ref idref="fl-2"/>
      </object_component>
      <object_component id="oc-178">
         <name>.debug_info</name>
         <load_address>0xd59</load_address>
         <run_address>0xd59</run_address>
         <size>0xf9</size>
         <input_file_ref idref="fl-2"/>
      </object_component>
      <object_component id="oc-17b">
         <name>.debug_info</name>
         <load_address>0xe52</load_address>
         <run_address>0xe52</run_address>
         <size>0xf6</size>
         <input_file_ref idref="fl-2"/>
      </object_component>
      <object_component id="oc-181">
         <name>.debug_info</name>
         <load_address>0xf48</load_address>
         <run_address>0xf48</run_address>
         <size>0xec</size>
         <input_file_ref idref="fl-2"/>
      </object_component>
      <object_component id="oc-187">
         <name>.debug_info</name>
         <load_address>0x1034</load_address>
         <run_address>0x1034</run_address>
         <size>0xec</size>
         <input_file_ref idref="fl-2"/>
      </object_component>
      <object_component id="oc-18d">
         <name>.debug_info</name>
         <load_address>0x1120</load_address>
         <run_address>0x1120</run_address>
         <size>0xf4</size>
         <input_file_ref idref="fl-2"/>
      </object_component>
      <object_component id="oc-193">
         <name>.debug_info</name>
         <load_address>0x1214</load_address>
         <run_address>0x1214</run_address>
         <size>0xf2</size>
         <input_file_ref idref="fl-2"/>
      </object_component>
      <object_component id="oc-199">
         <name>.debug_info</name>
         <load_address>0x1306</load_address>
         <run_address>0x1306</run_address>
         <size>0xf8</size>
         <input_file_ref idref="fl-2"/>
      </object_component>
      <object_component id="oc-1a5">
         <name>.debug_info</name>
         <load_address>0x13fe</load_address>
         <run_address>0x13fe</run_address>
         <size>0xf4</size>
         <input_file_ref idref="fl-2"/>
      </object_component>
      <object_component id="oc-1ab">
         <name>.debug_info</name>
         <load_address>0x14f2</load_address>
         <run_address>0x14f2</run_address>
         <size>0xf0</size>
         <input_file_ref idref="fl-2"/>
      </object_component>
      <object_component id="oc-1b1">
         <name>.debug_info</name>
         <load_address>0x15e2</load_address>
         <run_address>0x15e2</run_address>
         <size>0xf0</size>
         <input_file_ref idref="fl-2"/>
      </object_component>
      <object_component id="oc-1b7">
         <name>.debug_info</name>
         <load_address>0x16d2</load_address>
         <run_address>0x16d2</run_address>
         <size>0xf8</size>
         <input_file_ref idref="fl-2"/>
      </object_component>
      <object_component id="oc-16b">
         <name>.debug_info</name>
         <load_address>0x17ca</load_address>
         <run_address>0x17ca</run_address>
         <size>0xe1</size>
         <input_file_ref idref="fl-2"/>
      </object_component>
      <object_component id="oc-1ba">
         <name>.debug_info</name>
         <load_address>0x18ab</load_address>
         <run_address>0x18ab</run_address>
         <size>0xe5</size>
         <input_file_ref idref="fl-2"/>
      </object_component>
      <object_component id="oc-168">
         <name>.debug_info</name>
         <load_address>0x1990</load_address>
         <run_address>0x1990</run_address>
         <size>0xe0</size>
         <input_file_ref idref="fl-2"/>
      </object_component>
      <object_component id="oc-9c">
         <name>.debug_info</name>
         <load_address>0x1a70</load_address>
         <run_address>0x1a70</run_address>
         <size>0x985</size>
         <input_file_ref idref="fl-2"/>
      </object_component>
      <object_component id="oc-1fd">
         <name>.debug_info</name>
         <load_address>0x23f5</load_address>
         <run_address>0x23f5</run_address>
         <size>0x86</size>
         <input_file_ref idref="fl-2"/>
      </object_component>
      <object_component id="oc-70">
         <name>.debug_info</name>
         <load_address>0x247b</load_address>
         <run_address>0x247b</run_address>
         <size>0x26b</size>
         <input_file_ref idref="fl-2"/>
      </object_component>
      <object_component id="oc-202">
         <name>.debug_info</name>
         <load_address>0x26e6</load_address>
         <run_address>0x26e6</run_address>
         <size>0x110</size>
         <input_file_ref idref="fl-2"/>
      </object_component>
      <object_component id="oc-207">
         <name>.debug_info</name>
         <load_address>0x27f6</load_address>
         <run_address>0x27f6</run_address>
         <size>0x186</size>
         <input_file_ref idref="fl-2"/>
      </object_component>
      <object_component id="oc-b2">
         <name>.debug_info</name>
         <load_address>0x297c</load_address>
         <run_address>0x297c</run_address>
         <size>0x8b</size>
         <input_file_ref idref="fl-2"/>
      </object_component>
      <object_component id="oc-ad">
         <name>.debug_info</name>
         <load_address>0x2a07</load_address>
         <run_address>0x2a07</run_address>
         <size>0x2a4</size>
         <input_file_ref idref="fl-2"/>
      </object_component>
      <object_component id="oc-75">
         <name>.debug_info</name>
         <load_address>0x2cab</load_address>
         <run_address>0x2cab</run_address>
         <size>0xbb</size>
         <input_file_ref idref="fl-2"/>
      </object_component>
      <object_component id="oc-266">
         <name>.debug_info</name>
         <load_address>0x2d66</load_address>
         <run_address>0x2d66</run_address>
         <size>0x2c</size>
         <input_file_ref idref="fl-2"/>
      </object_component>
      <object_component id="oc-16e">
         <name>.debug_info</name>
         <load_address>0x2d92</load_address>
         <run_address>0x2d92</run_address>
         <size>0x5a5</size>
         <input_file_ref idref="fl-3"/>
      </object_component>
      <object_component id="oc-2cb">
         <name>.debug_info</name>
         <load_address>0x3337</load_address>
         <run_address>0x3337</run_address>
         <size>0x17e</size>
         <input_file_ref idref="fl-3"/>
      </object_component>
      <object_component id="oc-156">
         <name>.debug_info</name>
         <load_address>0x34b5</load_address>
         <run_address>0x34b5</run_address>
         <size>0x483c</size>
         <input_file_ref idref="fl-3"/>
      </object_component>
      <object_component id="oc-175">
         <name>.debug_info</name>
         <load_address>0x7cf1</load_address>
         <run_address>0x7cf1</run_address>
         <size>0x64a</size>
         <input_file_ref idref="fl-4"/>
      </object_component>
      <object_component id="oc-2d6">
         <name>.debug_info</name>
         <load_address>0x833b</load_address>
         <run_address>0x833b</run_address>
         <size>0xe9</size>
         <input_file_ref idref="fl-4"/>
      </object_component>
      <object_component id="oc-2d9">
         <name>.debug_info</name>
         <load_address>0x8424</load_address>
         <run_address>0x8424</run_address>
         <size>0xea</size>
         <input_file_ref idref="fl-4"/>
      </object_component>
      <object_component id="oc-2dc">
         <name>.debug_info</name>
         <load_address>0x850e</load_address>
         <run_address>0x850e</run_address>
         <size>0xf2</size>
         <input_file_ref idref="fl-4"/>
      </object_component>
      <object_component id="oc-2df">
         <name>.debug_info</name>
         <load_address>0x8600</load_address>
         <run_address>0x8600</run_address>
         <size>0xf0</size>
         <input_file_ref idref="fl-4"/>
      </object_component>
      <object_component id="oc-2e2">
         <name>.debug_info</name>
         <load_address>0x86f0</load_address>
         <run_address>0x86f0</run_address>
         <size>0xf6</size>
         <input_file_ref idref="fl-4"/>
      </object_component>
      <object_component id="oc-2e5">
         <name>.debug_info</name>
         <load_address>0x87e6</load_address>
         <run_address>0x87e6</run_address>
         <size>0xf2</size>
         <input_file_ref idref="fl-4"/>
      </object_component>
      <object_component id="oc-2e8">
         <name>.debug_info</name>
         <load_address>0x88d8</load_address>
         <run_address>0x88d8</run_address>
         <size>0xf4</size>
         <input_file_ref idref="fl-4"/>
      </object_component>
      <object_component id="oc-2eb">
         <name>.debug_info</name>
         <load_address>0x89cc</load_address>
         <run_address>0x89cc</run_address>
         <size>0xee</size>
         <input_file_ref idref="fl-4"/>
      </object_component>
      <object_component id="oc-2ee">
         <name>.debug_info</name>
         <load_address>0x8aba</load_address>
         <run_address>0x8aba</run_address>
         <size>0xee</size>
         <input_file_ref idref="fl-4"/>
      </object_component>
      <object_component id="oc-2f1">
         <name>.debug_info</name>
         <load_address>0x8ba8</load_address>
         <run_address>0x8ba8</run_address>
         <size>0xf0</size>
         <input_file_ref idref="fl-4"/>
      </object_component>
      <object_component id="oc-2f4">
         <name>.debug_info</name>
         <load_address>0x8c98</load_address>
         <run_address>0x8c98</run_address>
         <size>0xd8</size>
         <input_file_ref idref="fl-4"/>
      </object_component>
      <object_component id="oc-2f7">
         <name>.debug_info</name>
         <load_address>0x8d70</load_address>
         <run_address>0x8d70</run_address>
         <size>0xd8</size>
         <input_file_ref idref="fl-4"/>
      </object_component>
      <object_component id="oc-2fa">
         <name>.debug_info</name>
         <load_address>0x8e48</load_address>
         <run_address>0x8e48</run_address>
         <size>0xd8</size>
         <input_file_ref idref="fl-4"/>
      </object_component>
      <object_component id="oc-2fd">
         <name>.debug_info</name>
         <load_address>0x8f20</load_address>
         <run_address>0x8f20</run_address>
         <size>0xd8</size>
         <input_file_ref idref="fl-4"/>
      </object_component>
      <object_component id="oc-300">
         <name>.debug_info</name>
         <load_address>0x8ff8</load_address>
         <run_address>0x8ff8</run_address>
         <size>0xd8</size>
         <input_file_ref idref="fl-4"/>
      </object_component>
      <object_component id="oc-15d">
         <name>.debug_info</name>
         <load_address>0x90d0</load_address>
         <run_address>0x90d0</run_address>
         <size>0x1106</size>
         <input_file_ref idref="fl-4"/>
      </object_component>
      <object_component id="oc-303">
         <name>.debug_info</name>
         <load_address>0xa1d6</load_address>
         <run_address>0xa1d6</run_address>
         <size>0xcc</size>
         <input_file_ref idref="fl-4"/>
      </object_component>
      <object_component id="oc-315">
         <name>.debug_info</name>
         <load_address>0xa2a2</load_address>
         <run_address>0xa2a2</run_address>
         <size>0x102</size>
         <input_file_ref idref="fl-5"/>
      </object_component>
      <object_component id="oc-310">
         <name>.debug_info</name>
         <load_address>0xa3a4</load_address>
         <run_address>0xa3a4</run_address>
         <size>0xe8</size>
         <input_file_ref idref="fl-5"/>
      </object_component>
      <object_component id="oc-172">
         <name>.debug_info</name>
         <load_address>0xa48c</load_address>
         <run_address>0xa48c</run_address>
         <size>0xee</size>
         <input_file_ref idref="fl-5"/>
      </object_component>
      <object_component id="oc-348">
         <name>.debug_info</name>
         <load_address>0xa57a</load_address>
         <run_address>0xa57a</run_address>
         <size>0xe8</size>
         <input_file_ref idref="fl-5"/>
      </object_component>
      <object_component id="oc-1a8">
         <name>.debug_info</name>
         <load_address>0xa662</load_address>
         <run_address>0xa662</run_address>
         <size>0xee</size>
         <input_file_ref idref="fl-5"/>
      </object_component>
      <object_component id="oc-34f">
         <name>.debug_info</name>
         <load_address>0xa750</load_address>
         <run_address>0xa750</run_address>
         <size>0xec</size>
         <input_file_ref idref="fl-5"/>
      </object_component>
      <object_component id="oc-1ae">
         <name>.debug_info</name>
         <load_address>0xa83c</load_address>
         <run_address>0xa83c</run_address>
         <size>0xf2</size>
         <input_file_ref idref="fl-5"/>
      </object_component>
      <object_component id="oc-356">
         <name>.debug_info</name>
         <load_address>0xa92e</load_address>
         <run_address>0xa92e</run_address>
         <size>0xe6</size>
         <input_file_ref idref="fl-5"/>
      </object_component>
      <object_component id="oc-1b4">
         <name>.debug_info</name>
         <load_address>0xaa14</load_address>
         <run_address>0xaa14</run_address>
         <size>0xec</size>
         <input_file_ref idref="fl-5"/>
      </object_component>
      <object_component id="oc-31d">
         <name>.debug_info</name>
         <load_address>0xab00</load_address>
         <run_address>0xab00</run_address>
         <size>0xe4</size>
         <input_file_ref idref="fl-5"/>
      </object_component>
      <object_component id="oc-17e">
         <name>.debug_info</name>
         <load_address>0xabe4</load_address>
         <run_address>0xabe4</run_address>
         <size>0xea</size>
         <input_file_ref idref="fl-5"/>
      </object_component>
      <object_component id="oc-324">
         <name>.debug_info</name>
         <load_address>0xacce</load_address>
         <run_address>0xacce</run_address>
         <size>0xe4</size>
         <input_file_ref idref="fl-5"/>
      </object_component>
      <object_component id="oc-184">
         <name>.debug_info</name>
         <load_address>0xadb2</load_address>
         <run_address>0xadb2</run_address>
         <size>0xea</size>
         <input_file_ref idref="fl-5"/>
      </object_component>
      <object_component id="oc-32b">
         <name>.debug_info</name>
         <load_address>0xae9c</load_address>
         <run_address>0xae9c</run_address>
         <size>0xec</size>
         <input_file_ref idref="fl-5"/>
      </object_component>
      <object_component id="oc-18a">
         <name>.debug_info</name>
         <load_address>0xaf88</load_address>
         <run_address>0xaf88</run_address>
         <size>0xf2</size>
         <input_file_ref idref="fl-5"/>
      </object_component>
      <object_component id="oc-332">
         <name>.debug_info</name>
         <load_address>0xb07a</load_address>
         <run_address>0xb07a</run_address>
         <size>0xe4</size>
         <input_file_ref idref="fl-5"/>
      </object_component>
      <object_component id="oc-190">
         <name>.debug_info</name>
         <load_address>0xb15e</load_address>
         <run_address>0xb15e</run_address>
         <size>0xea</size>
         <input_file_ref idref="fl-5"/>
      </object_component>
      <object_component id="oc-339">
         <name>.debug_info</name>
         <load_address>0xb248</load_address>
         <run_address>0xb248</run_address>
         <size>0xf0</size>
         <input_file_ref idref="fl-5"/>
      </object_component>
      <object_component id="oc-196">
         <name>.debug_info</name>
         <load_address>0xb338</load_address>
         <run_address>0xb338</run_address>
         <size>0xf6</size>
         <input_file_ref idref="fl-5"/>
      </object_component>
      <object_component id="oc-341">
         <name>.debug_info</name>
         <load_address>0xb42e</load_address>
         <run_address>0xb42e</run_address>
         <size>0xec</size>
         <input_file_ref idref="fl-5"/>
      </object_component>
      <object_component id="oc-1a2">
         <name>.debug_info</name>
         <load_address>0xb51a</load_address>
         <run_address>0xb51a</run_address>
         <size>0xf2</size>
         <input_file_ref idref="fl-5"/>
      </object_component>
      <object_component id="oc-402">
         <name>.debug_info</name>
         <load_address>0xb60c</load_address>
         <run_address>0xb60c</run_address>
         <size>0x86</size>
         <input_file_ref idref="fl-5"/>
      </object_component>
      <object_component id="oc-36">
         <name>.debug_info</name>
         <load_address>0xb692</load_address>
         <run_address>0xb692</run_address>
         <size>0x84</size>
         <input_file_ref idref="fl-5"/>
      </object_component>
      <object_component id="oc-448">
         <name>.debug_info</name>
         <load_address>0xb716</load_address>
         <run_address>0xb716</run_address>
         <size>0x53</size>
         <input_file_ref idref="fl-5"/>
      </object_component>
      <object_component id="oc-2f">
         <name>.debug_info</name>
         <load_address>0xb769</load_address>
         <run_address>0xb769</run_address>
         <size>0x2b5</size>
         <input_file_ref idref="fl-6"/>
      </object_component>
      <object_component id="oc-13">
         <name>.debug_info</name>
         <load_address>0xba1e</load_address>
         <run_address>0xba1e</run_address>
         <size>0xf4</size>
         <input_file_ref idref="fl-6"/>
      </object_component>
      <object_component id="oc-2a">
         <name>.debug_info</name>
         <load_address>0xbb12</load_address>
         <run_address>0xbb12</run_address>
         <size>0x273</size>
         <input_file_ref idref="fl-6"/>
      </object_component>
      <object_component id="oc-265">
         <name>.debug_info</name>
         <load_address>0xbd85</load_address>
         <run_address>0xbd85</run_address>
         <size>0x3e8</size>
         <input_file_ref idref="fl-7"/>
      </object_component>
      <object_component id="oc-257">
         <name>.debug_info</name>
         <load_address>0xc16d</load_address>
         <run_address>0xc16d</run_address>
         <size>0xdf</size>
         <input_file_ref idref="fl-7"/>
      </object_component>
      <object_component id="oc-262">
         <name>.debug_info</name>
         <load_address>0xc24c</load_address>
         <run_address>0xc24c</run_address>
         <size>0xd9</size>
         <input_file_ref idref="fl-7"/>
      </object_component>
      <object_component id="oc-25a">
         <name>.debug_info</name>
         <load_address>0xc325</load_address>
         <run_address>0xc325</run_address>
         <size>0xe7</size>
         <input_file_ref idref="fl-7"/>
      </object_component>
      <object_component id="oc-254">
         <name>.debug_info</name>
         <load_address>0xc40c</load_address>
         <run_address>0xc40c</run_address>
         <size>0xeb</size>
         <input_file_ref idref="fl-7"/>
      </object_component>
      <object_component id="oc-e4">
         <name>.debug_info</name>
         <load_address>0xc4f7</load_address>
         <run_address>0xc4f7</run_address>
         <size>0x788</size>
         <input_file_ref idref="fl-7"/>
      </object_component>
      <object_component id="oc-22d">
         <name>.debug_info</name>
         <load_address>0xcc7f</load_address>
         <run_address>0xcc7f</run_address>
         <size>0x3e4</size>
         <input_file_ref idref="fl-d"/>
      </object_component>
      <object_component id="oc-22a">
         <name>.debug_info</name>
         <load_address>0xd063</load_address>
         <run_address>0xd063</run_address>
         <size>0x164</size>
         <input_file_ref idref="fl-d"/>
      </object_component>
      <object_component id="oc-2c3">
         <name>.debug_info</name>
         <load_address>0xd1c7</load_address>
         <run_address>0xd1c7</run_address>
         <size>0x2ac</size>
         <input_file_ref idref="fl-d"/>
      </object_component>
      <object_component id="oc-232">
         <name>.debug_info</name>
         <load_address>0xd473</load_address>
         <run_address>0xd473</run_address>
         <size>0x2bc</size>
         <input_file_ref idref="fl-d"/>
      </object_component>
      <object_component id="oc-11b">
         <name>.debug_info</name>
         <load_address>0xd72f</load_address>
         <run_address>0xd72f</run_address>
         <size>0x31f</size>
         <input_file_ref idref="fl-d"/>
      </object_component>
      <object_component id="oc-df">
         <name>.debug_info</name>
         <load_address>0xda4e</load_address>
         <run_address>0xda4e</run_address>
         <size>0x29b</size>
         <input_file_ref idref="fl-d"/>
      </object_component>
      <object_component id="oc-29f">
         <name>.debug_info</name>
         <load_address>0xdce9</load_address>
         <run_address>0xdce9</run_address>
         <size>0x299</size>
         <input_file_ref idref="fl-d"/>
      </object_component>
      <object_component id="oc-f1">
         <name>.debug_info</name>
         <load_address>0xdf82</load_address>
         <run_address>0xdf82</run_address>
         <size>0x299</size>
         <input_file_ref idref="fl-d"/>
      </object_component>
      <object_component id="oc-299">
         <name>.debug_info</name>
         <load_address>0xe21b</load_address>
         <run_address>0xe21b</run_address>
         <size>0x2c0</size>
         <input_file_ref idref="fl-d"/>
      </object_component>
      <object_component id="oc-115">
         <name>.debug_info</name>
         <load_address>0xe4db</load_address>
         <run_address>0xe4db</run_address>
         <size>0x2a5</size>
         <input_file_ref idref="fl-d"/>
      </object_component>
      <object_component id="oc-164">
         <name>.debug_info</name>
         <load_address>0xe780</load_address>
         <run_address>0xe780</run_address>
         <size>0x284</size>
         <input_file_ref idref="fl-d"/>
      </object_component>
      <object_component id="oc-d9">
         <name>.debug_info</name>
         <load_address>0xea04</load_address>
         <run_address>0xea04</run_address>
         <size>0x289</size>
         <input_file_ref idref="fl-d"/>
      </object_component>
      <object_component id="oc-399">
         <name>.debug_info</name>
         <load_address>0xec8d</load_address>
         <run_address>0xec8d</run_address>
         <size>0x26b</size>
         <input_file_ref idref="fl-d"/>
      </object_component>
      <object_component id="oc-38e">
         <name>.debug_info</name>
         <load_address>0xeef8</load_address>
         <run_address>0xeef8</run_address>
         <size>0x297</size>
         <input_file_ref idref="fl-d"/>
      </object_component>
      <object_component id="oc-383">
         <name>.debug_info</name>
         <load_address>0xf18f</load_address>
         <run_address>0xf18f</run_address>
         <size>0xef</size>
         <input_file_ref idref="fl-d"/>
      </object_component>
      <object_component id="oc-222">
         <name>.debug_info</name>
         <load_address>0xf27e</load_address>
         <run_address>0xf27e</run_address>
         <size>0xbb</size>
         <input_file_ref idref="fl-d"/>
      </object_component>
      <object_component id="oc-28a">
         <name>.debug_info</name>
         <load_address>0xf339</load_address>
         <run_address>0xf339</run_address>
         <size>0x3b7</size>
         <input_file_ref idref="fl-e"/>
      </object_component>
      <object_component id="oc-287">
         <name>.debug_info</name>
         <load_address>0xf6f0</load_address>
         <run_address>0xf6f0</run_address>
         <size>0x15b</size>
         <input_file_ref idref="fl-e"/>
      </object_component>
      <object_component id="oc-3cc">
         <name>.debug_info</name>
         <load_address>0xf84b</load_address>
         <run_address>0xf84b</run_address>
         <size>0x160</size>
         <input_file_ref idref="fl-e"/>
      </object_component>
      <object_component id="oc-282">
         <name>.debug_info</name>
         <load_address>0xf9ab</load_address>
         <run_address>0xf9ab</run_address>
         <size>0x2ca</size>
         <input_file_ref idref="fl-e"/>
      </object_component>
      <object_component id="oc-144">
         <name>.debug_info</name>
         <load_address>0xfc75</load_address>
         <run_address>0xfc75</run_address>
         <size>0x247</size>
         <input_file_ref idref="fl-e"/>
      </object_component>
      <object_component id="oc-138">
         <name>.debug_info</name>
         <load_address>0xfebc</load_address>
         <run_address>0xfebc</run_address>
         <size>0x271</size>
         <input_file_ref idref="fl-e"/>
      </object_component>
      <object_component id="oc-26c">
         <name>.debug_info</name>
         <load_address>0x1012d</load_address>
         <run_address>0x1012d</run_address>
         <size>0x396</size>
         <input_file_ref idref="fl-f"/>
      </object_component>
      <object_component id="oc-101">
         <name>.debug_info</name>
         <load_address>0x104c3</load_address>
         <run_address>0x104c3</run_address>
         <size>0x2ff</size>
         <input_file_ref idref="fl-f"/>
      </object_component>
      <object_component id="oc-10d">
         <name>.debug_info</name>
         <load_address>0x107c2</load_address>
         <run_address>0x107c2</run_address>
         <size>0x2cd</size>
         <input_file_ref idref="fl-f"/>
      </object_component>
      <object_component id="oc-fb">
         <name>.debug_info</name>
         <load_address>0x10a8f</load_address>
         <run_address>0x10a8f</run_address>
         <size>0x2bf</size>
         <input_file_ref idref="fl-f"/>
      </object_component>
      <object_component id="oc-106">
         <name>.debug_info</name>
         <load_address>0x10d4e</load_address>
         <run_address>0x10d4e</run_address>
         <size>0x27f</size>
         <input_file_ref idref="fl-f"/>
      </object_component>
      <object_component id="oc-f4">
         <name>.debug_info</name>
         <load_address>0x10fcd</load_address>
         <run_address>0x10fcd</run_address>
         <size>0x2bc</size>
         <input_file_ref idref="fl-f"/>
      </object_component>
      <object_component id="oc-e8">
         <name>.debug_info</name>
         <load_address>0x11289</load_address>
         <run_address>0x11289</run_address>
         <size>0x289</size>
         <input_file_ref idref="fl-f"/>
      </object_component>
      <object_component id="oc-3d7">
         <name>.debug_info</name>
         <load_address>0x11512</load_address>
         <run_address>0x11512</run_address>
         <size>0x3c0</size>
         <input_file_ref idref="fl-10"/>
      </object_component>
      <object_component id="oc-2a9">
         <name>.debug_info</name>
         <load_address>0x118d2</load_address>
         <run_address>0x118d2</run_address>
         <size>0x24b</size>
         <input_file_ref idref="fl-10"/>
      </object_component>
      <object_component id="oc-2b0">
         <name>.debug_info</name>
         <load_address>0x11b1d</load_address>
         <run_address>0x11b1d</run_address>
         <size>0x27f</size>
         <input_file_ref idref="fl-10"/>
      </object_component>
      <object_component id="oc-2bb">
         <name>.debug_info</name>
         <load_address>0x11d9c</load_address>
         <run_address>0x11d9c</run_address>
         <size>0x283</size>
         <input_file_ref idref="fl-10"/>
      </object_component>
      <object_component id="oc-2a3">
         <name>.debug_info</name>
         <load_address>0x1201f</load_address>
         <run_address>0x1201f</run_address>
         <size>0x3e2</size>
         <input_file_ref idref="fl-10"/>
      </object_component>
      <object_component id="oc-2b5">
         <name>.debug_info</name>
         <load_address>0x12401</load_address>
         <run_address>0x12401</run_address>
         <size>0x24b</size>
         <input_file_ref idref="fl-10"/>
      </object_component>
      <object_component id="oc-227">
         <name>.debug_info</name>
         <load_address>0x1264c</load_address>
         <run_address>0x1264c</run_address>
         <size>0x441</size>
         <input_file_ref idref="fl-11"/>
      </object_component>
      <object_component id="oc-219">
         <name>.debug_info</name>
         <load_address>0x12a8d</load_address>
         <run_address>0x12a8d</run_address>
         <size>0x156</size>
         <input_file_ref idref="fl-11"/>
      </object_component>
      <object_component id="oc-21c">
         <name>.debug_info</name>
         <load_address>0x12be3</load_address>
         <run_address>0x12be3</run_address>
         <size>0x162</size>
         <input_file_ref idref="fl-11"/>
      </object_component>
      <object_component id="oc-37f">
         <name>.debug_info</name>
         <load_address>0x12d45</load_address>
         <run_address>0x12d45</run_address>
         <size>0x15c</size>
         <input_file_ref idref="fl-11"/>
      </object_component>
      <object_component id="oc-21f">
         <name>.debug_info</name>
         <load_address>0x12ea1</load_address>
         <run_address>0x12ea1</run_address>
         <size>0x169</size>
         <input_file_ref idref="fl-11"/>
      </object_component>
      <object_component id="oc-14e">
         <name>.debug_info</name>
         <load_address>0x1300a</load_address>
         <run_address>0x1300a</run_address>
         <size>0x290</size>
         <input_file_ref idref="fl-11"/>
      </object_component>
      <object_component id="oc-236">
         <name>.debug_info</name>
         <load_address>0x1329a</load_address>
         <run_address>0x1329a</run_address>
         <size>0x28c</size>
         <input_file_ref idref="fl-11"/>
      </object_component>
      <object_component id="oc-d0">
         <name>.debug_info</name>
         <load_address>0x13526</load_address>
         <run_address>0x13526</run_address>
         <size>0x286</size>
         <input_file_ref idref="fl-11"/>
      </object_component>
      <object_component id="oc-20d">
         <name>.debug_info</name>
         <load_address>0x137ac</load_address>
         <run_address>0x137ac</run_address>
         <size>0x279</size>
         <input_file_ref idref="fl-11"/>
      </object_component>
      <object_component id="oc-213">
         <name>.debug_info</name>
         <load_address>0x13a25</load_address>
         <run_address>0x13a25</run_address>
         <size>0x2c3</size>
         <input_file_ref idref="fl-11"/>
      </object_component>
      <object_component id="oc-ca">
         <name>.debug_info</name>
         <load_address>0x13ce8</load_address>
         <run_address>0x13ce8</run_address>
         <size>0x4a3</size>
         <input_file_ref idref="fl-11"/>
      </object_component>
      <object_component id="oc-395">
         <name>.debug_info</name>
         <load_address>0x1418b</load_address>
         <run_address>0x1418b</run_address>
         <size>0x51</size>
         <input_file_ref idref="fl-11"/>
      </object_component>
      <object_component id="oc-276">
         <name>.debug_info</name>
         <load_address>0x141dc</load_address>
         <run_address>0x141dc</run_address>
         <size>0x3c7</size>
         <input_file_ref idref="fl-12"/>
      </object_component>
      <object_component id="oc-3c5">
         <name>.debug_info</name>
         <load_address>0x145a3</load_address>
         <run_address>0x145a3</run_address>
         <size>0x163</size>
         <input_file_ref idref="fl-12"/>
      </object_component>
      <object_component id="oc-3c8">
         <name>.debug_info</name>
         <load_address>0x14706</load_address>
         <run_address>0x14706</run_address>
         <size>0x175</size>
         <input_file_ref idref="fl-12"/>
      </object_component>
      <object_component id="oc-12b">
         <name>.debug_info</name>
         <load_address>0x1487b</load_address>
         <run_address>0x1487b</run_address>
         <size>0x2c3</size>
         <input_file_ref idref="fl-12"/>
      </object_component>
      <object_component id="oc-27b">
         <name>.debug_info</name>
         <load_address>0x14b3e</load_address>
         <run_address>0x14b3e</run_address>
         <size>0x2f4</size>
         <input_file_ref idref="fl-12"/>
      </object_component>
      <object_component id="oc-2d0">
         <name>.debug_info</name>
         <load_address>0x14e32</load_address>
         <run_address>0x14e32</run_address>
         <size>0x28d</size>
         <input_file_ref idref="fl-12"/>
      </object_component>
      <object_component id="oc-130">
         <name>.debug_info</name>
         <load_address>0x150bf</load_address>
         <run_address>0x150bf</run_address>
         <size>0x2ed</size>
[...]
         <name>cmdBufferRd</name>
         <value>0x2000229c</value>
         <object_component_ref idref="oc-2ca"/>
      </symbol>
      <symbol id="sm-24d">
         <name>ComTeclas</name>
         <value>0x95585</value>
         <object_component_ref idref="oc-153"/>
      </symbol>
      <symbol id="sm-24e">
         <name>FT800_SPI_Write16</name>
         <value>0x94e51</value>
         <object_component_ref idref="oc-153"/>
      </symbol>
      <symbol id="sm-24f">
         <name>FT800_SPI_Write32</name>
         <value>0x94dfb</value>
         <object_component_ref idref="oc-153"/>
      </symbol>
      <symbol id="sm-250">
         <name>ComTXT</name>
         <value>0x954c5</value>
         <object_component_ref idref="oc-153"/>
      </symbol>
      <symbol id="sm-251">
         <name>cmdBufferWr</name>
         <value>0x200022a0</value>
         <object_component_ref idref="oc-2ca"/>
      </symbol>
      <symbol id="sm-252">
         <name>FT800_SPI_Write8</name>
         <value>0x94e83</value>
         <object_component_ref idref="oc-153"/>
      </symbol>
      <symbol id="sm-253">
         <name>Lee_pantalla</name>
         <value>0x95697</value>
         <object_component_ref idref="oc-153"/>
      </symbol>
      <symbol id="sm-254">
         <name>EscribeRam8</name>
         <value>0x953af</value>
         <object_component_ref idref="oc-153"/>
      </symbol>
      <symbol id="sm-255">
         <name>Boton</name>
         <value>0x9593d</value>
         <object_component_ref idref="oc-153"/>
      </symbol>
      <symbol id="sm-307">
         <name>last_addr</name>
         <value>0x20002294</value>
      </symbol>
      <symbol id="sm-308">
         <name>Esc_Reg8</name>
         <value>0x96aaf</value>
         <object_component_ref idref="oc-15a"/>
      </symbol>
      <symbol id="sm-309">
         <name>quitar_rgb565_data</name>
         <value>0x91358</value>
         <object_component_ref idref="oc-2f0"/>
      </symbol>
      <symbol id="sm-30a">
         <name>loadPlayAudio</name>
         <value>0x96a5b</value>
         <object_component_ref idref="oc-15a"/>
      </symbol>
      <symbol id="sm-30b">
         <name>subir_rgb565_data</name>
         <value>0x92a20</value>
         <object_component_ref idref="oc-2ea"/>
      </symbol>
      <symbol id="sm-30c">
         <name>FT800_ShowBitmapSimple</name>
         <value>0x966b5</value>
         <object_component_ref idref="oc-15a"/>
      </symbol>
      <symbol id="sm-30d">
         <name>tve_rgb565_data</name>
         <value>0x8a680</value>
         <object_component_ref idref="oc-2d5"/>
      </symbol>
      <symbol id="sm-30e">
         <name>Esc_Reg16</name>
         <value>0x96acd</value>
         <object_component_ref idref="oc-15a"/>
      </symbol>
      <symbol id="sm-30f">
         <name>telecinco_rgb565_data</name>
         <value>0x86738</value>
         <object_component_ref idref="oc-2e1"/>
      </symbol>
      <symbol id="sm-310">
         <name>bajar_rgb565_data</name>
         <value>0x8e5c8</value>
         <object_component_ref idref="oc-2ed"/>
      </symbol>
      <symbol id="sm-311">
         <name>lasexta_rgb565_data</name>
         <value>0x827f0</value>
         <object_component_ref idref="oc-2e4"/>
      </symbol>
      <symbol id="sm-312">
         <name>cuatro_rgb565_data</name>
         <value>0x7a960</value>
         <object_component_ref idref="oc-2de"/>
      </symbol>
      <symbol id="sm-313">
         <name>FT800_PlaySound</name>
         <value>0x969d7</value>
         <object_component_ref idref="oc-15a"/>
      </symbol>
      <symbol id="sm-314">
         <name>antena3_rgb565_data</name>
         <value>0x76a18</value>
         <object_component_ref idref="oc-2db"/>
      </symbol>
      <symbol id="sm-315">
         <name>InterfazMando</name>
         <value>0x967c5</value>
         <object_component_ref idref="oc-15a"/>
      </symbol>
      <symbol id="sm-316">
         <name>FT800_LoadSound</name>
         <value>0x96991</value>
         <object_component_ref idref="oc-15a"/>
      </symbol>
      <symbol id="sm-317">
         <name>FT800_LoadImage</name>
         <value>0x96627</value>
         <object_component_ref idref="oc-15a"/>
      </symbol>
      <symbol id="sm-318">
         <name>ir_send_raw</name>
         <value>0x9691b</value>
         <object_component_ref idref="oc-15a"/>
      </symbol>
      <symbol id="sm-319">
         <name>la2_rgb565_data</name>
         <value>0x7e8a8</value>
         <object_component_ref idref="oc-2d8"/>
      </symbol>
      <symbol id="sm-31a">
         <name>encender_rgb565_data</name>
         <value>0x8fc90</value>
         <object_component_ref idref="oc-2e7"/>
      </symbol>
      <symbol id="sm-3b3">
         <name>SIGNAL_MANDO_VOLUP</name>
         <value>0x94b58</value>
         <object_component_ref idref="oc-1a7"/>
      </symbol>
      <symbol id="sm-3b4">
         <name>ir_signal_telecinco</name>
         <value>0x9471c</value>
         <object_component_ref idref="oc-338"/>
      </symbol>
      <symbol id="sm-3b5">
         <name>ir_signal_mute</name>
         <value>0x94692</value>
         <object_component_ref idref="oc-355"/>
      </symbol>
      <symbol id="sm-3b6">
         <name>SIGNAL_MANDO_POWER</name>
         <value>0x94b28</value>
         <object_component_ref idref="oc-171"/>
      </symbol>
      <symbol id="sm-3b7">
         <name>ir_signal_power</name>
         <value>0x94298</value>
         <object_component_ref idref="oc-30f"/>
      </symbol>
      <symbol id="sm-3b8">
         <name>SIGNAL_MANDO_TELECINCO</name>
         <value>0x94b38</value>
         <object_component_ref idref="oc-195"/>
      </symbol>
      <symbol id="sm-3b9">
         <name>SIGNAL_MANDO_MUTE</name>
         <value>0x94b18</value>
         <object_component_ref idref="oc-1b3"/>
      </symbol>
      <symbol id="sm-3ba">
         <name>ir_signal_voldown</name>
         <value>0x947a6</value>
         <object_component_ref idref="oc-34e"/>
      </symbol>
      <symbol id="sm-3bb">
         <name>ir_signal_antena3</name>
         <value>0x943e0</value>
         <object_component_ref idref="oc-32a"/>
      </symbol>
      <symbol id="sm-3bc">
         <name>SIGNAL_MANDO_LA2</name>
         <value>0x94ae8</value>
         <object_component_ref idref="oc-183"/>
      </symbol>
      <symbol id="sm-3bd">
         <name>SIGNAL_MANDO_LA1</name>
         <value>0x94ad8</value>
         <object_component_ref idref="oc-17d"/>
      </symbol>
      <symbol id="sm-3be">
         <name>SIGNAL_MANDO_LA4</name>
         <value>0x94af8</value>
         <object_component_ref idref="oc-18f"/>
      </symbol>
      <symbol id="sm-3bf">
         <name>SIGNAL_MANDO_VOLDOWN</name>
         <value>0x94b48</value>
         <object_component_ref idref="oc-1ad"/>
      </symbol>
      <symbol id="sm-3c0">
         <name>ir_signal_la1</name>
         <value>0x9446a</value>
         <object_component_ref idref="oc-31c"/>
      </symbol>
      <symbol id="sm-3c1">
         <name>ir_signal_la2</name>
         <value>0x944f4</value>
         <object_component_ref idref="oc-323"/>
      </symbol>
      <symbol id="sm-3c2">
         <name>ir_signal_la4</name>
         <value>0x9457e</value>
         <object_component_ref idref="oc-331"/>
      </symbol>
      <symbol id="sm-3c3">
         <name>ir_signal_volup</name>
         <value>0x94830</value>
         <object_component_ref idref="oc-347"/>
      </symbol>
      <symbol id="sm-3c4">
         <name>ir_signal_lasexta</name>
         <value>0x94608</value>
         <object_component_ref idref="oc-340"/>
      </symbol>
      <symbol id="sm-3c5">
         <name>SIGNAL_MANDO_ANTENA3</name>
         <value>0x94ac8</value>
         <object_component_ref idref="oc-189"/>
      </symbol>
      <symbol id="sm-3c6">
         <name>SIGNAL_MANDO_LASEXTA</name>
         <value>0x94b08</value>
         <object_component_ref idref="oc-1a1"/>
      </symbol>
      <symbol id="sm-3e2">
         <name>ResetISR</name>
         <value>0x97a19</value>
         <object_component_ref idref="oc-27"/>
      </symbol>
      <symbol id="sm-3e3">
         <name>g_pfnVectors</name>
         <value>0x0</value>
         <object_component_ref idref="oc-12"/>
      </symbol>
      <symbol id="sm-453">
         <name>UARTgetc</name>
         <value>0x96c99</value>
         <object_component_ref idref="oc-e1"/>
      </symbol>
      <symbol id="sm-454">
         <name>UARTgets</name>
         <value>0x96bdf</value>
         <object_component_ref idref="oc-e1"/>
      </symbol>
      <symbol id="sm-455">
         <name>UARTStdioConfig</name>
         <value>0x96b49</value>
         <object_component_ref idref="oc-e1"/>
      </symbol>
      <symbol id="sm-456">
         <name>UARTwrite</name>
         <value>0x96b8f</value>
         <object_component_ref idref="oc-e1"/>
      </symbol>
      <symbol id="sm-457">
         <name>UARTprintf</name>
         <value>0x96fbb</value>
         <object_component_ref idref="oc-e1"/>
      </symbol>
      <symbol id="sm-458">
         <name>UARTvprintf</name>
         <value>0x96cc1</value>
         <object_component_ref idref="oc-e1"/>
      </symbol>
      <symbol id="sm-4d6">
         <name>GPIOPinTypePWM</name>
         <value>0x9792b</value>
         <object_component_ref idref="oc-ed"/>
      </symbol>
      <symbol id="sm-4d7">
         <name>GPIOPinConfigure</name>
         <value>0x97529</value>
         <object_component_ref idref="oc-d5"/>
      </symbol>
      <symbol id="sm-4d8">
         <name>GPIOPinTypeGPIOInput</name>
         <value>0x97915</value>
         <object_component_ref idref="oc-111"/>
      </symbol>
      <symbol id="sm-4d9">
         <name>GPIOPinTypeUART</name>
         <value>0x97957</value>
         <object_component_ref idref="oc-db"/>
      </symbol>
      <symbol id="sm-4da">
         <name>GPIOPinTypeGPIOOutput</name>
         <value>0x978e3</value>
         <object_component_ref idref="oc-295"/>
      </symbol>
      <symbol id="sm-4db">
         <name>GPIOPinRead</name>
         <value>0x97a67</value>
         <object_component_ref idref="oc-160"/>
      </symbol>
      <symbol id="sm-4dc">
         <name>GPIODirModeSet</name>
         <value>0x97819</value>
         <object_component_ref idref="oc-22e"/>
      </symbol>
      <symbol id="sm-4dd">
         <name>GPIOPinWrite</name>
         <value>0x97a6d</value>
         <object_component_ref idref="oc-2bf"/>
      </symbol>
      <symbol id="sm-4de">
         <name>GPIOPadConfigSet</name>
         <value>0x971f1</value>
         <object_component_ref idref="oc-117"/>
      </symbol>
      <symbol id="sm-4df">
         <name>GPIOPinTypeSSI</name>
         <value>0x97941</value>
         <object_component_ref idref="oc-29b"/>
      </symbol>
      <symbol id="sm-519">
         <name>IntEnable</name>
         <value>0x973f9</value>
         <object_component_ref idref="oc-135"/>
      </symbol>
      <symbol id="sm-51a">
         <name>IntRegister</name>
         <value>0x97749</value>
         <object_component_ref idref="oc-27f"/>
      </symbol>
      <symbol id="sm-51b">
         <name>g_pfnRAMVectors</name>
         <value>0x20000000</value>
         <object_component_ref idref="oc-3cb"/>
      </symbol>
      <symbol id="sm-51c">
         <name>IntMasterEnable</name>
         <value>0x979b9</value>
         <object_component_ref idref="oc-141"/>
      </symbol>
      <symbol id="sm-553">
         <name>PWMGenPeriodSet</name>
         <value>0x979c9</value>
         <object_component_ref idref="oc-f9"/>
      </symbol>
      <symbol id="sm-554">
         <name>PWMClockSet</name>
         <value>0x9796d</value>
         <object_component_ref idref="oc-e7"/>
      </symbol>
      <symbol id="sm-555">
         <name>PWMPulseWidthSet</name>
         <value>0x978a9</value>
         <object_component_ref idref="oc-ff"/>
      </symbol>
      <symbol id="sm-556">
         <name>PWMOutputState</name>
         <value>0x97995</value>
         <object_component_ref idref="oc-10b"/>
      </symbol>
      <symbol id="sm-557">
         <name>PWMGenEnable</name>
         <value>0x97a01</value>
         <object_component_ref idref="oc-105"/>
      </symbol>
      <symbol id="sm-558">
         <name>PWMGenConfigure</name>
         <value>0x97845</value>
         <object_component_ref idref="oc-f3"/>
      </symbol>
      <symbol id="sm-588">
         <name>SSIDataPut</name>
         <value>0x97a25</value>
         <object_component_ref idref="oc-2ad"/>
      </symbol>
      <symbol id="sm-589">
         <name>SSIDataGet</name>
         <value>0x97a0d</value>
         <object_component_ref idref="oc-2b9"/>
      </symbol>
      <symbol id="sm-58a">
         <name>SSIConfigSetExpClk</name>
         <value>0x976d5</value>
         <object_component_ref idref="oc-2a1"/>
      </symbol>
      <symbol id="sm-58b">
         <name>SSIEnable</name>
         <value>0x97a2f</value>
         <object_component_ref idref="oc-2a7"/>
      </symbol>
      <symbol id="sm-58c">
         <name>SSIBusy</name>
         <value>0x97a57</value>
         <object_component_ref idref="oc-2b3"/>
      </symbol>
      <symbol id="sm-611">
         <name>SysCtlPeripheralPresent</name>
         <value>0x97711</value>
         <object_component_ref idref="oc-235"/>
      </symbol>
      <symbol id="sm-612">
         <name>SysCtlDelay</name>
         <value>0x97a73</value>
         <object_component_ref idref="oc-159"/>
      </symbol>
      <symbol id="sm-613">
         <name>SysCtlPeripheralEnable</name>
         <value>0x9777d</value>
         <object_component_ref idref="oc-cf"/>
      </symbol>
      <symbol id="sm-614">
         <name>SysCtlPeripheralSleepEnable</name>
         <value>0x977b1</value>
         <object_component_ref idref="oc-14d"/>
      </symbol>
      <symbol id="sm-615">
         <name>SysCtlClockFreqSet</name>
         <value>0x96ff1</value>
         <object_component_ref idref="oc-c9"/>
      </symbol>
      <symbol id="sm-680">
         <name>TimerLoadSet</name>
         <value>0x979a7</value>
         <object_component_ref idref="oc-129"/>
      </symbol>
      <symbol id="sm-681">
         <name>TimerIntRegister</name>
         <value>0x978fd</value>
         <object_component_ref idref="oc-12f"/>
      </symbol>
      <symbol id="sm-682">
         <name>TimerEnable</name>
         <value>0x979d9</value>
         <object_component_ref idref="oc-147"/>
      </symbol>
      <symbol id="sm-683">
         <name>TimerIntStatus</name>
         <value>0x97a39</value>
         <object_component_ref idref="oc-2cf"/>
      </symbol>
      <symbol id="sm-684">
         <name>TimerIntEnable</name>
         <value>0x97a5f</value>
         <object_component_ref idref="oc-13b"/>
      </symbol>
      <symbol id="sm-685">
         <name>TimerClockSourceSet</name>
         <value>0x97a79</value>
         <object_component_ref idref="oc-11d"/>
      </symbol>
      <symbol id="sm-686">
         <name>TimerConfigure</name>
         <value>0x974c9</value>
         <object_component_ref idref="oc-123"/>
      </symbol>
      <symbol id="sm-687">
         <name>TimerIntClear</name>
         <value>0x97a7f</value>
         <object_component_ref idref="oc-19b"/>
      </symbol>
      <symbol id="sm-6ba">
         <name>UARTConfigSetExpClk</name>
         <value>0x97609</value>
         <object_component_ref idref="oc-23b"/>
      </symbol>
      <symbol id="sm-6bb">
         <name>UARTDisable</name>
         <value>0x97869</value>
         <object_component_ref idref="oc-3a4"/>
      </symbol>
      <symbol id="sm-6bc">
         <name>UARTCharPut</name>
         <value>0x97a4d</value>
         <object_component_ref idref="oc-247"/>
      </symbol>
      <symbol id="sm-6bd">
         <name>UARTEnable</name>
         <value>0x97981</value>
         <object_component_ref idref="oc-241"/>
      </symbol>
      <symbol id="sm-6be">
         <name>UARTCharGet</name>
         <value>0x97a43</value>
         <object_component_ref idref="oc-24d"/>
      </symbol>
      <symbol id="sm-6c8">
         <name>CPUcpsie</name>
         <value>0x979f5</value>
         <object_component_ref idref="oc-28c"/>
      </symbol>
      <symbol id="sm-6e3">
         <name>memcpy</name>
         <value>0x9735d</value>
         <object_component_ref idref="oc-3b"/>
      </symbol>
      <symbol id="sm-6e4">
         <name>__aeabi_memcpy</name>
         <value>0x9735d</value>
         <object_component_ref idref="oc-3b"/>
      </symbol>
      <symbol id="sm-6e5">
         <name>__aeabi_memcpy8</name>
         <value>0x9735d</value>
         <object_component_ref idref="oc-3b"/>
      </symbol>
      <symbol id="sm-6e6">
         <name>__aeabi_memcpy4</name>
         <value>0x9735d</value>
         <object_component_ref idref="oc-3b"/>
      </symbol>
      <symbol id="sm-6f5">
         <name>__aeabi_uidivmod</name>
         <value>0x97695</value>
         <object_component_ref idref="oc-25c"/>
      </symbol>
      <symbol id="sm-6f6">
         <name>__aeabi_uidiv</name>
         <value>0x97695</value>
         <object_component_ref idref="oc-25c"/>
      </symbol>
      <symbol id="sm-70f">
         <name>__TI_zero_init_nomemset</name>
         <value>0x978c7</value>
         <object_component_ref idref="oc-47"/>
      </symbol>
      <symbol id="sm-726">
         <name>__TI_decompress_none</name>
         <value>0x979e7</value>
         <object_component_ref idref="oc-1b"/>
      </symbol>
      <symbol id="sm-749">
         <name>__TI_decompress_lzss</name>
         <value>0x97461</value>
         <object_component_ref idref="oc-15"/>
      </symbol>
      <symbol id="sm-75c">
         <name>__stack</name>
         <value>0x20000270</value>
         <object_component_ref idref="oc-24"/>
      </symbol>
      <symbol id="sm-75d">
         <name>_c_int00_noargs</name>
         <value>0x977e5</value>
         <object_component_ref idref="oc-59"/>
      </symbol>
      <symbol id="sm-767">
         <name>__aeabi_idiv0</name>
         <value>0x9764f</value>
         <object_component_ref idref="oc-3b5"/>
      </symbol>
      <symbol id="sm-768">
         <name>__aeabi_ldiv0</name>
         <value>0x9764f</value>
         <object_component_ref idref="oc-3b5"/>
      </symbol>
      <symbol id="sm-791">
         <name>__TI_auto_init_nobinit_nopinit</name>
         <value>0x97651</value>
         <object_component_ref idref="oc-1c9"/>
      </symbol>
      <symbol id="sm-79b">
         <name>_system_pre_init</name>
         <value>0x97a83</value>
         <object_component_ref idref="oc-95"/>
      </symbol>
      <symbol id="sm-7a7">
         <name>C$$EXIT</name>
         <value>0x97a87</value>
         <object_component_ref idref="oc-1bd"/>
      </symbol>
      <symbol id="sm-7a8">
         <name>abort</name>
         <value>0x97a87</value>
         <object_component_ref idref="oc-1bd"/>
      </symbol>
      <symbol id="sm-7ab">
         <name>__TI_static_base__</name>
         <value>0x0</value>
      </symbol>
      <symbol id="sm-7ae">
         <name>__mpu_init</name>
         <value>0x0</value>
      </symbol>
      <symbol id="sm-7af">
         <name>_system_post_cinit</name>
         <value>0x0</value>
      </symbol>
   </symbol_table>
   <title>Link successful</title>
</link_info>
