******************************************************************************
                  TI ARM Linker PC v20.2.7                     
******************************************************************************
>> Linked Wed Nov 19 16:45:07 2025

OUTPUT FILE NAME:   <ProyectoSepaCompleto.out>
ENTRY POINT SYMBOL: "_c_int00_noargs"  address: 0001fc69


MEMORY CONFIGURATION

         name            origin    length      used     unused   attr    fill
----------------------  --------  ---------  --------  --------  ----  --------
  FLASH                 00000000   00100000  0001fe18  000e01e8  R  X
  SRAM                  20000000   00040000  00002041  0003dfbf  RW X


SEGMENT ALLOCATION MAP

run origin  load origin   length   init length attrs members
----------  ----------- ---------- ----------- ----- -------
00000000    00000000    0001fe18   0001fe18    r-x
  00000000    00000000    00000208   00000208    r-- .intvecs
  00000208    00000208    0001da18   0001da18    r-- .const
  0001dc20    0001dc20    000021c8   000021c8    r-x .text
  0001fde8    0001fde8    00000030   00000030    r-- .cinit
20000000    20000000    00002041   00000000    rw-
  20000000    20000000    00002000   00000000    rw- .stack
  20002000    20002000    00000024   00000000    rw- .bss
  20002024    20002024    0000001d   00000000    rw- .data


SECTION ALLOCATION MAP

 output                                  attributes/
section   page    origin      length       input sections
--------  ----  ----------  ----------   ----------------
.intvecs   0    00000000    00000208     
                  00000000    00000208     tm4c1294ncpdt_startup_ccs.obj (.intvecs)

.const     0    00000208    0001da18     
                  00000208    00003f48     mandolib.obj (.const:.string:antena3_rgb565_data)
                  00004150    00003f48     mandolib.obj (.const:.string:cuatro_rgb565_data)
                  00008098    00003f48     mandolib.obj (.const:.string:la2_rgb565_data)
                  0000bfe0    00003f48     mandolib.obj (.const:.string:lasexta_rgb565_data)
                  0000ff28    00003f48     mandolib.obj (.const:.string:telecinco_rgb565_data)
                  00013e70    00003f48     mandolib.obj (.const:.string:tve_rgb565_data)
                  00017db8    000016c8     mandolib.obj (.const:.string:bajar_rgb565_data)
                  00019480    000016c8     mandolib.obj (.const:.string:encender_rgb565_data)
                  0001ab48    000016c8     mandolib.obj (.const:.string:quitar_rgb565_data)
                  0001c210    000016c8     mandolib.obj (.const:.string:subir_rgb565_data)
                  0001d8d8    000001b0     driverlib.lib : sysctl.obj (.const:g_pppui32XTALtoVCO)
                  0001da88    00000090                   : gpio.obj (.const:g_pui32GPIOBaseAddrs)
                  0001db18    0000006c                   : sysctl.obj (.const:g_pui32Xtals)
                  0001db84    00000030                   : sysctl.obj (.const:g_sXTALtoMEMTIM)
                  0001dbb4    00000014     mandolib.obj (.const:$P$T10$5)
                  0001dbc8    00000014     mandolib.obj (.const:$P$T9$4)
                  0001dbdc    00000012     uartstdio.obj (.const:.string)
                  0001dbee    00000002     --HOLE-- [fill = 0]
                  0001dbf0    0000000c     uartstdio.obj (.const:g_ui32UARTBase)
                  0001dbfc    0000000c     uartstdio.obj (.const:g_ui32UARTPeriph)
                  0001dc08    00000008     driverlib.lib : sysctl.obj (.const:g_pui32VCOFrequencies)
                  0001dc10    00000004     mandolib.obj (.const:$P$T6$1)
                  0001dc14    00000004     mandolib.obj (.const:$P$T7$2)
                  0001dc18    00000004     mandolib.obj (.const:$P$T8$3)
                  0001dc1c    00000004     uartstdio.obj (.const)

.text      0    0001dc20    000021c8     
                  0001dc20    000011d8     ft800_TIVA.obj (.text)
                  0001edf8    000004a8     uartstdio.obj (.text)
                  0001f2a0    000002d8     mandolib.obj (.text)
                  0001f578    00000200     driverlib.lib : sysctl.obj (.text:SysCtlClockFreqSet)
                  0001f778    0000016c                   : gpio.obj (.text:GPIOPadConfigSet)
                  0001f8e4    0000009c     rtsv7M4_T_le_v4SPD16_eabi.lib : memcpy_t2.asm.obj (.text)
                  0001f980    00000078     ProyectoCompleto.obj (.text)
                  0001f9f8    00000068     rtsv7M4_T_le_v4SPD16_eabi.lib : copy_decompress_lzss.c.obj (.text:decompress:lzss:__TI_decompress_lzss)
                  0001fa60    0000004c     driverlib.lib : gpio.obj (.text:GPIOPinConfigure)
                  0001faac    00000048                   : sysctl.obj (.text:_SysCtlFrequencyGet)
                  0001faf4    00000046                   : uart.obj (.text:UARTConfigSetExpClk)
                  0001fb3a    00000002     rtsv7M4_T_le_v4SPD16_eabi.lib : div0.asm.obj (.text)
                  0001fb3c    00000044                                   : autoinit.c.obj (.text:__TI_auto_init_nobinit_nopinit:__TI_auto_init_nobinit_nopinit)
                  0001fb80    00000040                                   : u_divt2.asm.obj (.text)
                  0001fbc0    0000003c     driverlib.lib : ssi.obj (.text:SSIConfigSetExpClk)
                  0001fbfc    00000038                   : sysctl.obj (.text:SysCtlPeripheralPresent)
                  0001fc34    00000034                   : sysctl.obj (.text:SysCtlPeripheralEnable)
                  0001fc68    00000034     rtsv7M4_T_le_v4SPD16_eabi.lib : boot_cortex_m.c.obj (.text:_c_int00_noargs:_c_int00_noargs)
                  0001fc9c    0000002c     driverlib.lib : gpio.obj (.text:GPIODirModeSet)
                  0001fcc8    00000020                   : uart.obj (.text:UARTDisable)
                  0001fce8    00000020                   : sysctl.obj (.text:_SysCtlMemTimingGet)
                  0001fd08    0000001c     rtsv7M4_T_le_v4SPD16_eabi.lib : copy_zero_init.c.obj (.text:decompress:ZI:__TI_zero_init_nomemset:__TI_zero_init_nomemset)
                  0001fd24    0000001a     driverlib.lib : gpio.obj (.text:GPIOPinTypeGPIOOutput)
                  0001fd3e    00000016                   : gpio.obj (.text:GPIOPinTypeSSI)
                  0001fd54    00000016                   : gpio.obj (.text:GPIOPinTypeUART)
                  0001fd6a    00000014                   : uart.obj (.text:UARTEnable)
                  0001fd7e    0000000e     rtsv7M4_T_le_v4SPD16_eabi.lib : copy_decompress_none.c.obj (.text:decompress:none:__TI_decompress_none)
                  0001fd8c    0000000c     driverlib.lib : ssi.obj (.text:SSIDataGet)
                  0001fd98    0000000c     tm4c1294ncpdt_startup_ccs.obj (.text)
                  0001fda4    0000000a     driverlib.lib : ssi.obj (.text:SSIDataPut)
                  0001fdae    0000000a                   : ssi.obj (.text:SSIEnable)
                  0001fdb8    0000000a                   : uart.obj (.text:UARTCharGet)
                  0001fdc2    0000000a                   : uart.obj (.text:UARTCharPut)
                  0001fdcc    00000008                   : ssi.obj (.text:SSIBusy)
                  0001fdd4    00000006                   : gpio.obj (.text:GPIOPinWrite)
                  0001fdda    00000006                   : sysctl.obj (.text:SysCtlDelay)
                  0001fde0    00000004     rtsv7M4_T_le_v4SPD16_eabi.lib : pre_init.c.obj (.text:_system_pre_init)
                  0001fde4    00000004                                   : exit.c.obj (.text:abort:abort)

.cinit     0    0001fde8    00000030     
                  0001fde8    0000000c     (.cinit..data.load) [load image, compression = lzss]
                  0001fdf4    0000000c     (__TI_handler_table)
                  0001fe00    00000008     (.cinit..bss.load) [load image, compression = zero_init]
                  0001fe08    00000010     (__TI_cinit_table)

.init_array 
*          0    00000000    00000000     UNINITIALIZED

.bss       0    20002000    00000024     UNINITIALIZED
                  20002000    00000004     (.common:BufferXY)
                  20002004    00000004     (.common:CS_PIN)
                  20002008    00000004     (.common:CS_PORT)
                  2000200c    00000004     (.common:PD_PIN)
                  20002010    00000004     (.common:PD_PORT)
                  20002014    00000004     (.common:POSX)
                  20002018    00000004     (.common:POSY)
                  2000201c    00000004     (.common:RELOJ)
                  20002020    00000004     (.common:SSI_BASE)

.data      0    20002024    0000001d     UNINITIALIZED
                  20002024    00000018     ft800_TIVA.obj (.data)
                  2000203c    00000005     uartstdio.obj (.data)

.stack     0    20000000    00002000     UNINITIALIZED
                  20000000    00000004     rtsv7M4_T_le_v4SPD16_eabi.lib : boot_cortex_m.c.obj (.stack)
                  20000004    00001ffc     --HOLE--

__llvm_prf_cnts 
*          0    20000000    00000000     UNINITIALIZED

MODULE SUMMARY

       Module                          code   ro data   rw data
       ------                          ----   -------   -------
    .\
       mandolib.obj                    728    120580    0      
       ft800_TIVA.obj                  4568   0         56     
       uartstdio.obj                   1192   46        5      
       tm4c1294ncpdt_startup_ccs.obj   12     520       0      
       ProyectoCompleto.obj            120    0         4      
    +--+-------------------------------+------+---------+---------+
       Total:                          6620   121146    65     
                                                               
    C:/ti/TivaWare_C_Series-2.2.0.295/driverlib/ccs/Debug/driverlib.lib
       sysctl.obj                      730    596       0      
       gpio.obj                        560    144       0      
       uart.obj                        142    0         0      
       ssi.obj                         100    0         0      
    +--+-------------------------------+------+---------+---------+
       Total:                          1532   740       0      
                                                               
    C:\ti\ccs1281\ccs\tools\compiler\ti-cgt-arm_20.2.7.LTS\lib\rtsv7M4_T_le_v4SPD16_eabi.lib
       memcpy_t2.asm.obj               156    0         0      
       copy_decompress_lzss.c.obj      104    0         0      
       autoinit.c.obj                  68     0         0      
       u_divt2.asm.obj                 64     0         0      
       boot_cortex_m.c.obj             52     0         0      
       copy_zero_init.c.obj            28     0         0      
       copy_decompress_none.c.obj      14     0         0      
       exit.c.obj                      4      0         0      
       pre_init.c.obj                  4      0         0      
       div0.asm.obj                    2      0         0      
    +--+-------------------------------+------+---------+---------+
       Total:                          496    0         0      
                                                               
       Stack:                          0      0         8192   
       Linker Generated:               0      48        0      
    +--+-------------------------------+------+---------+---------+
       Grand Total:                    8648   121934    8257   


LINKER GENERATED COPY TABLES

__TI_cinit_table @ 0001fe08 records: 2, size/record: 8, table size: 16
	.data: load addr=0001fde8, load size=0000000c bytes, run addr=20002024, run size=0000001d bytes, compression=lzss
	.bss: load addr=0001fe00, load size=00000008 bytes, run addr=20002000, run size=00000024 bytes, compression=zero_init


LINKER GENERATED HANDLER TABLE

__TI_handler_table @ 0001fdf4 records: 3, size/record: 4, table size: 12
	index: 0, handler: __TI_decompress_lzss
	index: 1, handler: __TI_decompress_none
	index: 2, handler: __TI_zero_init


GLOBAL SYMBOLS: SORTED ALPHABETICALLY BY Name 

address   name                          
-------   ----                          
0001e9c5  Boton                         
20002000  BufferXY                      
0001fde5  C$$EXIT                       
20002038  CMD_Offset                    
20002004  CS_PIN                        
20002008  CS_PORT                       
0001ebeb  Calibra_touch                 
0001e911  ComBgcolor                    
0001e959  ComButton                     
0001eb2f  ComCirculo                    
0001e4f5  ComColor                      
0001e889  ComDial                       
0001e2ff  ComEsperaFin                  
0001e8d3  ComFgcolor                    
0001ec57  ComGradient                   
0001ea59  ComLine                       
0001eb8f  ComLineWidth                  
0001e5b5  ComNum                        
0001eba1  ComPointSize                  
0001e83f  ComProgressbar                
0001ea95  ComRect                       
0001e7ab  ComScrollbar                  
0001e7f5  ComSlider                     
0001e54d  ComTXT                        
0001e60d  ComTeclas                     
0001e495  ComVertex2ff                  
0001ebb3  Com_Punto                     
0001ddbf  Delay                         
0001e6bd  Dibuja                        
0001e671  Ejecuta_Lista                 
0001e78f  Esc_Reg                       
0001e409  EscribeRam16                  
0001e3db  EscribeRam32                  
0001e437  EscribeRam8                   
0001e469  EscribeRamTxt                 
0001eb6b  Espera_pant                   
0001e0cf  FT800_IncCMDOffset            
0001f2a1  FT800_LoadAndInflateImage     
0001e049  FT800_SPI_HostCommand         
0001e093  FT800_SPI_HostCommandDummyRead
0001df79  FT800_SPI_Read32              
0001e01d  FT800_SPI_Read8               
0001de1f  FT800_SPI_SendAddressRD       
0001ddc9  FT800_SPI_SendAddressWR       
0001ded9  FT800_SPI_Write16             
0001de83  FT800_SPI_Write32             
0001df0b  FT800_SPI_Write8              
0001f2e7  FT800_ShowBitmapSimple        
0001ed59  Fadein                        
0001ed15  Fadeout                       
0001ece9  FinNota                       
0001fc9d  GPIODirModeSet                
0001f779  GPIOPadConfigSet              
0001fa61  GPIOPinConfigure              
0001fd25  GPIOPinTypeGPIOOutput         
0001fd3f  GPIOPinTypeSSI                
0001fd55  GPIOPinTypeUART               
0001fdd5  GPIOPinWrite                  
0001dc21  HAL_Init_SPI                  
0001dd85  HAL_SPI_CSHigh                
0001dd73  HAL_SPI_CSLow                 
0001ddab  HAL_SPI_PDhigh                
0001dd99  HAL_SPI_PDlow                 
0001dd37  HAL_SPI_ReadWrite             
0001e101  Inicia_pantalla               
0001f3e9  InterfazMando                 
0001e753  Lee_Reg                       
0001e76f  Lee_Reg8                      
0001e71f  Lee_pantalla                  
0001e6d3  Nueva_pantalla                
2000200c  PD_PIN                        
20002010  PD_PORT                       
20002014  POSX                          
20002018  POSY                          
20002034  POSYANT                       
0001e3a3  PWMOnOff                      
0001e68b  PadFIFO                       
0001e343  PantOnOff                     
2000201c  RELOJ                         
0001fd99  ResetISR                      
0001fdcd  SSIBusy                       
0001fbc1  SSIConfigSetExpClk            
0001fd8d  SSIDataGet                    
0001fda5  SSIDataPut                    
0001fdaf  SSIEnable                     
20002020  SSI_BASE                      
0001f579  SysCtlClockFreqSet            
0001fddb  SysCtlDelay                   
0001fc35  SysCtlPeripheralEnable        
0001fbfd  SysCtlPeripheralPresent       
0001ecb3  TocaNota                      
0001fdb9  UARTCharGet                   
0001fdc3  UARTCharPut                   
0001faf5  UARTConfigSetExpClk           
0001fcc9  UARTDisable                   
0001fd6b  UARTEnable                    
0001edf9  UARTStdioConfig               
0001ef49  UARTgetc                      
0001ee8f  UARTgets                      
0001f26b  UARTprintf                    
0001ef71  UARTvprintf                   
0001ee3f  UARTwrite                     
0001ec95  VolNota                       
20002000  __STACK_END                   
00002000  __STACK_SIZE                  
20000200  __STACK_TOP                   
0001fe08  __TI_CINIT_Base               
0001fe18  __TI_CINIT_Limit              
0001fdf4  __TI_Handler_Table_Base       
0001fe00  __TI_Handler_Table_Limit      
0001fb3d  __TI_auto_init_nobinit_nopinit
0001f9f9  __TI_decompress_lzss          
0001fd7f  __TI_decompress_none          
ffffffff  __TI_pprof_out_hndl           
ffffffff  __TI_prof_data_size           
ffffffff  __TI_prof_data_start          
00000000  __TI_static_base__            
0001fd09  __TI_zero_init_nomemset       
0001fb3b  __aeabi_idiv0                 
0001fb3b  __aeabi_ldiv0                 
0001f8e5  __aeabi_memcpy                
0001f8e5  __aeabi_memcpy4               
0001f8e5  __aeabi_memcpy8               
0001fb81  __aeabi_uidiv                 
0001fb81  __aeabi_uidivmod              
ffffffff  __binit__                     
ffffffff  __c_args__                    
UNDEFED   __mpu_init                    
20000000  __stack                       
20000000  __start___llvm_prf_cnts       
20000000  __stop___llvm_prf_cnts        
0001fc69  _c_int00_noargs               
UNDEFED   _system_post_cinit            
0001fde1  _system_pre_init              
0001fde5  abort                         
00000208  antena3_rgb565_data           
00017db8  bajar_rgb565_data             
ffffffff  binit                         
20002024  chipid                        
20002028  cmdBufferRd                   
2000202c  cmdBufferWr                   
00004150  cuatro_rgb565_data            
00019480  encender_rgb565_data          
00000000  g_pfnVectors                  
00008098  la2_rgb565_data               
0000bfe0  lasexta_rgb565_data           
0001f981  main                          
0001f8e5  memcpy                        
0001ab48  quitar_rgb565_data            
0001c210  subir_rgb565_data             
20002030  t                             
0000ff28  telecinco_rgb565_data         
00013e70  tve_rgb565_data               


GLOBAL SYMBOLS: SORTED BY Symbol Address 

address   name                          
-------   ----                          
00000000  __TI_static_base__            
00000000  g_pfnVectors                  
00000208  antena3_rgb565_data           
00002000  __STACK_SIZE                  
00004150  cuatro_rgb565_data            
00008098  la2_rgb565_data               
0000bfe0  lasexta_rgb565_data           
0000ff28  telecinco_rgb565_data         
00013e70  tve_rgb565_data               
00017db8  bajar_rgb565_data             
00019480  encender_rgb565_data          
0001ab48  quitar_rgb565_data            
0001c210  subir_rgb565_data             
0001dc21  HAL_Init_SPI                  
0001dd37  HAL_SPI_ReadWrite             
0001dd73  HAL_SPI_CSLow                 
0001dd85  HAL_SPI_CSHigh                
0001dd99  HAL_SPI_PDlow                 
0001ddab  HAL_SPI_PDhigh                
0001ddbf  Delay                         
0001ddc9  FT800_SPI_SendAddressWR       
0001de1f  FT800_SPI_SendAddressRD       
0001de83  FT800_SPI_Write32             
0001ded9  FT800_SPI_Write16             
0001df0b  FT800_SPI_Write8              
0001df79  FT800_SPI_Read32              
0001e01d  FT800_SPI_Read8               
0001e049  FT800_SPI_HostCommand         
0001e093  FT800_SPI_HostCommandDummyRead
0001e0cf  FT800_IncCMDOffset            
0001e101  Inicia_pantalla               
0001e2ff  ComEsperaFin                  
0001e343  PantOnOff                     
0001e3a3  PWMOnOff                      
0001e3db  EscribeRam32                  
0001e409  EscribeRam16                  
0001e437  EscribeRam8                   
0001e469  EscribeRamTxt                 
0001e495  ComVertex2ff                  
0001e4f5  ComColor                      
0001e54d  ComTXT                        
0001e5b5  ComNum                        
0001e60d  ComTeclas                     
0001e671  Ejecuta_Lista                 
0001e68b  PadFIFO                       
0001e6bd  Dibuja                        
0001e6d3  Nueva_pantalla                
0001e71f  Lee_pantalla                  
0001e753  Lee_Reg                       
0001e76f  Lee_Reg8                      
0001e78f  Esc_Reg                       
0001e7ab  ComScrollbar                  
0001e7f5  ComSlider                     
0001e83f  ComProgressbar                
0001e889  ComDial                       
0001e8d3  ComFgcolor                    
0001e911  ComBgcolor                    
0001e959  ComButton                     
0001e9c5  Boton                         
0001ea59  ComLine                       
0001ea95  ComRect                       
0001eb2f  ComCirculo                    
0001eb6b  Espera_pant                   
0001eb8f  ComLineWidth                  
0001eba1  ComPointSize                  
0001ebb3  Com_Punto                     
0001ebeb  Calibra_touch                 
0001ec57  ComGradient                   
0001ec95  VolNota                       
0001ecb3  TocaNota                      
0001ece9  FinNota                       
0001ed15  Fadeout                       
0001ed59  Fadein                        
0001edf9  UARTStdioConfig               
0001ee3f  UARTwrite                     
0001ee8f  UARTgets                      
0001ef49  UARTgetc                      
0001ef71  UARTvprintf                   
0001f26b  UARTprintf                    
0001f2a1  FT800_LoadAndInflateImage     
0001f2e7  FT800_ShowBitmapSimple        
0001f3e9  InterfazMando                 
0001f579  SysCtlClockFreqSet            
0001f779  GPIOPadConfigSet              
0001f8e5  __aeabi_memcpy                
0001f8e5  __aeabi_memcpy4               
0001f8e5  __aeabi_memcpy8               
0001f8e5  memcpy                        
0001f981  main                          
0001f9f9  __TI_decompress_lzss          
0001fa61  GPIOPinConfigure              
0001faf5  UARTConfigSetExpClk           
0001fb3b  __aeabi_idiv0                 
0001fb3b  __aeabi_ldiv0                 
0001fb3d  __TI_auto_init_nobinit_nopinit
0001fb81  __aeabi_uidiv                 
0001fb81  __aeabi_uidivmod              
0001fbc1  SSIConfigSetExpClk            
0001fbfd  SysCtlPeripheralPresent       
0001fc35  SysCtlPeripheralEnable        
0001fc69  _c_int00_noargs               
0001fc9d  GPIODirModeSet                
0001fcc9  UARTDisable                   
0001fd09  __TI_zero_init_nomemset       
0001fd25  GPIOPinTypeGPIOOutput         
0001fd3f  GPIOPinTypeSSI                
0001fd55  GPIOPinTypeUART               
0001fd6b  UARTEnable                    
0001fd7f  __TI_decompress_none          
0001fd8d  SSIDataGet                    
0001fd99  ResetISR                      
0001fda5  SSIDataPut                    
0001fdaf  SSIEnable                     
0001fdb9  UARTCharGet                   
0001fdc3  UARTCharPut                   
0001fdcd  SSIBusy                       
0001fdd5  GPIOPinWrite                  
0001fddb  SysCtlDelay                   
0001fde1  _system_pre_init              
0001fde5  C$$EXIT                       
0001fde5  abort                         
0001fdf4  __TI_Handler_Table_Base       
0001fe00  __TI_Handler_Table_Limit      
0001fe08  __TI_CINIT_Base               
0001fe18  __TI_CINIT_Limit              
20000000  __stack                       
20000000  __start___llvm_prf_cnts       
20000000  __stop___llvm_prf_cnts        
20000200  __STACK_TOP                   
20002000  BufferXY                      
20002000  __STACK_END                   
20002004  CS_PIN                        
20002008  CS_PORT                       
2000200c  PD_PIN                        
20002010  PD_PORT                       
20002014  POSX                          
20002018  POSY                          
2000201c  RELOJ                         
20002020  SSI_BASE                      
20002024  chipid                        
20002028  cmdBufferRd                   
2000202c  cmdBufferWr                   
20002030  t                             
20002034  POSYANT                       
20002038  CMD_Offset                    
ffffffff  __TI_pprof_out_hndl           
ffffffff  __TI_prof_data_size           
ffffffff  __TI_prof_data_start          
ffffffff  __binit__                     
ffffffff  __c_args__                    
ffffffff  binit                         
UNDEFED   __mpu_init                    
UNDEFED   _system_post_cinit            

[153 symbols]
