<?xml version="1.0" encoding="ISO-8859-1" ?>
<link_info>
   <banner>TI ARM Linker PC v20.2.7.LTS</banner>
   <copyright>Copyright (c) 1996-2018 Texas Instruments Incorporated</copyright>
   <link_time>0x691f711a</link_time>
   <link_errors>0x0</link_errors>
   <output_file>ProyectoSepaPruebas.out</output_file>
   <entry_point>
      <name>_c_int00_noargs</name>
      <address>0x2048d</address>
   </entry_point>
   <input_file_list>
      <input_file id="fl-2">
         <path>.\</path>
         <kind>object</kind>
         <file>ProyectoCompleto.obj</file>
         <name>ProyectoCompleto.obj</name>
      </input_file>
      <input_file id="fl-3">
         <path>.\</path>
         <kind>object</kind>
         <file>ft800_TIVA.obj</file>
         <name>ft800_TIVA.obj</name>
      </input_file>
      <input_file id="fl-4">
         <path>.\</path>
         <kind>object</kind>
         <file>mandolib.obj</file>
         <name>mandolib.obj</name>
      </input_file>
      <input_file id="fl-5">
         <path>.\</path>
         <kind>object</kind>
         <file>signals.obj</file>
         <name>signals.obj</name>
      </input_file>
      <input_file id="fl-6">
         <path>.\</path>
         <kind>object</kind>
         <file>tm4c1294ncpdt_startup_ccs.obj</file>
         <name>tm4c1294ncpdt_startup_ccs.obj</name>
      </input_file>
      <input_file id="fl-7">
         <path>.\</path>
         <kind>object</kind>
         <file>uartstdio.obj</file>
         <name>uartstdio.obj</name>
      </input_file>
      <input_file id="fl-c">
         <kind>object</kind>
         <file>&lt;internal&gt;</file>
         <name>&lt;internal&gt;</name>
      </input_file>
      <input_file id="fl-d">
         <path>C:\ti\TivaWare_C_Series-2.2.0.295\driverlib\ccs\Debug\</path>
         <kind>archive</kind>
         <file>driverlib.lib</file>
         <name>gpio.obj</name>
      </input_file>
      <input_file id="fl-e">
         <path>C:\ti\TivaWare_C_Series-2.2.0.295\driverlib\ccs\Debug\</path>
         <kind>archive</kind>
         <file>driverlib.lib</file>
         <name>interrupt.obj</name>
      </input_file>
      <input_file id="fl-f">
         <path>C:\ti\TivaWare_C_Series-2.2.0.295\driverlib\ccs\Debug\</path>
         <kind>archive</kind>
         <file>driverlib.lib</file>
         <name>pwm.obj</name>
      </input_file>
      <input_file id="fl-10">
         <path>C:\ti\TivaWare_C_Series-2.2.0.295\driverlib\ccs\Debug\</path>
         <kind>archive</kind>
         <file>driverlib.lib</file>
         <name>ssi.obj</name>
      </input_file>
      <input_file id="fl-11">
         <path>C:\ti\TivaWare_C_Series-2.2.0.295\driverlib\ccs\Debug\</path>
         <kind>archive</kind>
         <file>driverlib.lib</file>
         <name>sysctl.obj</name>
      </input_file>
      <input_file id="fl-12">
         <path>C:\ti\TivaWare_C_Series-2.2.0.295\driverlib\ccs\Debug\</path>
         <kind>archive</kind>
         <file>driverlib.lib</file>
         <name>timer.obj</name>
      </input_file>
      <input_file id="fl-13">
         <path>C:\ti\TivaWare_C_Series-2.2.0.295\driverlib\ccs\Debug\</path>
         <kind>archive</kind>
         <file>driverlib.lib</file>
         <name>uart.obj</name>
      </input_file>
      <input_file id="fl-14">
         <path>C:\ti\TivaWare_C_Series-2.2.0.295\driverlib\ccs\Debug\</path>
         <kind>archive</kind>
         <file>driverlib.lib</file>
         <name>cpu.obj</name>
      </input_file>
      <input_file id="fl-ca">
         <path>C:\ti\ccs1281\ccs\tools\compiler\ti-cgt-arm_20.2.7.LTS\lib\</path>
         <kind>archive</kind>
         <file>rtsv7M4_T_le_v4SPD16_eabi.lib</file>
         <name>memcpy_t2.asm.obj</name>
      </input_file>
      <input_file id="fl-cb">
         <path>C:\ti\ccs1281\ccs\tools\compiler\ti-cgt-arm_20.2.7.LTS\lib\</path>
         <kind>archive</kind>
         <file>rtsv7M4_T_le_v4SPD16_eabi.lib</file>
         <name>u_divt2.asm.obj</name>
      </input_file>
      <input_file id="fl-cc">
         <path>C:\ti\ccs1281\ccs\tools\compiler\ti-cgt-arm_20.2.7.LTS\lib\</path>
         <kind>archive</kind>
         <file>rtsv7M4_T_le_v4SPD16_eabi.lib</file>
         <name>copy_zero_init.c.obj</name>
      </input_file>
      <input_file id="fl-cd">
         <path>C:\ti\ccs1281\ccs\tools\compiler\ti-cgt-arm_20.2.7.LTS\lib\</path>
         <kind>archive</kind>
         <file>rtsv7M4_T_le_v4SPD16_eabi.lib</file>
         <name>copy_decompress_none.c.obj</name>
      </input_file>
      <input_file id="fl-ce">
         <path>C:\ti\ccs1281\ccs\tools\compiler\ti-cgt-arm_20.2.7.LTS\lib\</path>
         <kind>archive</kind>
         <file>rtsv7M4_T_le_v4SPD16_eabi.lib</file>
         <name>copy_decompress_lzss.c.obj</name>
      </input_file>
      <input_file id="fl-cf">
         <path>C:\ti\ccs1281\ccs\tools\compiler\ti-cgt-arm_20.2.7.LTS\lib\</path>
         <kind>archive</kind>
         <file>rtsv7M4_T_le_v4SPD16_eabi.lib</file>
         <name>boot_cortex_m.c.obj</name>
      </input_file>
      <input_file id="fl-d0">
         <path>C:\ti\ccs1281\ccs\tools\compiler\ti-cgt-arm_20.2.7.LTS\lib\</path>
         <kind>archive</kind>
         <file>rtsv7M4_T_le_v4SPD16_eabi.lib</file>
         <name>div0.asm.obj</name>
      </input_file>
      <input_file id="fl-d1">
         <path>C:\ti\ccs1281\ccs\tools\compiler\ti-cgt-arm_20.2.7.LTS\lib\</path>
         <kind>archive</kind>
         <file>rtsv7M4_T_le_v4SPD16_eabi.lib</file>
         <name>memset_t2.asm.obj</name>
      </input_file>
      <input_file id="fl-d2">
         <path>C:\ti\ccs1281\ccs\tools\compiler\ti-cgt-arm_20.2.7.LTS\lib\</path>
         <kind>archive</kind>
         <file>rtsv7M4_T_le_v4SPD16_eabi.lib</file>
         <name>autoinit.c.obj</name>
      </input_file>
      <input_file id="fl-d3">
         <path>C:\ti\ccs1281\ccs\tools\compiler\ti-cgt-arm_20.2.7.LTS\lib\</path>
         <kind>archive</kind>
         <file>rtsv7M4_T_le_v4SPD16_eabi.lib</file>
         <name>pre_init.c.obj</name>
      </input_file>
      <input_file id="fl-d4">
         <path>C:\ti\ccs1281\ccs\tools\compiler\ti-cgt-arm_20.2.7.LTS\lib\</path>
         <kind>archive</kind>
         <file>rtsv7M4_T_le_v4SPD16_eabi.lib</file>
         <name>cpy_tbl.c.obj</name>
      </input_file>
      <input_file id="fl-d5">
         <path>C:\ti\ccs1281\ccs\tools\compiler\ti-cgt-arm_20.2.7.LTS\lib\</path>
         <kind>archive</kind>
         <file>rtsv7M4_T_le_v4SPD16_eabi.lib</file>
         <name>exit.c.obj</name>
      </input_file>
      <input_file id="fl-d6">
         <path>C:\ti\ccs1281\ccs\tools\compiler\ti-cgt-arm_20.2.7.LTS\lib\</path>
         <kind>archive</kind>
         <file>rtsv7M4_T_le_v4SPD16_eabi.lib</file>
         <name>_lock.c.obj</name>
      </input_file>
      <input_file id="fl-d7">
         <path>C:\ti\ccs1281\ccs\tools\compiler\ti-cgt-arm_20.2.7.LTS\lib\</path>
         <kind>archive</kind>
         <file>rtsv7M4_T_le_v4SPD16_eabi.lib</file>
         <name>args_main.c.obj</name>
      </input_file>
   </input_file_list>
   <object_component_list>
      <object_component id="oc-12">
         <name>.intvecs</name>
         <load_address>0x0</load_address>
         <run_address>0x0</run_address>
         <size>0x208</size>
         <input_file_ref idref="fl-6"/>
      </object_component>
      <object_component id="oc-147">
         <name>.text</name>
         <load_address>0x1dd90</load_address>
         <run_address>0x1dd90</run_address>
         <size>0x11d8</size>
         <input_file_ref idref="fl-3"/>
      </object_component>
      <object_component id="oc-9b">
         <name>.text</name>
         <load_address>0x1ef68</load_address>
         <run_address>0x1ef68</run_address>
         <size>0x508</size>
         <input_file_ref idref="fl-2"/>
      </object_component>
      <object_component id="oc-e1">
         <name>.text</name>
         <load_address>0x1f470</load_address>
         <run_address>0x1f470</run_address>
         <size>0x4a8</size>
         <input_file_ref idref="fl-7"/>
      </object_component>
      <object_component id="oc-14e">
         <name>.text</name>
         <load_address>0x1f918</load_address>
         <run_address>0x1f918</run_address>
         <size>0x380</size>
         <input_file_ref idref="fl-4"/>
      </object_component>
      <object_component id="oc-c9">
         <name>.text:SysCtlClockFreqSet</name>
         <load_address>0x1fc98</load_address>
         <run_address>0x1fc98</run_address>
         <size>0x200</size>
         <input_file_ref idref="fl-11"/>
      </object_component>
      <object_component id="oc-1e0">
         <name>.text:GPIOPadConfigSet</name>
         <load_address>0x1fe98</load_address>
         <run_address>0x1fe98</run_address>
         <size>0x16c</size>
         <input_file_ref idref="fl-d"/>
      </object_component>
      <object_component id="oc-3b">
         <name>.text</name>
         <load_address>0x20004</load_address>
         <run_address>0x20004</run_address>
         <size>0x9c</size>
         <input_file_ref idref="fl-ca"/>
      </object_component>
      <object_component id="oc-129">
         <name>.text:IntEnable</name>
         <load_address>0x200a0</load_address>
         <run_address>0x200a0</run_address>
         <size>0x68</size>
         <input_file_ref idref="fl-e"/>
      </object_component>
      <object_component id="oc-15">
         <name>.text:decompress:lzss:__TI_decompress_lzss</name>
         <load_address>0x20108</load_address>
         <run_address>0x20108</run_address>
         <size>0x68</size>
         <input_file_ref idref="fl-ce"/>
      </object_component>
      <object_component id="oc-117">
         <name>.text:TimerConfigure</name>
         <load_address>0x20170</load_address>
         <run_address>0x20170</run_address>
         <size>0x60</size>
         <input_file_ref idref="fl-12"/>
      </object_component>
      <object_component id="oc-d5">
         <name>.text:GPIOPinConfigure</name>
         <load_address>0x201d0</load_address>
         <run_address>0x201d0</run_address>
         <size>0x4c</size>
         <input_file_ref idref="fl-d"/>
      </object_component>
      <object_component id="oc-229">
         <name>.text:_TimerIntNumberGet</name>
         <load_address>0x2021c</load_address>
         <run_address>0x2021c</run_address>
         <size>0x4c</size>
         <input_file_ref idref="fl-12"/>
      </object_component>
      <object_component id="oc-1be">
         <name>.text:_SysCtlFrequencyGet</name>
         <load_address>0x20268</load_address>
         <run_address>0x20268</run_address>
         <size>0x48</size>
         <input_file_ref idref="fl-11"/>
      </object_component>
      <object_component id="oc-1ed">
         <name>.text:UARTConfigSetExpClk</name>
         <load_address>0x202b0</load_address>
         <run_address>0x202b0</run_address>
         <size>0x46</size>
         <input_file_ref idref="fl-13"/>
      </object_component>
      <object_component id="oc-319">
         <name>.text</name>
         <load_address>0x202f6</load_address>
         <run_address>0x202f6</run_address>
         <size>0x2</size>
         <input_file_ref idref="fl-d0"/>
      </object_component>
      <object_component id="oc-175">
         <name>.text:__TI_auto_init_nobinit_nopinit:__TI_auto_init_nobinit_nopinit</name>
         <load_address>0x202f8</load_address>
         <run_address>0x202f8</run_address>
         <size>0x44</size>
         <input_file_ref idref="fl-d2"/>
      </object_component>
      <object_component id="oc-20e">
         <name>.text</name>
         <load_address>0x2033c</load_address>
         <run_address>0x2033c</run_address>
         <size>0x40</size>
         <input_file_ref idref="fl-cb"/>
      </object_component>
      <object_component id="oc-251">
         <name>.text:SSIConfigSetExpClk</name>
         <load_address>0x2037c</load_address>
         <run_address>0x2037c</run_address>
         <size>0x3c</size>
         <input_file_ref idref="fl-10"/>
      </object_component>
      <object_component id="oc-1e7">
         <name>.text:SysCtlPeripheralPresent</name>
         <load_address>0x203b8</load_address>
         <run_address>0x203b8</run_address>
         <size>0x38</size>
         <input_file_ref idref="fl-11"/>
      </object_component>
      <object_component id="oc-22f">
         <name>.text:IntRegister</name>
         <load_address>0x203f0</load_address>
         <run_address>0x203f0</run_address>
         <size>0x34</size>
         <input_file_ref idref="fl-e"/>
      </object_component>
      <object_component id="oc-cf">
         <name>.text:SysCtlPeripheralEnable</name>
         <load_address>0x20424</load_address>
         <run_address>0x20424</run_address>
         <size>0x34</size>
         <input_file_ref idref="fl-11"/>
      </object_component>
      <object_component id="oc-141">
         <name>.text:SysCtlPeripheralSleepEnable</name>
         <load_address>0x20458</load_address>
         <run_address>0x20458</run_address>
         <size>0x34</size>
         <input_file_ref idref="fl-11"/>
      </object_component>
      <object_component id="oc-59">
         <name>.text:_c_int00_noargs:_c_int00_noargs</name>
         <load_address>0x2048c</load_address>
         <run_address>0x2048c</run_address>
         <size>0x34</size>
         <input_file_ref idref="fl-cf"/>
      </object_component>
      <object_component id="oc-1da">
         <name>.text:GPIODirModeSet</name>
         <load_address>0x204c0</load_address>
         <run_address>0x204c0</run_address>
         <size>0x2c</size>
         <input_file_ref idref="fl-d"/>
      </object_component>
      <object_component id="oc-f3">
         <name>.text:PWMGenConfigure</name>
         <load_address>0x204ec</load_address>
         <run_address>0x204ec</run_address>
         <size>0x22</size>
         <input_file_ref idref="fl-f"/>
      </object_component>
      <object_component id="oc-308">
         <name>.text:UARTDisable</name>
         <load_address>0x20510</load_address>
         <run_address>0x20510</run_address>
         <size>0x20</size>
         <input_file_ref idref="fl-13"/>
      </object_component>
      <object_component id="oc-1b8">
         <name>.text:_SysCtlMemTimingGet</name>
         <load_address>0x20530</load_address>
         <run_address>0x20530</run_address>
         <size>0x20</size>
         <input_file_ref idref="fl-11"/>
      </object_component>
      <object_component id="oc-ff">
         <name>.text:PWMPulseWidthSet</name>
         <load_address>0x20550</load_address>
         <run_address>0x20550</run_address>
         <size>0x1e</size>
         <input_file_ref idref="fl-f"/>
      </object_component>
      <object_component id="oc-47">
         <name>.text:decompress:ZI:__TI_zero_init_nomemset:__TI_zero_init_nomemset</name>
         <load_address>0x2056e</load_address>
         <run_address>0x2056e</run_address>
         <size>0x1c</size>
         <input_file_ref idref="fl-cc"/>
      </object_component>
      <object_component id="oc-245">
         <name>.text:GPIOPinTypeGPIOOutput</name>
         <load_address>0x2058a</load_address>
         <run_address>0x2058a</run_address>
         <size>0x1a</size>
         <input_file_ref idref="fl-d"/>
      </object_component>
      <object_component id="oc-123">
         <name>.text:TimerIntRegister</name>
         <load_address>0x205a4</load_address>
         <run_address>0x205a4</run_address>
         <size>0x18</size>
         <input_file_ref idref="fl-12"/>
      </object_component>
      <object_component id="oc-ed">
         <name>.text:GPIOPinTypePWM</name>
         <load_address>0x205bc</load_address>
         <run_address>0x205bc</run_address>
         <size>0x16</size>
         <input_file_ref idref="fl-d"/>
      </object_component>
      <object_component id="oc-24b">
         <name>.text:GPIOPinTypeSSI</name>
         <load_address>0x205d2</load_address>
         <run_address>0x205d2</run_address>
         <size>0x16</size>
         <input_file_ref idref="fl-d"/>
      </object_component>
      <object_component id="oc-db">
         <name>.text:GPIOPinTypeUART</name>
         <load_address>0x205e8</load_address>
         <run_address>0x205e8</run_address>
         <size>0x16</size>
         <input_file_ref idref="fl-d"/>
      </object_component>
      <object_component id="oc-e7">
         <name>.text:PWMClockSet</name>
         <load_address>0x20600</load_address>
         <run_address>0x20600</run_address>
         <size>0x14</size>
         <input_file_ref idref="fl-f"/>
      </object_component>
      <object_component id="oc-1f3">
         <name>.text:UARTEnable</name>
         <load_address>0x20614</load_address>
         <run_address>0x20614</run_address>
         <size>0x14</size>
         <input_file_ref idref="fl-13"/>
      </object_component>
      <object_component id="oc-10b">
         <name>.text:PWMOutputState</name>
         <load_address>0x20628</load_address>
         <run_address>0x20628</run_address>
         <size>0x12</size>
         <input_file_ref idref="fl-f"/>
      </object_component>
      <object_component id="oc-11d">
         <name>.text:TimerLoadSet</name>
         <load_address>0x2063a</load_address>
         <run_address>0x2063a</run_address>
         <size>0x12</size>
         <input_file_ref idref="fl-12"/>
      </object_component>
      <object_component id="oc-135">
         <name>.text:IntMasterEnable</name>
         <load_address>0x2064c</load_address>
         <run_address>0x2064c</run_address>
         <size>0x10</size>
         <input_file_ref idref="fl-e"/>
      </object_component>
      <object_component id="oc-f9">
         <name>.text:PWMGenPeriodSet</name>
         <load_address>0x2065c</load_address>
         <run_address>0x2065c</run_address>
         <size>0x10</size>
         <input_file_ref idref="fl-f"/>
      </object_component>
      <object_component id="oc-13b">
         <name>.text:TimerEnable</name>
         <load_address>0x2066c</load_address>
         <run_address>0x2066c</run_address>
         <size>0xe</size>
         <input_file_ref idref="fl-12"/>
      </object_component>
      <object_component id="oc-1b">
         <name>.text:decompress:none:__TI_decompress_none</name>
         <load_address>0x2067a</load_address>
         <run_address>0x2067a</run_address>
         <size>0xe</size>
         <input_file_ref idref="fl-cd"/>
      </object_component>
      <object_component id="oc-23c">
         <name>.text:CPUcpsie</name>
         <load_address>0x20688</load_address>
         <run_address>0x20688</run_address>
         <size>0xc</size>
         <input_file_ref idref="fl-14"/>
      </object_component>
      <object_component id="oc-105">
         <name>.text:PWMGenEnable</name>
         <load_address>0x20694</load_address>
         <run_address>0x20694</run_address>
         <size>0xc</size>
         <input_file_ref idref="fl-f"/>
      </object_component>
      <object_component id="oc-269">
         <name>.text:SSIDataGet</name>
         <load_address>0x206a0</load_address>
         <run_address>0x206a0</run_address>
         <size>0xc</size>
         <input_file_ref idref="fl-10"/>
      </object_component>
      <object_component id="oc-27">
         <name>.text</name>
         <load_address>0x206ac</load_address>
         <run_address>0x206ac</run_address>
         <size>0xc</size>
         <input_file_ref idref="fl-6"/>
      </object_component>
      <object_component id="oc-25d">
         <name>.text:SSIDataPut</name>
         <load_address>0x206b8</load_address>
         <run_address>0x206b8</run_address>
         <size>0xa</size>
         <input_file_ref idref="fl-10"/>
      </object_component>
      <object_component id="oc-257">
         <name>.text:SSIEnable</name>
         <load_address>0x206c2</load_address>
         <run_address>0x206c2</run_address>
         <size>0xa</size>
         <input_file_ref idref="fl-10"/>
      </object_component>
      <object_component id="oc-1ff">
         <name>.text:UARTCharGet</name>
         <load_address>0x206cc</load_address>
         <run_address>0x206cc</run_address>
         <size>0xa</size>
         <input_file_ref idref="fl-13"/>
      </object_component>
      <object_component id="oc-1f9">
         <name>.text:UARTCharPut</name>
         <load_address>0x206d6</load_address>
         <run_address>0x206d6</run_address>
         <size>0xa</size>
         <input_file_ref idref="fl-13"/>
      </object_component>
      <object_component id="oc-263">
         <name>.text:SSIBusy</name>
         <load_address>0x206e0</load_address>
         <run_address>0x206e0</run_address>
         <size>0x8</size>
         <input_file_ref idref="fl-10"/>
      </object_component>
      <object_component id="oc-12f">
         <name>.text:TimerIntEnable</name>
         <load_address>0x206e8</load_address>
         <run_address>0x206e8</run_address>
         <size>0x8</size>
         <input_file_ref idref="fl-12"/>
      </object_component>
      <object_component id="oc-26f">
         <name>.text:GPIOPinWrite</name>
         <load_address>0x206f0</load_address>
         <run_address>0x206f0</run_address>
         <size>0x6</size>
         <input_file_ref idref="fl-d"/>
      </object_component>
      <object_component id="oc-14d">
         <name>.text:SysCtlDelay</name>
         <load_address>0x206f6</load_address>
         <run_address>0x206f6</run_address>
         <size>0x6</size>
         <input_file_ref idref="fl-11"/>
      </object_component>
      <object_component id="oc-111">
         <name>.text:TimerClockSourceSet</name>
         <load_address>0x206fc</load_address>
         <run_address>0x206fc</run_address>
         <size>0x6</size>
         <input_file_ref idref="fl-12"/>
      </object_component>
      <object_component id="oc-15f">
         <name>.text:TimerIntClear</name>
         <load_address>0x20702</load_address>
         <run_address>0x20702</run_address>
         <size>0x4</size>
         <input_file_ref idref="fl-12"/>
      </object_component>
      <object_component id="oc-95">
         <name>.text:_system_pre_init</name>
         <load_address>0x20706</load_address>
         <run_address>0x20706</run_address>
         <size>0x4</size>
         <input_file_ref idref="fl-d3"/>
      </object_component>
      <object_component id="oc-169">
         <name>.text:abort:abort</name>
         <load_address>0x2070a</load_address>
         <run_address>0x2070a</run_address>
         <size>0x4</size>
         <input_file_ref idref="fl-d5"/>
      </object_component>
      <object_component id="oc-285">
         <name>.const:.string:antena3_rgb565_data</name>
         <load_address>0x208</load_address>
         <run_address>0x208</run_address>
         <size>0x3f48</size>
         <input_file_ref idref="fl-4"/>
      </object_component>
      <object_component id="oc-288">
         <name>.const:.string:cuatro_rgb565_data</name>
         <load_address>0x4150</load_address>
         <run_address>0x4150</run_address>
         <size>0x3f48</size>
         <input_file_ref idref="fl-4"/>
      </object_component>
      <object_component id="oc-282">
         <name>.const:.string:la2_rgb565_data</name>
         <load_address>0x8098</load_address>
         <run_address>0x8098</run_address>
         <size>0x3f48</size>
         <input_file_ref idref="fl-4"/>
      </object_component>
      <object_component id="oc-28e">
         <name>.const:.string:lasexta_rgb565_data</name>
         <load_address>0xbfe0</load_address>
         <run_address>0xbfe0</run_address>
         <size>0x3f48</size>
         <input_file_ref idref="fl-4"/>
      </object_component>
      <object_component id="oc-28b">
         <name>.const:.string:telecinco_rgb565_data</name>
         <load_address>0xff28</load_address>
         <run_address>0xff28</run_address>
         <size>0x3f48</size>
         <input_file_ref idref="fl-4"/>
      </object_component>
      <object_component id="oc-27f">
         <name>.const:.string:tve_rgb565_data</name>
         <load_address>0x13e70</load_address>
         <run_address>0x13e70</run_address>
         <size>0x3f48</size>
         <input_file_ref idref="fl-4"/>
      </object_component>
      <object_component id="oc-297">
         <name>.const:.string:bajar_rgb565_data</name>
         <load_address>0x17db8</load_address>
         <run_address>0x17db8</run_address>
         <size>0x16c8</size>
         <input_file_ref idref="fl-4"/>
      </object_component>
      <object_component id="oc-291">
         <name>.const:.string:encender_rgb565_data</name>
         <load_address>0x19480</load_address>
         <run_address>0x19480</run_address>
         <size>0x16c8</size>
         <input_file_ref idref="fl-4"/>
      </object_component>
      <object_component id="oc-29a">
         <name>.const:.string:quitar_rgb565_data</name>
         <load_address>0x1ab48</load_address>
         <run_address>0x1ab48</run_address>
         <size>0x16c8</size>
         <input_file_ref idref="fl-4"/>
      </object_component>
      <object_component id="oc-294">
         <name>.const:.string:subir_rgb565_data</name>
         <load_address>0x1c210</load_address>
         <run_address>0x1c210</run_address>
         <size>0x16c8</size>
         <input_file_ref idref="fl-4"/>
      </object_component>
      <object_component id="oc-1c7">
         <name>.const:g_pppui32XTALtoVCO</name>
         <load_address>0x1d8d8</load_address>
         <run_address>0x1d8d8</run_address>
         <size>0x1b0</size>
         <input_file_ref idref="fl-11"/>
      </object_component>
      <object_component id="oc-1d5">
         <name>.const:g_pui32GPIOBaseAddrs</name>
         <load_address>0x1da88</load_address>
         <run_address>0x1da88</run_address>
         <size>0x90</size>
         <input_file_ref idref="fl-d"/>
      </object_component>
      <object_component id="oc-2b7">
         <name>.const:ir_signal</name>
         <load_address>0x1db18</load_address>
         <run_address>0x1db18</run_address>
         <size>0x8a</size>
         <input_file_ref idref="fl-5"/>
      </object_component>
      <object_component id="oc-1c4">
         <name>.const:g_pui32Xtals</name>
         <load_address>0x1dba4</load_address>
         <run_address>0x1dba4</run_address>
         <size>0x6c</size>
         <input_file_ref idref="fl-11"/>
      </object_component>
      <object_component id="oc-328">
         <name>.const:g_ppui32TimerIntMap</name>
         <load_address>0x1dc10</load_address>
         <run_address>0x1dc10</run_address>
         <size>0x60</size>
         <input_file_ref idref="fl-12"/>
      </object_component>
      <object_component id="oc-32b">
         <name>.const:g_ppui32TimerIntMapSnowflake</name>
         <load_address>0x1dc70</load_address>
         <run_address>0x1dc70</run_address>
         <size>0x40</size>
         <input_file_ref idref="fl-12"/>
      </object_component>
      <object_component id="oc-2e1">
         <name>.const:g_sXTALtoMEMTIM</name>
         <load_address>0x1dcb0</load_address>
         <run_address>0x1dcb0</run_address>
         <size>0x30</size>
         <input_file_ref idref="fl-11"/>
      </object_component>
      <object_component id="oc-155">
         <name>.const:REG_CAL</name>
         <load_address>0x1dce0</load_address>
         <run_address>0x1dce0</run_address>
         <size>0x18</size>
         <input_file_ref idref="fl-2"/>
      </object_component>
      <object_component id="oc-2a6">
         <name>.const:$P$T3$4</name>
         <load_address>0x1dcf8</load_address>
         <run_address>0x1dcf8</run_address>
         <size>0x14</size>
         <input_file_ref idref="fl-4"/>
      </object_component>
      <object_component id="oc-2a9">
         <name>.const:$P$T4$5</name>
         <load_address>0x1dd0c</load_address>
         <run_address>0x1dd0c</run_address>
         <size>0x14</size>
         <input_file_ref idref="fl-4"/>
      </object_component>
      <object_component id="oc-236">
         <name>.const:g_pui32EnRegs</name>
         <load_address>0x1dd20</load_address>
         <run_address>0x1dd20</run_address>
         <size>0x14</size>
         <input_file_ref idref="fl-e"/>
      </object_component>
      <object_component id="oc-31f">
         <name>.const:.string</name>
         <load_address>0x1dd34</load_address>
         <run_address>0x1dd34</run_address>
         <size>0x12</size>
         <input_file_ref idref="fl-7"/>
      </object_component>
      <object_component id="oc-15c">
         <name>.const:SIGNAL_MANDO_0</name>
         <load_address>0x1dd48</load_address>
         <run_address>0x1dd48</run_address>
         <size>0x10</size>
         <input_file_ref idref="fl-5"/>
      </object_component>
      <object_component id="oc-20b">
         <name>.const:g_ui32UARTBase</name>
         <load_address>0x1dd58</load_address>
         <run_address>0x1dd58</run_address>
         <size>0xc</size>
         <input_file_ref idref="fl-7"/>
      </object_component>
      <object_component id="oc-205">
         <name>.const:g_ui32UARTPeriph</name>
         <load_address>0x1dd64</load_address>
         <run_address>0x1dd64</run_address>
         <size>0xc</size>
         <input_file_ref idref="fl-7"/>
      </object_component>
      <object_component id="oc-2ba">
         <name>.const:.string</name>
         <load_address>0x1dd70</load_address>
         <run_address>0x1dd70</run_address>
         <size>0x8</size>
         <input_file_ref idref="fl-5"/>
      </object_component>
      <object_component id="oc-1ca">
         <name>.const:g_pui32VCOFrequencies</name>
         <load_address>0x1dd78</load_address>
         <run_address>0x1dd78</run_address>
         <size>0x8</size>
         <input_file_ref idref="fl-11"/>
      </object_component>
      <object_component id="oc-29d">
         <name>.const:$P$T0$1</name>
         <load_address>0x1dd80</load_address>
         <run_address>0x1dd80</run_address>
         <size>0x4</size>
         <input_file_ref idref="fl-4"/>
      </object_component>
      <object_component id="oc-2a0">
         <name>.const:$P$T1$2</name>
         <load_address>0x1dd84</load_address>
         <run_address>0x1dd84</run_address>
         <size>0x4</size>
         <input_file_ref idref="fl-4"/>
      </object_component>
      <object_component id="oc-2a3">
         <name>.const:$P$T2$3</name>
         <load_address>0x1dd88</load_address>
         <run_address>0x1dd88</run_address>
         <size>0x4</size>
         <input_file_ref idref="fl-4"/>
      </object_component>
      <object_component id="oc-213">
         <name>.const</name>
         <load_address>0x1dd8c</load_address>
         <run_address>0x1dd8c</run_address>
         <size>0x4</size>
         <input_file_ref idref="fl-7"/>
      </object_component>
      <object_component id="oc-3db">
         <name>.cinit..data.load</name>
         <load_address>0x20710</load_address>
         <run_address>0x20710</run_address>
         <size>0xc</size>
      </object_component>
      <object_component id="oc-3d8">
         <name>__TI_handler_table</name>
         <load_address>0x2071c</load_address>
         <run_address>0x2071c</run_address>
         <size>0xc</size>
      </object_component>
      <object_component id="oc-3dc">
         <name>.cinit..bss.load</name>
         <load_address>0x20728</load_address>
         <run_address>0x20728</run_address>
         <size>0x8</size>
      </object_component>
      <object_component id="oc-3da">
         <name>.cinit..vtable.load</name>
         <load_address>0x20730</load_address>
         <run_address>0x20730</run_address>
         <size>0x8</size>
      </object_component>
      <object_component id="oc-3d9">
         <name>__TI_cinit_table</name>
         <load_address>0x20738</load_address>
         <run_address>0x20738</run_address>
         <size>0x18</size>
      </object_component>
      <object_component id="oc-32f">
         <name>.vtable</name>
         <uninitialized>true</uninitialized>
         <run_address>0x20000000</run_address>
         <size>0x26c</size>
         <input_file_ref idref="fl-e"/>
      </object_component>
      <object_component id="oc-165">
         <name>.data</name>
         <load_address>0x200022b4</load_address>
         <run_address>0x200022b4</run_address>
         <size>0x4</size>
         <input_file_ref idref="fl-2"/>
      </object_component>
      <object_component id="oc-27a">
         <name>.data</name>
         <load_address>0x20002294</load_address>
         <run_address>0x20002294</run_address>
         <size>0x18</size>
         <input_file_ref idref="fl-3"/>
      </object_component>
      <object_component id="oc-208">
         <name>.data</name>
         <load_address>0x200022ac</load_address>
         <run_address>0x200022ac</run_address>
         <size>0x5</size>
         <input_file_ref idref="fl-7"/>
      </object_component>
      <object_component id="oc-154">
         <name>.common:RELOJ</name>
         <uninitialized>true</uninitialized>
         <run_address>0x2000228c</run_address>
         <size>0x4</size>
      </object_component>
      <object_component id="oc-158">
         <name>.common:POSX</name>
         <uninitialized>true</uninitialized>
         <run_address>0x20002284</run_address>
         <size>0x4</size>
      </object_component>
      <object_component id="oc-15b">
         <name>.common:POSY</name>
         <uninitialized>true</uninitialized>
         <run_address>0x20002288</run_address>
         <size>0x4</size>
      </object_component>
      <object_component id="oc-27d">
         <name>.common:BufferXY</name>
         <uninitialized>true</uninitialized>
         <run_address>0x20002270</run_address>
         <size>0x4</size>
      </object_component>
      <object_component id="oc-279">
         <name>.common:SSI_BASE</name>
         <uninitialized>true</uninitialized>
         <run_address>0x20002290</run_address>
         <size>0x4</size>
      </object_component>
      <object_component id="oc-275">
         <name>.common:CS_PORT</name>
         <uninitialized>true</uninitialized>
         <run_address>0x20002278</run_address>
         <size>0x4</size>
      </object_component>
      <object_component id="oc-276">
         <name>.common:CS_PIN</name>
         <uninitialized>true</uninitialized>
         <run_address>0x20002274</run_address>
         <size>0x4</size>
      </object_component>
      <object_component id="oc-277">
         <name>.common:PD_PORT</name>
         <uninitialized>true</uninitialized>
         <run_address>0x20002280</run_address>
         <size>0x4</size>
      </object_component>
      <object_component id="oc-278">
         <name>.common:PD_PIN</name>
         <uninitialized>true</uninitialized>
         <run_address>0x2000227c</run_address>
         <size>0x4</size>
      </object_component>
      <object_component id="oc-24">
         <name>.stack</name>
         <uninitialized>true</uninitialized>
         <run_address>0x20000270</run_address>
         <size>0x4</size>
         <input_file_ref idref="fl-cf"/>
      </object_component>
      <object_component id="oc-3de">
         <name>.stack</name>
         <uninitialized>true</uninitialized>
         <run_address>0x20000270</run_address>
         <size>0x0</size>
      </object_component>
      <object_component id="oc-b7">
         <name>.debug_info</name>
         <load_address>0x0</load_address>
         <run_address>0x0</run_address>
         <size>0x9a0</size>
         <input_file_ref idref="fl-2"/>
      </object_component>
      <object_component id="oc-156">
         <name>.debug_info</name>
         <load_address>0x9a0</load_address>
         <run_address>0x9a0</run_address>
         <size>0xe5</size>
         <input_file_ref idref="fl-2"/>
      </object_component>
      <object_component id="oc-166">
         <name>.debug_info</name>
         <load_address>0xa85</load_address>
         <run_address>0xa85</run_address>
         <size>0xe9</size>
         <input_file_ref idref="fl-2"/>
      </object_component>
      <object_component id="oc-9c">
         <name>.debug_info</name>
         <load_address>0xb6e</load_address>
         <run_address>0xb6e</run_address>
         <size>0x6b4</size>
         <input_file_ref idref="fl-2"/>
      </object_component>
      <object_component id="oc-1a9">
         <name>.debug_info</name>
         <load_address>0x1222</load_address>
         <run_address>0x1222</run_address>
         <size>0x86</size>
         <input_file_ref idref="fl-2"/>
      </object_component>
      <object_component id="oc-70">
         <name>.debug_info</name>
         <load_address>0x12a8</load_address>
         <run_address>0x12a8</run_address>
         <size>0x26b</size>
         <input_file_ref idref="fl-2"/>
      </object_component>
      <object_component id="oc-1b3">
         <name>.debug_info</name>
         <load_address>0x1513</load_address>
         <run_address>0x1513</run_address>
         <size>0x110</size>
         <input_file_ref idref="fl-2"/>
      </object_component>
      <object_component id="oc-1ae">
         <name>.debug_info</name>
         <load_address>0x1623</load_address>
         <run_address>0x1623</run_address>
         <size>0x186</size>
         <input_file_ref idref="fl-2"/>
      </object_component>
      <object_component id="oc-b2">
         <name>.debug_info</name>
         <load_address>0x17a9</load_address>
         <run_address>0x17a9</run_address>
         <size>0x8b</size>
         <input_file_ref idref="fl-2"/>
      </object_component>
      <object_component id="oc-ad">
         <name>.debug_info</name>
         <load_address>0x1834</load_address>
         <run_address>0x1834</run_address>
         <size>0x2a4</size>
         <input_file_ref idref="fl-2"/>
      </object_component>
      <object_component id="oc-75">
         <name>.debug_info</name>
         <load_address>0x1ad8</load_address>
         <run_address>0x1ad8</run_address>
         <size>0xbb</size>
         <input_file_ref idref="fl-2"/>
      </object_component>
      <object_component id="oc-218">
         <name>.debug_info</name>
         <load_address>0x1b93</load_address>
         <run_address>0x1b93</run_address>
         <size>0x2c</size>
         <input_file_ref idref="fl-2"/>
      </object_component>
      <object_component id="oc-159">
         <name>.debug_info</name>
         <load_address>0x1bbf</load_address>
         <run_address>0x1bbf</run_address>
         <size>0x5a9</size>
         <input_file_ref idref="fl-3"/>
      </object_component>
      <object_component id="oc-27b">
         <name>.debug_info</name>
         <load_address>0x2168</load_address>
         <run_address>0x2168</run_address>
         <size>0x182</size>
         <input_file_ref idref="fl-3"/>
      </object_component>
      <object_component id="oc-14b">
         <name>.debug_info</name>
         <load_address>0x22ea</load_address>
         <run_address>0x22ea</run_address>
         <size>0x4840</size>
         <input_file_ref idref="fl-3"/>
      </object_component>
      <object_component id="oc-2ad">
         <name>.debug_info</name>
         <load_address>0x6b2a</load_address>
         <run_address>0x6b2a</run_address>
         <size>0x4b8</size>
         <input_file_ref idref="fl-4"/>
      </object_component>
      <object_component id="oc-280">
         <name>.debug_info</name>
         <load_address>0x6fe2</load_address>
         <run_address>0x6fe2</run_address>
         <size>0xed</size>
         <input_file_ref idref="fl-4"/>
      </object_component>
      <object_component id="oc-283">
         <name>.debug_info</name>
         <load_address>0x70cf</load_address>
         <run_address>0x70cf</run_address>
         <size>0xee</size>
         <input_file_ref idref="fl-4"/>
      </object_component>
      <object_component id="oc-286">
         <name>.debug_info</name>
         <load_address>0x71bd</load_address>
         <run_address>0x71bd</run_address>
         <size>0xf6</size>
         <input_file_ref idref="fl-4"/>
      </object_component>
      <object_component id="oc-289">
         <name>.debug_info</name>
         <load_address>0x72b3</load_address>
         <run_address>0x72b3</run_address>
         <size>0xf4</size>
         <input_file_ref idref="fl-4"/>
      </object_component>
      <object_component id="oc-28c">
         <name>.debug_info</name>
         <load_address>0x73a7</load_address>
         <run_address>0x73a7</run_address>
         <size>0xfa</size>
         <input_file_ref idref="fl-4"/>
      </object_component>
      <object_component id="oc-28f">
         <name>.debug_info</name>
         <load_address>0x74a1</load_address>
         <run_address>0x74a1</run_address>
         <size>0xf6</size>
         <input_file_ref idref="fl-4"/>
      </object_component>
      <object_component id="oc-292">
         <name>.debug_info</name>
         <load_address>0x7597</load_address>
         <run_address>0x7597</run_address>
         <size>0xf8</size>
         <input_file_ref idref="fl-4"/>
      </object_component>
      <object_component id="oc-295">
         <name>.debug_info</name>
         <load_address>0x768f</load_address>
         <run_address>0x768f</run_address>
         <size>0xf2</size>
         <input_file_ref idref="fl-4"/>
      </object_component>
      <object_component id="oc-298">
         <name>.debug_info</name>
         <load_address>0x7781</load_address>
         <run_address>0x7781</run_address>
         <size>0xf2</size>
         <input_file_ref idref="fl-4"/>
      </object_component>
      <object_component id="oc-29b">
         <name>.debug_info</name>
         <load_address>0x7873</load_address>
         <run_address>0x7873</run_address>
         <size>0xf4</size>
         <input_file_ref idref="fl-4"/>
      </object_component>
      <object_component id="oc-29e">
         <name>.debug_info</name>
         <load_address>0x7967</load_address>
         <run_address>0x7967</run_address>
         <size>0xdc</size>
         <input_file_ref idref="fl-4"/>
      </object_component>
      <object_component id="oc-2a1">
         <name>.debug_info</name>
         <load_address>0x7a43</load_address>
         <run_address>0x7a43</run_address>
         <size>0xdc</size>
         <input_file_ref idref="fl-4"/>
      </object_component>
      <object_component id="oc-2a4">
         <name>.debug_info</name>
         <load_address>0x7b1f</load_address>
         <run_address>0x7b1f</run_address>
         <size>0xdc</size>
         <input_file_ref idref="fl-4"/>
      </object_component>
      <object_component id="oc-2a7">
         <name>.debug_info</name>
         <load_address>0x7bfb</load_address>
         <run_address>0x7bfb</run_address>
         <size>0xdc</size>
         <input_file_ref idref="fl-4"/>
      </object_component>
      <object_component id="oc-2aa">
         <name>.debug_info</name>
         <load_address>0x7cd7</load_address>
         <run_address>0x7cd7</run_address>
         <size>0xdc</size>
         <input_file_ref idref="fl-4"/>
      </object_component>
      <object_component id="oc-14f">
         <name>.debug_info</name>
         <load_address>0x7db3</load_address>
         <run_address>0x7db3</run_address>
         <size>0xa60</size>
         <input_file_ref idref="fl-4"/>
      </object_component>
      <object_component id="oc-2ae">
         <name>.debug_info</name>
         <load_address>0x8813</load_address>
         <run_address>0x8813</run_address>
         <size>0xcc</size>
         <input_file_ref idref="fl-4"/>
      </object_component>
      <object_component id="oc-2bd">
         <name>.debug_info</name>
         <load_address>0x88df</load_address>
         <run_address>0x88df</run_address>
         <size>0xf8</size>
         <input_file_ref idref="fl-5"/>
      </object_component>
      <object_component id="oc-2b8">
         <name>.debug_info</name>
         <load_address>0x89d7</load_address>
         <run_address>0x89d7</run_address>
         <size>0xe0</size>
         <input_file_ref idref="fl-5"/>
      </object_component>
      <object_component id="oc-15d">
         <name>.debug_info</name>
         <load_address>0x8ab7</load_address>
         <run_address>0x8ab7</run_address>
         <size>0xea</size>
         <input_file_ref idref="fl-5"/>
      </object_component>
      <object_component id="oc-367">
         <name>.debug_info</name>
         <load_address>0x8ba1</load_address>
         <run_address>0x8ba1</run_address>
         <size>0x86</size>
         <input_file_ref idref="fl-5"/>
      </object_component>
      <object_component id="oc-36">
         <name>.debug_info</name>
         <load_address>0x8c27</load_address>
         <run_address>0x8c27</run_address>
         <size>0x84</size>
         <input_file_ref idref="fl-5"/>
      </object_component>
      <object_component id="oc-39b">
         <name>.debug_info</name>
         <load_address>0x8cab</load_address>
         <run_address>0x8cab</run_address>
         <size>0x53</size>
         <input_file_ref idref="fl-5"/>
      </object_component>
      <object_component id="oc-2f">
         <name>.debug_info</name>
         <load_address>0x8cfe</load_address>
         <run_address>0x8cfe</run_address>
         <size>0x2b9</size>
         <input_file_ref idref="fl-6"/>
      </object_component>
      <object_component id="oc-13">
         <name>.debug_info</name>
         <load_address>0x8fb7</load_address>
         <run_address>0x8fb7</run_address>
         <size>0xf8</size>
         <input_file_ref idref="fl-6"/>
      </object_component>
      <object_component id="oc-28">
         <name>.debug_info</name>
         <load_address>0x90af</load_address>
         <run_address>0x90af</run_address>
         <size>0x277</size>
         <input_file_ref idref="fl-6"/>
      </object_component>
      <object_component id="oc-217">
         <name>.debug_info</name>
         <load_address>0x9326</load_address>
         <run_address>0x9326</run_address>
         <size>0x3ec</size>
         <input_file_ref idref="fl-7"/>
      </object_component>
      <object_component id="oc-209">
         <name>.debug_info</name>
         <load_address>0x9712</load_address>
         <run_address>0x9712</run_address>
         <size>0xe3</size>
         <input_file_ref idref="fl-7"/>
      </object_component>
      <object_component id="oc-214">
         <name>.debug_info</name>
         <load_address>0x97f5</load_address>
         <run_address>0x97f5</run_address>
         <size>0xdd</size>
         <input_file_ref idref="fl-7"/>
      </object_component>
      <object_component id="oc-20c">
         <name>.debug_info</name>
         <load_address>0x98d2</load_address>
         <run_address>0x98d2</run_address>
         <size>0xeb</size>
         <input_file_ref idref="fl-7"/>
      </object_component>
      <object_component id="oc-206">
         <name>.debug_info</name>
         <load_address>0x99bd</load_address>
         <run_address>0x99bd</run_address>
         <size>0xef</size>
         <input_file_ref idref="fl-7"/>
      </object_component>
      <object_component id="oc-e2">
         <name>.debug_info</name>
         <load_address>0x9aac</load_address>
         <run_address>0x9aac</run_address>
         <size>0x78c</size>
         <input_file_ref idref="fl-7"/>
      </object_component>
      <object_component id="oc-1d9">
         <name>.debug_info</name>
         <load_address>0xa238</load_address>
         <run_address>0xa238</run_address>
         <size>0x3e4</size>
         <input_file_ref idref="fl-d"/>
      </object_component>
      <object_component id="oc-1d6">
         <name>.debug_info</name>
         <load_address>0xa61c</load_address>
         <run_address>0xa61c</run_address>
         <size>0x164</size>
         <input_file_ref idref="fl-d"/>
      </object_component>
      <object_component id="oc-273">
         <name>.debug_info</name>
         <load_address>0xa780</load_address>
         <run_address>0xa780</run_address>
         <size>0x2ac</size>
         <input_file_ref idref="fl-d"/>
      </object_component>
      <object_component id="oc-1de">
         <name>.debug_info</name>
         <load_address>0xaa2c</load_address>
         <run_address>0xaa2c</run_address>
         <size>0x2bc</size>
         <input_file_ref idref="fl-d"/>
      </object_component>
      <object_component id="oc-1e4">
         <name>.debug_info</name>
         <load_address>0xace8</load_address>
         <run_address>0xace8</run_address>
         <size>0x31f</size>
         <input_file_ref idref="fl-d"/>
      </object_component>
      <object_component id="oc-df">
         <name>.debug_info</name>
         <load_address>0xb007</load_address>
         <run_address>0xb007</run_address>
         <size>0x29b</size>
         <input_file_ref idref="fl-d"/>
      </object_component>
      <object_component id="oc-24f">
         <name>.debug_info</name>
         <load_address>0xb2a2</load_address>
         <run_address>0xb2a2</run_address>
         <size>0x299</size>
         <input_file_ref idref="fl-d"/>
      </object_component>
      <object_component id="oc-f1">
         <name>.debug_info</name>
         <load_address>0xb53b</load_address>
         <run_address>0xb53b</run_address>
         <size>0x299</size>
         <input_file_ref idref="fl-d"/>
      </object_component>
      <object_component id="oc-249">
         <name>.debug_info</name>
         <load_address>0xb7d4</load_address>
         <run_address>0xb7d4</run_address>
         <size>0x2c0</size>
         <input_file_ref idref="fl-d"/>
      </object_component>
      <object_component id="oc-d8">
         <name>.debug_info</name>
         <load_address>0xba94</load_address>
         <run_address>0xba94</run_address>
         <size>0x289</size>
         <input_file_ref idref="fl-d"/>
      </object_component>
      <object_component id="oc-2fc">
         <name>.debug_info</name>
         <load_address>0xbd1d</load_address>
         <run_address>0xbd1d</run_address>
         <size>0x26b</size>
         <input_file_ref idref="fl-d"/>
      </object_component>
      <object_component id="oc-2f1">
         <name>.debug_info</name>
         <load_address>0xbf88</load_address>
         <run_address>0xbf88</run_address>
         <size>0x297</size>
         <input_file_ref idref="fl-d"/>
      </object_component>
      <object_component id="oc-2e6">
         <name>.debug_info</name>
         <load_address>0xc21f</load_address>
         <run_address>0xc21f</run_address>
         <size>0xef</size>
         <input_file_ref idref="fl-d"/>
      </object_component>
      <object_component id="oc-1ce">
         <name>.debug_info</name>
         <load_address>0xc30e</load_address>
         <run_address>0xc30e</run_address>
         <size>0xbb</size>
         <input_file_ref idref="fl-d"/>
      </object_component>
      <object_component id="oc-23a">
         <name>.debug_info</name>
         <load_address>0xc3c9</load_address>
         <run_address>0xc3c9</run_address>
         <size>0x3b7</size>
         <input_file_ref idref="fl-e"/>
      </object_component>
      <object_component id="oc-237">
         <name>.debug_info</name>
         <load_address>0xc780</load_address>
         <run_address>0xc780</run_address>
         <size>0x15b</size>
         <input_file_ref idref="fl-e"/>
      </object_component>
      <object_component id="oc-330">
         <name>.debug_info</name>
         <load_address>0xc8db</load_address>
         <run_address>0xc8db</run_address>
         <size>0x160</size>
         <input_file_ref idref="fl-e"/>
      </object_component>
      <object_component id="oc-230">
         <name>.debug_info</name>
         <load_address>0xca3b</load_address>
         <run_address>0xca3b</run_address>
         <size>0x2ca</size>
         <input_file_ref idref="fl-e"/>
      </object_component>
      <object_component id="oc-136">
         <name>.debug_info</name>
         <load_address>0xcd05</load_address>
         <run_address>0xcd05</run_address>
         <size>0x247</size>
         <input_file_ref idref="fl-e"/>
      </object_component>
      <object_component id="oc-12b">
         <name>.debug_info</name>
         <load_address>0xcf4c</load_address>
         <run_address>0xcf4c</run_address>
         <size>0x271</size>
         <input_file_ref idref="fl-e"/>
      </object_component>
      <object_component id="oc-21e">
         <name>.debug_info</name>
         <load_address>0xd1bd</load_address>
         <run_address>0xd1bd</run_address>
         <size>0x396</size>
         <input_file_ref idref="fl-f"/>
      </object_component>
      <object_component id="oc-101">
         <name>.debug_info</name>
         <load_address>0xd553</load_address>
         <run_address>0xd553</run_address>
         <size>0x2ff</size>
         <input_file_ref idref="fl-f"/>
      </object_component>
      <object_component id="oc-10d">
         <name>.debug_info</name>
         <load_address>0xd852</load_address>
         <run_address>0xd852</run_address>
         <size>0x2cd</size>
         <input_file_ref idref="fl-f"/>
      </object_component>
      <object_component id="oc-fa">
         <name>.debug_info</name>
         <load_address>0xdb1f</load_address>
         <run_address>0xdb1f</run_address>
         <size>0x2bf</size>
         <input_file_ref idref="fl-f"/>
      </object_component>
      <object_component id="oc-106">
         <name>.debug_info</name>
         <load_address>0xddde</load_address>
         <run_address>0xddde</run_address>
         <size>0x27f</size>
         <input_file_ref idref="fl-f"/>
      </object_component>
      <object_component id="oc-f4">
         <name>.debug_info</name>
         <load_address>0xe05d</load_address>
         <run_address>0xe05d</run_address>
         <size>0x2bc</size>
         <input_file_ref idref="fl-f"/>
      </object_component>
      <object_component id="oc-e8">
         <name>.debug_info</name>
         <load_address>0xe319</load_address>
         <run_address>0xe319</run_address>
         <size>0x289</size>
         <input_file_ref idref="fl-f"/>
      </object_component>
      <object_component id="oc-33b">
         <name>.debug_info</name>
         <load_address>0xe5a2</load_address>
         <run_address>0xe5a2</run_address>
         <size>0x3c0</size>
         <input_file_ref idref="fl-10"/>
      </object_component>
      <object_component id="oc-25a">
         <name>.debug_info</name>
         <load_address>0xe962</load_address>
         <run_address>0xe962</run_address>
         <size>0x24b</size>
         <input_file_ref idref="fl-10"/>
      </object_component>
      <object_component id="oc-25f">
         <name>.debug_info</name>
         <load_address>0xebad</load_address>
         <run_address>0xebad</run_address>
         <size>0x27f</size>
         <input_file_ref idref="fl-10"/>
      </object_component>
      <object_component id="oc-26b">
         <name>.debug_info</name>
         <load_address>0xee2c</load_address>
         <run_address>0xee2c</run_address>
         <size>0x283</size>
         <input_file_ref idref="fl-10"/>
      </object_component>
      <object_component id="oc-254">
         <name>.debug_info</name>
         <load_address>0xf0af</load_address>
         <run_address>0xf0af</run_address>
         <size>0x3e2</size>
         <input_file_ref idref="fl-10"/>
      </object_component>
      <object_component id="oc-266">
         <name>.debug_info</name>
         <load_address>0xf491</load_address>
         <run_address>0xf491</run_address>
         <size>0x24b</size>
         <input_file_ref idref="fl-10"/>
      </object_component>
      <object_component id="oc-1d3">
         <name>.debug_info</name>
         <load_address>0xf6dc</load_address>
         <run_address>0xf6dc</run_address>
         <size>0x441</size>
         <input_file_ref idref="fl-11"/>
      </object_component>
      <object_component id="oc-1c5">
         <name>.debug_info</name>
         <load_address>0xfb1d</load_address>
         <run_address>0xfb1d</run_address>
         <size>0x156</size>
         <input_file_ref idref="fl-11"/>
      </object_component>
      <object_component id="oc-1c8">
         <name>.debug_info</name>
         <load_address>0xfc73</load_address>
         <run_address>0xfc73</run_address>
         <size>0x162</size>
         <input_file_ref idref="fl-11"/>
      </object_component>
      <object_component id="oc-2e2">
         <name>.debug_info</name>
         <load_address>0xfdd5</load_address>
         <run_address>0xfdd5</run_address>
         <size>0x15c</size>
         <input_file_ref idref="fl-11"/>
      </object_component>
      <object_component id="oc-1cb">
         <name>.debug_info</name>
         <load_address>0xff31</load_address>
         <run_address>0xff31</run_address>
         <size>0x169</size>
         <input_file_ref idref="fl-11"/>
      </object_component>
      <object_component id="oc-144">
         <name>.debug_info</name>
         <load_address>0x1009a</load_address>
         <run_address>0x1009a</run_address>
         <size>0x290</size>
         <input_file_ref idref="fl-11"/>
      </object_component>
      <object_component id="oc-1ea">
         <name>.debug_info</name>
         <load_address>0x1032a</load_address>
         <run_address>0x1032a</run_address>
         <size>0x28c</size>
         <input_file_ref idref="fl-11"/>
      </object_component>
      <object_component id="oc-d2">
         <name>.debug_info</name>
         <load_address>0x105b6</load_address>
         <run_address>0x105b6</run_address>
         <size>0x286</size>
         <input_file_ref idref="fl-11"/>
      </object_component>
      <object_component id="oc-1bb">
         <name>.debug_info</name>
         <load_address>0x1083c</load_address>
         <run_address>0x1083c</run_address>
         <size>0x279</size>
         <input_file_ref idref="fl-11"/>
      </object_component>
      <object_component id="oc-1c1">
         <name>.debug_info</name>
         <load_address>0x10ab5</load_address>
         <run_address>0x10ab5</run_address>
         <size>0x2c3</size>
         <input_file_ref idref="fl-11"/>
      </object_component>
      <object_component id="oc-cc">
         <name>.debug_info</name>
         <load_address>0x10d78</load_address>
         <run_address>0x10d78</run_address>
         <size>0x4a3</size>
         <input_file_ref idref="fl-11"/>
      </object_component>
      <object_component id="oc-2f8">
         <name>.debug_info</name>
         <load_address>0x1121b</load_address>
         <run_address>0x1121b</run_address>
         <size>0x51</size>
         <input_file_ref idref="fl-11"/>
      </object_component>
      <object_component id="oc-226">
         <name>.debug_info</name>
         <load_address>0x1126c</load_address>
         <run_address>0x1126c</run_address>
         <size>0x3c7</size>
         <input_file_ref idref="fl-12"/>
      </object_component>
      <object_component id="oc-329">
         <name>.debug_info</name>
         <load_address>0x11633</load_address>
         <run_address>0x11633</run_address>
         <size>0x163</size>
         <input_file_ref idref="fl-12"/>
      </object_component>
      <object_component id="oc-32c">
         <name>.debug_info</name>
         <load_address>0x11796</load_address>
         <run_address>0x11796</run_address>
         <size>0x175</size>
         <input_file_ref idref="fl-12"/>
      </object_component>
      <object_component id="oc-11e">
         <name>.debug_info</name>
         <load_address>0x1190b</load_address>
         <run_address>0x1190b</run_address>
         <size>0x2c3</size>
         <input_file_ref idref="fl-12"/>
      </object_component>
      <object_component id="oc-22a">
         <name>.debug_info</name>
         <load_address>0x11bce</load_address>
         <run_address>0x11bce</run_address>
         <size>0x2f4</size>
         <input_file_ref idref="fl-12"/>
      </object_component>
      <object_component id="oc-124">
         <name>.debug_info</name>
         <load_address>0x11ec2</load_address>
         <run_address>0x11ec2</run_address>
         <size>0x2ed</size>
         <input_file_ref idref="fl-12"/>
      </object_component>
      <object_component id="oc-130">
         <name>.debug_info</name>
         <load_address>0x121af</load_address>
         <run_address>0x121af</run_address>
         <size>0x29d</size>
         <input_file_ref idref="fl-12"/>
      </object_component>
      <object_component id="oc-160">
         <name>.debug_info</name>
         <load_address>0x1244c</load_address>
         <run_address>0x1244c</run_address>
         <size>0x29b</size>
         <input_file_ref idref="fl-12"/>
      </object_component>
      <object_component id="oc-13d">
         <name>.debug_info</name>
         <load_address>0x126e7</load_address>
         <run_address>0x126e7</run_address>
         <size>0x288</size>
         <input_file_ref idref="fl-12"/>
      </object_component>
      <object_component id="oc-119">
         <name>.debug_info</name>
         <load_address>0x1296f</load_address>
         <run_address>0x1296f</run_address>
         <size>0x295</size>
         <input_file_ref idref="fl-12"/>
      </object_component>
      <object_component id="oc-113">
         <name>.debug_info</name>
         <load_address>0x12c04</load_address>
         <run_address>0x12c04</run_address>
         <size>0x29f</size>
         <input_file_ref idref="fl-12"/>
      </object_component>
      <object_component id="oc-30f">
         <name>.debug_info</name>
         <load_address>0x12ea3</load_address>
         <run_address>0x12ea3</run_address>
         <size>0x3cb</size>
         <input_file_ref idref="fl-13"/>
      </object_component>
      <object_component id="oc-1f4">
         <name>.debug_info</name>
         <load_address>0x1326e</load_address>
         <run_address>0x1326e</run_address>
         <size>0x250</size>
         <input_file_ref idref="fl-13"/>
      </object_component>
      <object_component id="oc-309">
         <name>.debug_info</name>
         <load_address>0x134be</load_address>
         <run_address>0x134be</run_address>
         <size>0x252</size>
         <input_file_ref idref="fl-13"/>
      </object_component>
      <object_component id="oc-1ee">
         <name>.debug_info</name>
         <load_address>0x13710</load_address>
         <run_address>0x13710</run_address>
         <size>0x32f</size>
         <input_file_ref idref="fl-13"/>
      </object_component>
      <object_component id="oc-1fa">
         <name>.debug_info</name>
         <load_address>0x13a3f</load_address>
         <run_address>0x13a3f</run_address>
         <size>0x27c</size>
         <input_file_ref idref="fl-13"/>
      </object_component>
      <object_component id="oc-200">
         <name>.debug_info</name>
         <load_address>0x13cbb</load_address>
         <run_address>0x13cbb</run_address>
         <size>0x256</size>
         <input_file_ref idref="fl-13"/>
      </object_component>
      <object_component id="oc-23d">
         <name>.debug_info</name>
         <load_address>0x13f11</load_address>
         <run_address>0x13f11</run_address>
         <size>0x21b</size>
         <input_file_ref idref="fl-14"/>
      </object_component>
      <object_component id="oc-3d">
         <name>.debug_info</name>
         <load_address>0x1412c</load_address>
         <run_address>0x1412c</run_address>
         <size>0x119</size>
         <input_file_ref idref="fl-ca"/>
      </object_component>
      <object_component id="oc-211">
         <name>.debug_info</name>
         <load_address>0x14245</load_address>
         <run_address>0x14245</run_address>
         <size>0x142</size>
         <input_file_ref idref="fl-cb"/>
      </object_component>
      <object_component id="oc-8e">
         <name>.debug_info</name>
         <load_address>0x14387</load_address>
         <run_address>0x14387</run_address>
         <size>0x2d4</size>
         <input_file_ref idref="fl-cc"/>
      </object_component>
      <object_component id="oc-48">
         <name>.debug_info</name>
         <load_address>0x1465b</load_address>
         <run_address>0x1465b</run_address>
         <size>0x1d2</size>
         <input_file_ref idref="fl-cc"/>
      </object_component>
      <object_component id="oc-89">
         <name>.debug_info</name>
         <load_address>0x1482d</load_address>
         <run_address>0x1482d</run_address>
         <size>0x46</size>
         <input_file_ref idref="fl-cc"/>
      </object_component>
      <object_component id="oc-c0">
         <name>.debug_info</name>
         <load_address>0x14873</load_address>
         <run_address>0x14873</run_address>
         <size>0x2c</size>
         <input_file_ref idref="fl-cc"/>
      </object_component>
      <object_component id="oc-46">
         <name>.debug_info</name>
         <load_address>0x1489f</load_address>
         <run_address>0x1489f</run_address>
         <size>0x2a8</size>
         <input_file_ref idref="fl-cd"/>
      </object_component>
      <object_component id="oc-1c">
         <name>.debug_info</name>
         <load_address>0x14b47</load_address>
         <run_address>0x14b47</run_address>
         <size>0x1ea</size>
         <input_file_ref idref="fl-cd"/>
      </object_component>
      <object_component id="oc-41">
         <name>.debug_info</name>
         <load_address>0x14d31</load_address>
         <run_address>0x14d31</run_address>
         <size>0x46</size>
         <input_file_ref idref="fl-cd"/>
      </object_component>
      <object_component id="oc-81">
         <name>.debug_info</name>
         <load_address>0x14d77</load_address>
         <run_address>0x14d77</run_address>
         <size>0x2c</size>
         <input_file_ref idref="fl-cd"/>
      </object_component>
      <object_component id="oc-7f">
         <name>.debug_info</name>
         <load_address>0x14da3</load_address>
         <run_address>0x14da3</run_address>
         <size>0x29e</size>
         <input_file_ref idref="fl-ce"/>
      </object_component>
      <object_component id="oc-19">
         <name>.debug_info</name>
         <load_address>0x15041</load_address>
         <run_address>0x15041</run_address>
         <size>0x250</size>
         <input_file_ref idref="fl-ce"/>
      </object_component>
      <object_component id="oc-31">
         <name>.debug_info</name>
         <load_address>0x15291</load_address>
         <run_address>0x15291</run_address>
         <size>0x60</size>
         <input_file_ref idref="fl-ce"/>
      </object_component>
      <object_component id="oc-b9">
         <name>.debug_info</name>
         <load_address>0x152f1</load_address>
         <run_address>0x152f1</run_address>
         <size>0x46</size>
         <input_file_ref idref="fl-ce"/>
      </object_component>
      <object_component id="oc-7a">
         <name>.debug_info</name>
         <load_address>0x15337</load_address>
         <run_address>0x15337</run_address>
         <size>0x39</size>
         <input_file_ref idref="fl-ce"/>
      </object_component>
      <object_component id="oc-25">
         <name>.debug_info</name>
         <load_address>0x15370</load_address>
         <run_address>0x15370</run_address>
         <size>0x10b</size>
         <input_file_ref idref="fl-cf"/>
      </object_component>
      <object_component id="oc-5a">
         <name>.debug_info</name>
         <load_address>0x1547b</load_address>
         <run_address>0x1547b</run_address>
         <size>0x1a9</size>
         <input_file_ref idref="fl-cf"/>
      </object_component>
      <object_component id="oc-31a">
         <name>.debug_info</name>
         <load_address>0x15624</load_address>
         <run_address>0x15624</run_address>
         <size>0x115</size>
         <input_file_ref idref="fl-d0"/>
      </object_component>
      <object_component id="oc-2cc">
         <name>.debug_info</name>
         <load_address>0x15739</load_address>
         <run_address>0x15739</run_address>
         <size>0x4b3</size>
         <input_file_ref idref="fl-d2"/>
      </object_component>
      <object_component id="oc-177">
         <name>.debug_info</name>
         <load_address>0x15bec</load_address>
         <run_address>0x15bec</run_address>
         <size>0x1a6</size>
         <input_file_ref idref="fl-d2"/>
      </object_component>
      <object_component id="oc-37c">
         <name>.debug_info</name>
         <load_address>0x15d92</load_address>
         <run_address>0x15d92</run_address>
         <size>0x39</size>
         <input_file_ref idref="fl-d2"/>
      </object_component>
      <object_component id="oc-3a3">
         <name>.debug_info</name>
         <load_address>0x15dcb</load_address>
         <run_address>0x15dcb</run_address>
         <size>0x39</size>
         <input_file_ref idref="fl-d2"/>
      </object_component>
      <object_component id="oc-381">
         <name>.debug_info</name>
         <load_address>0x15e04</load_address>
         <run_address>0x15e04</run_address>
         <size>0x39</size>
         <input_file_ref idref="fl-d2"/>
      </object_component>
      <object_component id="oc-386">
         <name>.debug_info</name>
         <load_address>0x15e3d</load_address>
         <run_address>0x15e3d</run_address>
         <size>0xcd</size>
         <input_file_ref idref="fl-d2"/>
      </object_component>
      <object_component id="oc-96">
         <name>.debug_info</name>
         <load_address>0x15f0a</load_address>
         <run_address>0x15f0a</run_address>
         <size>0x153</size>
         <input_file_ref idref="fl-d3"/>
      </object_component>
      <object_component id="oc-16d">
         <name>.debug_info</name>
         <load_address>0x1605d</load_address>
         <run_address>0x1605d</run_address>
         <size>0x122</size>
         <input_file_ref idref="fl-d5"/>
      </object_component>
      <object_component id="oc-3df">
         <name>.debug_info</name>
         <load_address>0x1617f</load_address>
         <run_address>0x1617f</run_address>
         <size>0xaa</size>
      </object_component>
      <object_component id="oc-1a8">
         <name>.debug_line</name>
         <load_address>0x0</load_address>
         <run_address>0x0</run_address>
         <size>0x1b9</size>
         <input_file_ref idref="fl-2"/>
      </object_component>
      <object_component id="oc-2b4">
         <name>.debug_line</name>
         <load_address>0x1b9</load_address>
         <run_address>0x1b9</run_address>
         <size>0x39</size>
         <input_file_ref idref="fl-2"/>
      </object_component>
      <object_component id="oc-2c0">
         <name>.debug_line</name>
         <load_address>0x1f2</load_address>
         <run_address>0x1f2</run_address>
         <size>0x39</size>
         <input_file_ref idref="fl-2"/>
      </object_component>
      <object_component id="oc-9f">
         <name>.debug_line</name>
         <load_address>0x22b</load_address>
         <run_address>0x22b</run_address>
         <size>0x138</size>
         <input_file_ref idref="fl-2"/>
      </object_component>
      <object_component id="oc-1ac">
         <name>.debug_line</name>
         <load_address>0x363</load_address>
         <run_address>0x363</run_address>
         <size>0x30</size>
         <input_file_ref idref="fl-2"/>
      </object_component>
      <object_component id="oc-73">
         <name>.debug_line</name>
         <load_address>0x393</load_address>
         <run_address>0x393</run_address>
         <size>0x6f</size>
         <input_file_ref idref="fl-2"/>
      </object_component>
      <object_component id="oc-1b6">
         <name>.debug_line</name>
         <load_address>0x402</load_address>
         <run_address>0x402</run_address>
         <size>0x6b</size>
         <input_file_ref idref="fl-2"/>
      </object_component>
      <object_component id="oc-1b1">
         <name>.debug_line</name>
         <load_address>0x46d</load_address>
         <run_address>0x46d</run_address>
         <size>0x56</size>
         <input_file_ref idref="fl-2"/>
      </object_component>
      <object_component id="oc-b5">
         <name>.debug_line</name>
         <load_address>0x4c3</load_address>
         <run_address>0x4c3</run_address>
         <size>0x20</size>
         <input_file_ref idref="fl-2"/>
      </object_component>
      <object_component id="oc-b0">
         <name>.debug_line</name>
         <load_address>0x4e3</load_address>
         <run_address>0x4e3</run_address>
         <size>0x73</size>
         <input_file_ref idref="fl-2"/>
      </object_component>
      <object_component id="oc-78">
         <name>.debug_line</name>
         <load_address>0x556</load_address>
         <run_address>0x556</run_address>
         <size>0x70</size>
         <input_file_ref idref="fl-2"/>
      </object_component>
      <object_component id="oc-21b">
         <name>.debug_line</name>
         <load_address>0x5c6</load_address>
         <run_address>0x5c6</run_address>
         <size>0x6b</size>
         <input_file_ref idref="fl-2"/>
      </object_component>
      <object_component id="oc-2b6">
         <name>.debug_line</name>
         <load_address>0x631</load_address>
         <run_address>0x631</run_address>
         <size>0xd6</size>
         <input_file_ref idref="fl-3"/>
      </object_component>
      <object_component id="oc-342">
         <name>.debug_line</name>
         <load_address>0x707</load_address>
         <run_address>0x707</run_address>
         <size>0x33</size>
         <input_file_ref idref="fl-3"/>
      </object_component>
      <object_component id="oc-149">
         <name>.debug_line</name>
         <load_address>0x73a</load_address>
         <run_address>0x73a</run_address>
         <size>0xc3f</size>
         <input_file_ref idref="fl-3"/>
      </object_component>
      <object_component id="oc-362">
         <name>.debug_line</name>
         <load_address>0x1379</load_address>
         <run_address>0x1379</run_address>
         <size>0xa0</size>
         <input_file_ref idref="fl-4"/>
      </object_component>
      <object_component id="oc-344">
         <name>.debug_line</name>
         <load_address>0x1419</load_address>
         <run_address>0x1419</run_address>
         <size>0x61</size>
         <input_file_ref idref="fl-4"/>
      </object_component>
      <object_component id="oc-346">
         <name>.debug_line</name>
         <load_address>0x147a</load_address>
         <run_address>0x147a</run_address>
         <size>0x61</size>
         <input_file_ref idref="fl-4"/>
      </object_component>
      <object_component id="oc-348">
         <name>.debug_line</name>
         <load_address>0x14db</load_address>
         <run_address>0x14db</run_address>
         <size>0x61</size>
         <input_file_ref idref="fl-4"/>
      </object_component>
      <object_component id="oc-34a">
         <name>.debug_line</name>
         <load_address>0x153c</load_address>
         <run_address>0x153c</run_address>
         <size>0x61</size>
         <input_file_ref idref="fl-4"/>
      </object_component>
      <object_component id="oc-34c">
         <name>.debug_line</name>
         <load_address>0x159d</load_address>
         <run_address>0x159d</run_address>
         <size>0x61</size>
         <input_file_ref idref="fl-4"/>
      </object_component>
      <object_component id="oc-34e">
         <name>.debug_line</name>
         <load_address>0x15fe</load_address>
         <run_address>0x15fe</run_address>
         <size>0x61</size>
         <input_file_ref idref="fl-4"/>
      </object_component>
      <object_component id="oc-350">
         <name>.debug_line</name>
         <load_address>0x165f</load_address>
         <run_address>0x165f</run_address>
         <size>0x61</size>
         <input_file_ref idref="fl-4"/>
      </object_component>
      <object_component id="oc-352">
         <name>.debug_line</name>
         <load_address>0x16c0</load_address>
         <run_address>0x16c0</run_address>
         <size>0x61</size>
         <input_file_ref idref="fl-4"/>
      </object_component>
      <object_component id="oc-354">
         <name>.debug_line</name>
         <load_address>0x1721</load_address>
         <run_address>0x1721</run_address>
         <size>0x61</size>
         <input_file_ref idref="fl-4"/>
      </object_component>
      <object_component id="oc-356">
         <name>.debug_line</name>
         <load_address>0x1782</load_address>
         <run_address>0x1782</run_address>
         <size>0x61</size>
         <input_file_ref idref="fl-4"/>
      </object_component>
      <object_component id="oc-358">
         <name>.debug_line</name>
         <load_address>0x17e3</load_address>
         <run_address>0x17e3</run_address>
         <size>0x31</size>
         <input_file_ref idref="fl-4"/>
      </object_component>
      <object_component id="oc-35a">
         <name>.debug_line</name>
         <load_address>0x1814</load_address>
         <run_address>0x1814</run_address>
         <size>0x31</size>
         <input_file_ref idref="fl-4"/>
      </object_component>
      <object_component id="oc-35c">
         <name>.debug_line</name>
         <load_address>0x1845</load_address>
         <run_address>0x1845</run_address>
         <size>0x31</size>
         <input_file_ref idref="fl-4"/>
      </object_component>
      <object_component id="oc-35e">
         <name>.debug_line</name>
         <load_address>0x1876</load_address>
         <run_address>0x1876</run_address>
         <size>0x31</size>
         <input_file_ref idref="fl-4"/>
[...]
         <object_component_ref idref="oc-147"/>
      </symbol>
      <symbol id="sm-19c">
         <name>ComPointSize</name>
         <value>0x1ed11</value>
         <object_component_ref idref="oc-147"/>
      </symbol>
      <symbol id="sm-19d">
         <name>Delay</name>
         <value>0x1df2f</value>
         <object_component_ref idref="oc-147"/>
      </symbol>
      <symbol id="sm-19e">
         <name>Espera_pant</name>
         <value>0x1ecdb</value>
         <object_component_ref idref="oc-147"/>
      </symbol>
      <symbol id="sm-19f">
         <name>ComSlider</name>
         <value>0x1e965</value>
         <object_component_ref idref="oc-147"/>
      </symbol>
      <symbol id="sm-1a0">
         <name>ComBgcolor</name>
         <value>0x1ea81</value>
         <object_component_ref idref="oc-147"/>
      </symbol>
      <symbol id="sm-1a1">
         <name>Fadeout</name>
         <value>0x1ee85</value>
         <object_component_ref idref="oc-147"/>
      </symbol>
      <symbol id="sm-1a2">
         <name>ComVertex2ff</name>
         <value>0x1e605</value>
         <object_component_ref idref="oc-147"/>
      </symbol>
      <symbol id="sm-1a3">
         <name>HAL_SPI_CSHigh</name>
         <value>0x1def5</value>
         <object_component_ref idref="oc-147"/>
      </symbol>
      <symbol id="sm-1a4">
         <name>Com_Punto</name>
         <value>0x1ed23</value>
         <object_component_ref idref="oc-147"/>
      </symbol>
      <symbol id="sm-1a5">
         <name>HAL_SPI_PDhigh</name>
         <value>0x1df1b</value>
         <object_component_ref idref="oc-147"/>
      </symbol>
      <symbol id="sm-1a6">
         <name>ComCirculo</name>
         <value>0x1ec9f</value>
         <object_component_ref idref="oc-147"/>
      </symbol>
      <symbol id="sm-1a7">
         <name>Calibra_touch</name>
         <value>0x1ed5b</value>
         <object_component_ref idref="oc-147"/>
      </symbol>
      <symbol id="sm-1a8">
         <name>ComButton</name>
         <value>0x1eac9</value>
         <object_component_ref idref="oc-147"/>
      </symbol>
      <symbol id="sm-1a9">
         <name>EscribeRam16</name>
         <value>0x1e579</value>
         <object_component_ref idref="oc-147"/>
      </symbol>
      <symbol id="sm-1aa">
         <name>TocaNota</name>
         <value>0x1ee23</value>
         <object_component_ref idref="oc-147"/>
      </symbol>
      <symbol id="sm-1ab">
         <name>PadFIFO</name>
         <value>0x1e7fb</value>
         <object_component_ref idref="oc-147"/>
      </symbol>
      <symbol id="sm-1ac">
         <name>FinNota</name>
         <value>0x1ee59</value>
         <object_component_ref idref="oc-147"/>
      </symbol>
      <symbol id="sm-1ad">
         <name>EscribeRam32</name>
         <value>0x1e54b</value>
         <object_component_ref idref="oc-147"/>
      </symbol>
      <symbol id="sm-1ae">
         <name>chipid</name>
         <value>0x20002294</value>
         <object_component_ref idref="oc-27a"/>
      </symbol>
      <symbol id="sm-1af">
         <name>ComColor</name>
         <value>0x1e665</value>
         <object_component_ref idref="oc-147"/>
      </symbol>
      <symbol id="sm-1b0">
         <name>EscribeRamTxt</name>
         <value>0x1e5d9</value>
         <object_component_ref idref="oc-147"/>
      </symbol>
      <symbol id="sm-1b1">
         <name>ComScrollbar</name>
         <value>0x1e91b</value>
         <object_component_ref idref="oc-147"/>
      </symbol>
      <symbol id="sm-1b2">
         <name>Dibuja</name>
         <value>0x1e82d</value>
         <object_component_ref idref="oc-147"/>
      </symbol>
      <symbol id="sm-1b3">
         <name>ComLineWidth</name>
         <value>0x1ecff</value>
         <object_component_ref idref="oc-147"/>
      </symbol>
      <symbol id="sm-1b4">
         <name>HAL_SPI_PDlow</name>
         <value>0x1df09</value>
         <object_component_ref idref="oc-147"/>
      </symbol>
      <symbol id="sm-1b5">
         <name>VolNota</name>
         <value>0x1ee05</value>
         <object_component_ref idref="oc-147"/>
      </symbol>
      <symbol id="sm-1b6">
         <name>Lee_Reg8</name>
         <value>0x1e8df</value>
         <object_component_ref idref="oc-147"/>
      </symbol>
      <symbol id="sm-1b7">
         <name>cmdBufferRd</name>
         <value>0x20002298</value>
         <object_component_ref idref="oc-27a"/>
      </symbol>
      <symbol id="sm-1b8">
         <name>ComTeclas</name>
         <value>0x1e77d</value>
         <object_component_ref idref="oc-147"/>
      </symbol>
      <symbol id="sm-1b9">
         <name>FT800_SPI_Write16</name>
         <value>0x1e049</value>
         <object_component_ref idref="oc-147"/>
      </symbol>
      <symbol id="sm-1ba">
         <name>FT800_SPI_Write32</name>
         <value>0x1dff3</value>
         <object_component_ref idref="oc-147"/>
      </symbol>
      <symbol id="sm-1bb">
         <name>ComTXT</name>
         <value>0x1e6bd</value>
         <object_component_ref idref="oc-147"/>
      </symbol>
      <symbol id="sm-1bc">
         <name>cmdBufferWr</name>
         <value>0x2000229c</value>
         <object_component_ref idref="oc-27a"/>
      </symbol>
      <symbol id="sm-1bd">
         <name>FT800_SPI_Write8</name>
         <value>0x1e07b</value>
         <object_component_ref idref="oc-147"/>
      </symbol>
      <symbol id="sm-1be">
         <name>Lee_pantalla</name>
         <value>0x1e88f</value>
         <object_component_ref idref="oc-147"/>
      </symbol>
      <symbol id="sm-1bf">
         <name>EscribeRam8</name>
         <value>0x1e5a7</value>
         <object_component_ref idref="oc-147"/>
      </symbol>
      <symbol id="sm-1c0">
         <name>Boton</name>
         <value>0x1eb35</value>
         <object_component_ref idref="oc-147"/>
      </symbol>
      <symbol id="sm-25c">
         <name>quitar_rgb565_data</name>
         <value>0x1ab48</value>
         <object_component_ref idref="oc-29a"/>
      </symbol>
      <symbol id="sm-25d">
         <name>subir_rgb565_data</name>
         <value>0x1c210</value>
         <object_component_ref idref="oc-294"/>
      </symbol>
      <symbol id="sm-25e">
         <name>FT800_ShowBitmapSimple</name>
         <value>0x1f993</value>
         <object_component_ref idref="oc-14e"/>
      </symbol>
      <symbol id="sm-25f">
         <name>tve_rgb565_data</name>
         <value>0x13e70</value>
         <object_component_ref idref="oc-27f"/>
      </symbol>
      <symbol id="sm-260">
         <name>telecinco_rgb565_data</name>
         <value>0xff28</value>
         <object_component_ref idref="oc-28b"/>
      </symbol>
      <symbol id="sm-261">
         <name>bajar_rgb565_data</name>
         <value>0x17db8</value>
         <object_component_ref idref="oc-297"/>
      </symbol>
      <symbol id="sm-262">
         <name>lasexta_rgb565_data</name>
         <value>0xbfe0</value>
         <object_component_ref idref="oc-28e"/>
      </symbol>
      <symbol id="sm-263">
         <name>cuatro_rgb565_data</name>
         <value>0x4150</value>
         <object_component_ref idref="oc-288"/>
      </symbol>
      <symbol id="sm-264">
         <name>antena3_rgb565_data</name>
         <value>0x208</value>
         <object_component_ref idref="oc-285"/>
      </symbol>
      <symbol id="sm-265">
         <name>InterfazMando</name>
         <value>0x1fa95</value>
         <object_component_ref idref="oc-14e"/>
      </symbol>
      <symbol id="sm-266">
         <name>ir_send_raw</name>
         <value>0x1fbe9</value>
         <object_component_ref idref="oc-14e"/>
      </symbol>
      <symbol id="sm-267">
         <name>FT800_LoadAndInflateImage</name>
         <value>0x1f94d</value>
         <object_component_ref idref="oc-14e"/>
      </symbol>
      <symbol id="sm-268">
         <name>la2_rgb565_data</name>
         <value>0x8098</value>
         <object_component_ref idref="oc-282"/>
      </symbol>
      <symbol id="sm-269">
         <name>encender_rgb565_data</name>
         <value>0x19480</value>
         <object_component_ref idref="oc-291"/>
      </symbol>
      <symbol id="sm-28c">
         <name>SIGNAL_MANDO_0</name>
         <value>0x1dd48</value>
         <object_component_ref idref="oc-15c"/>
      </symbol>
      <symbol id="sm-28d">
         <name>ir_signal</name>
         <value>0x1db18</value>
         <object_component_ref idref="oc-2b7"/>
      </symbol>
      <symbol id="sm-2a9">
         <name>ResetISR</name>
         <value>0x206ad</value>
         <object_component_ref idref="oc-27"/>
      </symbol>
      <symbol id="sm-2aa">
         <name>g_pfnVectors</name>
         <value>0x0</value>
         <object_component_ref idref="oc-12"/>
      </symbol>
      <symbol id="sm-31a">
         <name>UARTgetc</name>
         <value>0x1f5c1</value>
         <object_component_ref idref="oc-e1"/>
      </symbol>
      <symbol id="sm-31b">
         <name>UARTgets</name>
         <value>0x1f507</value>
         <object_component_ref idref="oc-e1"/>
      </symbol>
      <symbol id="sm-31c">
         <name>UARTStdioConfig</name>
         <value>0x1f471</value>
         <object_component_ref idref="oc-e1"/>
      </symbol>
      <symbol id="sm-31d">
         <name>UARTwrite</name>
         <value>0x1f4b7</value>
         <object_component_ref idref="oc-e1"/>
      </symbol>
      <symbol id="sm-31e">
         <name>UARTprintf</name>
         <value>0x1f8e3</value>
         <object_component_ref idref="oc-e1"/>
      </symbol>
      <symbol id="sm-31f">
         <name>UARTvprintf</name>
         <value>0x1f5e9</value>
         <object_component_ref idref="oc-e1"/>
      </symbol>
      <symbol id="sm-38d">
         <name>GPIOPinTypePWM</name>
         <value>0x205bd</value>
         <object_component_ref idref="oc-ed"/>
      </symbol>
      <symbol id="sm-38e">
         <name>GPIOPinConfigure</name>
         <value>0x201d1</value>
         <object_component_ref idref="oc-d5"/>
      </symbol>
      <symbol id="sm-38f">
         <name>GPIOPinTypeUART</name>
         <value>0x205e9</value>
         <object_component_ref idref="oc-db"/>
      </symbol>
      <symbol id="sm-390">
         <name>GPIOPinTypeGPIOOutput</name>
         <value>0x2058b</value>
         <object_component_ref idref="oc-245"/>
      </symbol>
      <symbol id="sm-391">
         <name>GPIODirModeSet</name>
         <value>0x204c1</value>
         <object_component_ref idref="oc-1da"/>
      </symbol>
      <symbol id="sm-392">
         <name>GPIOPinWrite</name>
         <value>0x206f1</value>
         <object_component_ref idref="oc-26f"/>
      </symbol>
      <symbol id="sm-393">
         <name>GPIOPadConfigSet</name>
         <value>0x1fe99</value>
         <object_component_ref idref="oc-1e0"/>
      </symbol>
      <symbol id="sm-394">
         <name>GPIOPinTypeSSI</name>
         <value>0x205d3</value>
         <object_component_ref idref="oc-24b"/>
      </symbol>
      <symbol id="sm-3ce">
         <name>IntEnable</name>
         <value>0x200a1</value>
         <object_component_ref idref="oc-129"/>
      </symbol>
      <symbol id="sm-3cf">
         <name>IntRegister</name>
         <value>0x203f1</value>
         <object_component_ref idref="oc-22f"/>
      </symbol>
      <symbol id="sm-3d0">
         <name>g_pfnRAMVectors</name>
         <value>0x20000000</value>
         <object_component_ref idref="oc-32f"/>
      </symbol>
      <symbol id="sm-3d1">
         <name>IntMasterEnable</name>
         <value>0x2064d</value>
         <object_component_ref idref="oc-135"/>
      </symbol>
      <symbol id="sm-408">
         <name>PWMGenPeriodSet</name>
         <value>0x2065d</value>
         <object_component_ref idref="oc-f9"/>
      </symbol>
      <symbol id="sm-409">
         <name>PWMClockSet</name>
         <value>0x20601</value>
         <object_component_ref idref="oc-e7"/>
      </symbol>
      <symbol id="sm-40a">
         <name>PWMPulseWidthSet</name>
         <value>0x20551</value>
         <object_component_ref idref="oc-ff"/>
      </symbol>
      <symbol id="sm-40b">
         <name>PWMOutputState</name>
         <value>0x20629</value>
         <object_component_ref idref="oc-10b"/>
      </symbol>
      <symbol id="sm-40c">
         <name>PWMGenEnable</name>
         <value>0x20695</value>
         <object_component_ref idref="oc-105"/>
      </symbol>
      <symbol id="sm-40d">
         <name>PWMGenConfigure</name>
         <value>0x204ed</value>
         <object_component_ref idref="oc-f3"/>
      </symbol>
      <symbol id="sm-43d">
         <name>SSIDataPut</name>
         <value>0x206b9</value>
         <object_component_ref idref="oc-25d"/>
      </symbol>
      <symbol id="sm-43e">
         <name>SSIDataGet</name>
         <value>0x206a1</value>
         <object_component_ref idref="oc-269"/>
      </symbol>
      <symbol id="sm-43f">
         <name>SSIConfigSetExpClk</name>
         <value>0x2037d</value>
         <object_component_ref idref="oc-251"/>
      </symbol>
      <symbol id="sm-440">
         <name>SSIEnable</name>
         <value>0x206c3</value>
         <object_component_ref idref="oc-257"/>
      </symbol>
      <symbol id="sm-441">
         <name>SSIBusy</name>
         <value>0x206e1</value>
         <object_component_ref idref="oc-263"/>
      </symbol>
      <symbol id="sm-4c6">
         <name>SysCtlPeripheralPresent</name>
         <value>0x203b9</value>
         <object_component_ref idref="oc-1e7"/>
      </symbol>
      <symbol id="sm-4c7">
         <name>SysCtlDelay</name>
         <value>0x206f7</value>
         <object_component_ref idref="oc-14d"/>
      </symbol>
      <symbol id="sm-4c8">
         <name>SysCtlPeripheralEnable</name>
         <value>0x20425</value>
         <object_component_ref idref="oc-cf"/>
      </symbol>
      <symbol id="sm-4c9">
         <name>SysCtlPeripheralSleepEnable</name>
         <value>0x20459</value>
         <object_component_ref idref="oc-141"/>
      </symbol>
      <symbol id="sm-4ca">
         <name>SysCtlClockFreqSet</name>
         <value>0x1fc99</value>
         <object_component_ref idref="oc-c9"/>
      </symbol>
      <symbol id="sm-52d">
         <name>TimerLoadSet</name>
         <value>0x2063b</value>
         <object_component_ref idref="oc-11d"/>
      </symbol>
      <symbol id="sm-52e">
         <name>TimerIntRegister</name>
         <value>0x205a5</value>
         <object_component_ref idref="oc-123"/>
      </symbol>
      <symbol id="sm-52f">
         <name>TimerEnable</name>
         <value>0x2066d</value>
         <object_component_ref idref="oc-13b"/>
      </symbol>
      <symbol id="sm-530">
         <name>TimerIntEnable</name>
         <value>0x206e9</value>
         <object_component_ref idref="oc-12f"/>
      </symbol>
      <symbol id="sm-531">
         <name>TimerClockSourceSet</name>
         <value>0x206fd</value>
         <object_component_ref idref="oc-111"/>
      </symbol>
      <symbol id="sm-532">
         <name>TimerConfigure</name>
         <value>0x20171</value>
         <object_component_ref idref="oc-117"/>
      </symbol>
      <symbol id="sm-533">
         <name>TimerIntClear</name>
         <value>0x20703</value>
         <object_component_ref idref="oc-15f"/>
      </symbol>
      <symbol id="sm-566">
         <name>UARTConfigSetExpClk</name>
         <value>0x202b1</value>
         <object_component_ref idref="oc-1ed"/>
      </symbol>
      <symbol id="sm-567">
         <name>UARTDisable</name>
         <value>0x20511</value>
         <object_component_ref idref="oc-308"/>
      </symbol>
      <symbol id="sm-568">
         <name>UARTCharPut</name>
         <value>0x206d7</value>
         <object_component_ref idref="oc-1f9"/>
      </symbol>
      <symbol id="sm-569">
         <name>UARTEnable</name>
         <value>0x20615</value>
         <object_component_ref idref="oc-1f3"/>
      </symbol>
      <symbol id="sm-56a">
         <name>UARTCharGet</name>
         <value>0x206cd</value>
         <object_component_ref idref="oc-1ff"/>
      </symbol>
      <symbol id="sm-574">
         <name>CPUcpsie</name>
         <value>0x20689</value>
         <object_component_ref idref="oc-23c"/>
      </symbol>
      <symbol id="sm-58f">
         <name>memcpy</name>
         <value>0x20005</value>
         <object_component_ref idref="oc-3b"/>
      </symbol>
      <symbol id="sm-590">
         <name>__aeabi_memcpy</name>
         <value>0x20005</value>
         <object_component_ref idref="oc-3b"/>
      </symbol>
      <symbol id="sm-591">
         <name>__aeabi_memcpy8</name>
         <value>0x20005</value>
         <object_component_ref idref="oc-3b"/>
      </symbol>
      <symbol id="sm-592">
         <name>__aeabi_memcpy4</name>
         <value>0x20005</value>
         <object_component_ref idref="oc-3b"/>
      </symbol>
      <symbol id="sm-5a1">
         <name>__aeabi_uidivmod</name>
         <value>0x2033d</value>
         <object_component_ref idref="oc-20e"/>
      </symbol>
      <symbol id="sm-5a2">
         <name>__aeabi_uidiv</name>
         <value>0x2033d</value>
         <object_component_ref idref="oc-20e"/>
      </symbol>
      <symbol id="sm-5bb">
         <name>__TI_zero_init_nomemset</name>
         <value>0x2056f</value>
         <object_component_ref idref="oc-47"/>
      </symbol>
      <symbol id="sm-5d2">
         <name>__TI_decompress_none</name>
         <value>0x2067b</value>
         <object_component_ref idref="oc-1b"/>
      </symbol>
      <symbol id="sm-5f5">
         <name>__TI_decompress_lzss</name>
         <value>0x20109</value>
         <object_component_ref idref="oc-15"/>
      </symbol>
      <symbol id="sm-608">
         <name>__stack</name>
         <value>0x20000270</value>
         <object_component_ref idref="oc-24"/>
      </symbol>
      <symbol id="sm-609">
         <name>_c_int00_noargs</name>
         <value>0x2048d</value>
         <object_component_ref idref="oc-59"/>
      </symbol>
      <symbol id="sm-613">
         <name>__aeabi_idiv0</name>
         <value>0x202f7</value>
         <object_component_ref idref="oc-319"/>
      </symbol>
      <symbol id="sm-614">
         <name>__aeabi_ldiv0</name>
         <value>0x202f7</value>
         <object_component_ref idref="oc-319"/>
      </symbol>
      <symbol id="sm-63d">
         <name>__TI_auto_init_nobinit_nopinit</name>
         <value>0x202f9</value>
         <object_component_ref idref="oc-175"/>
      </symbol>
      <symbol id="sm-647">
         <name>_system_pre_init</name>
         <value>0x20707</value>
         <object_component_ref idref="oc-95"/>
      </symbol>
      <symbol id="sm-653">
         <name>C$$EXIT</name>
         <value>0x2070b</value>
         <object_component_ref idref="oc-169"/>
      </symbol>
      <symbol id="sm-654">
         <name>abort</name>
         <value>0x2070b</value>
         <object_component_ref idref="oc-169"/>
      </symbol>
      <symbol id="sm-657">
         <name>__TI_static_base__</name>
         <value>0x0</value>
      </symbol>
      <symbol id="sm-65a">
         <name>__mpu_init</name>
         <value>0x0</value>
      </symbol>
      <symbol id="sm-65b">
         <name>_system_post_cinit</name>
         <value>0x0</value>
      </symbol>
   </symbol_table>
   <title>Link successful</title>
</link_info>
