<?xml version="1.0" encoding="ISO-8859-1" ?>
<link_info>
   <banner>TI ARM Linker PC v20.2.7.LTS</banner>
   <copyright>Copyright (c) 1996-2018 Texas Instruments Incorporated</copyright>
   <link_time>0x691de12a</link_time>
   <link_errors>0x0</link_errors>
   <output_file>ProyectoSepa2.out</output_file>
   <entry_point>
      <name>_c_int00_noargs</name>
      <address>0x1fc69</address>
   </entry_point>
   <input_file_list>
      <input_file id="fl-2">
         <path>.\</path>
         <kind>object</kind>
         <file>ProyectoCompleto.obj</file>
         <name>ProyectoCompleto.obj</name>
      </input_file>
      <input_file id="fl-3">
         <path>.\</path>
         <kind>object</kind>
         <file>ft800_TIVA.obj</file>
         <name>ft800_TIVA.obj</name>
      </input_file>
      <input_file id="fl-4">
         <path>.\</path>
         <kind>object</kind>
         <file>mandolib.obj</file>
         <name>mandolib.obj</name>
      </input_file>
      <input_file id="fl-5">
         <path>.\</path>
         <kind>object</kind>
         <file>tm4c1294ncpdt_startup_ccs.obj</file>
         <name>tm4c1294ncpdt_startup_ccs.obj</name>
      </input_file>
      <input_file id="fl-6">
         <path>.\</path>
         <kind>object</kind>
         <file>uartstdio.obj</file>
         <name>uartstdio.obj</name>
      </input_file>
      <input_file id="fl-b">
         <kind>object</kind>
         <file>&lt;internal&gt;</file>
         <name>&lt;internal&gt;</name>
      </input_file>
      <input_file id="fl-c">
         <path>C:\ti\TivaWare_C_Series-2.2.0.295\driverlib\ccs\Debug\</path>
         <kind>archive</kind>
         <file>driverlib.lib</file>
         <name>gpio.obj</name>
      </input_file>
      <input_file id="fl-d">
         <path>C:\ti\TivaWare_C_Series-2.2.0.295\driverlib\ccs\Debug\</path>
         <kind>archive</kind>
         <file>driverlib.lib</file>
         <name>interrupt.obj</name>
      </input_file>
      <input_file id="fl-e">
         <path>C:\ti\TivaWare_C_Series-2.2.0.295\driverlib\ccs\Debug\</path>
         <kind>archive</kind>
         <file>driverlib.lib</file>
         <name>ssi.obj</name>
      </input_file>
      <input_file id="fl-f">
         <path>C:\ti\TivaWare_C_Series-2.2.0.295\driverlib\ccs\Debug\</path>
         <kind>archive</kind>
         <file>driverlib.lib</file>
         <name>sysctl.obj</name>
      </input_file>
      <input_file id="fl-10">
         <path>C:\ti\TivaWare_C_Series-2.2.0.295\driverlib\ccs\Debug\</path>
         <kind>archive</kind>
         <file>driverlib.lib</file>
         <name>uart.obj</name>
      </input_file>
      <input_file id="fl-11">
         <path>C:\ti\TivaWare_C_Series-2.2.0.295\driverlib\ccs\Debug\</path>
         <kind>archive</kind>
         <file>driverlib.lib</file>
         <name>cpu.obj</name>
      </input_file>
      <input_file id="fl-c7">
         <path>C:\ti\ccs1281\ccs\tools\compiler\ti-cgt-arm_20.2.7.LTS\lib\</path>
         <kind>archive</kind>
         <file>rtsv7M4_T_le_v4SPD16_eabi.lib</file>
         <name>memcpy_t2.asm.obj</name>
      </input_file>
      <input_file id="fl-c8">
         <path>C:\ti\ccs1281\ccs\tools\compiler\ti-cgt-arm_20.2.7.LTS\lib\</path>
         <kind>archive</kind>
         <file>rtsv7M4_T_le_v4SPD16_eabi.lib</file>
         <name>u_divt2.asm.obj</name>
      </input_file>
      <input_file id="fl-c9">
         <path>C:\ti\ccs1281\ccs\tools\compiler\ti-cgt-arm_20.2.7.LTS\lib\</path>
         <kind>archive</kind>
         <file>rtsv7M4_T_le_v4SPD16_eabi.lib</file>
         <name>copy_zero_init.c.obj</name>
      </input_file>
      <input_file id="fl-ca">
         <path>C:\ti\ccs1281\ccs\tools\compiler\ti-cgt-arm_20.2.7.LTS\lib\</path>
         <kind>archive</kind>
         <file>rtsv7M4_T_le_v4SPD16_eabi.lib</file>
         <name>copy_decompress_none.c.obj</name>
      </input_file>
      <input_file id="fl-cb">
         <path>C:\ti\ccs1281\ccs\tools\compiler\ti-cgt-arm_20.2.7.LTS\lib\</path>
         <kind>archive</kind>
         <file>rtsv7M4_T_le_v4SPD16_eabi.lib</file>
         <name>copy_decompress_lzss.c.obj</name>
      </input_file>
      <input_file id="fl-cc">
         <path>C:\ti\ccs1281\ccs\tools\compiler\ti-cgt-arm_20.2.7.LTS\lib\</path>
         <kind>archive</kind>
         <file>rtsv7M4_T_le_v4SPD16_eabi.lib</file>
         <name>boot_cortex_m.c.obj</name>
      </input_file>
      <input_file id="fl-cd">
         <path>C:\ti\ccs1281\ccs\tools\compiler\ti-cgt-arm_20.2.7.LTS\lib\</path>
         <kind>archive</kind>
         <file>rtsv7M4_T_le_v4SPD16_eabi.lib</file>
         <name>div0.asm.obj</name>
      </input_file>
      <input_file id="fl-ce">
         <path>C:\ti\ccs1281\ccs\tools\compiler\ti-cgt-arm_20.2.7.LTS\lib\</path>
         <kind>archive</kind>
         <file>rtsv7M4_T_le_v4SPD16_eabi.lib</file>
         <name>memset_t2.asm.obj</name>
      </input_file>
      <input_file id="fl-cf">
         <path>C:\ti\ccs1281\ccs\tools\compiler\ti-cgt-arm_20.2.7.LTS\lib\</path>
         <kind>archive</kind>
         <file>rtsv7M4_T_le_v4SPD16_eabi.lib</file>
         <name>autoinit.c.obj</name>
      </input_file>
      <input_file id="fl-d0">
         <path>C:\ti\ccs1281\ccs\tools\compiler\ti-cgt-arm_20.2.7.LTS\lib\</path>
         <kind>archive</kind>
         <file>rtsv7M4_T_le_v4SPD16_eabi.lib</file>
         <name>pre_init.c.obj</name>
      </input_file>
      <input_file id="fl-d1">
         <path>C:\ti\ccs1281\ccs\tools\compiler\ti-cgt-arm_20.2.7.LTS\lib\</path>
         <kind>archive</kind>
         <file>rtsv7M4_T_le_v4SPD16_eabi.lib</file>
         <name>cpy_tbl.c.obj</name>
      </input_file>
      <input_file id="fl-d2">
         <path>C:\ti\ccs1281\ccs\tools\compiler\ti-cgt-arm_20.2.7.LTS\lib\</path>
         <kind>archive</kind>
         <file>rtsv7M4_T_le_v4SPD16_eabi.lib</file>
         <name>exit.c.obj</name>
      </input_file>
      <input_file id="fl-d3">
         <path>C:\ti\ccs1281\ccs\tools\compiler\ti-cgt-arm_20.2.7.LTS\lib\</path>
         <kind>archive</kind>
         <file>rtsv7M4_T_le_v4SPD16_eabi.lib</file>
         <name>_lock.c.obj</name>
      </input_file>
      <input_file id="fl-d4">
         <path>C:\ti\ccs1281\ccs\tools\compiler\ti-cgt-arm_20.2.7.LTS\lib\</path>
         <kind>archive</kind>
         <file>rtsv7M4_T_le_v4SPD16_eabi.lib</file>
         <name>args_main.c.obj</name>
      </input_file>
   </input_file_list>
   <object_component_list>
      <object_component id="oc-12">
         <name>.intvecs</name>
         <load_address>0x0</load_address>
         <run_address>0x0</run_address>
         <size>0x208</size>
         <input_file_ref idref="fl-5"/>
      </object_component>
      <object_component id="oc-e2">
         <name>.text</name>
         <load_address>0x1dc20</load_address>
         <run_address>0x1dc20</run_address>
         <size>0x11d8</size>
         <input_file_ref idref="fl-3"/>
      </object_component>
      <object_component id="oc-dc">
         <name>.text</name>
         <load_address>0x1edf8</load_address>
         <run_address>0x1edf8</run_address>
         <size>0x4a8</size>
         <input_file_ref idref="fl-6"/>
      </object_component>
      <object_component id="oc-e9">
         <name>.text</name>
         <load_address>0x1f2a0</load_address>
         <run_address>0x1f2a0</run_address>
         <size>0x2d8</size>
         <input_file_ref idref="fl-4"/>
      </object_component>
      <object_component id="oc-c4">
         <name>.text:SysCtlClockFreqSet</name>
         <load_address>0x1f578</load_address>
         <run_address>0x1f578</run_address>
         <size>0x200</size>
         <input_file_ref idref="fl-f"/>
      </object_component>
      <object_component id="oc-15e">
         <name>.text:GPIOPadConfigSet</name>
         <load_address>0x1f778</load_address>
         <run_address>0x1f778</run_address>
         <size>0x16c</size>
         <input_file_ref idref="fl-c"/>
      </object_component>
      <object_component id="oc-3b">
         <name>.text</name>
         <load_address>0x1f8e4</load_address>
         <run_address>0x1f8e4</run_address>
         <size>0x9c</size>
         <input_file_ref idref="fl-c7"/>
      </object_component>
      <object_component id="oc-9b">
         <name>.text</name>
         <load_address>0x1f980</load_address>
         <run_address>0x1f980</run_address>
         <size>0x78</size>
         <input_file_ref idref="fl-2"/>
      </object_component>
      <object_component id="oc-15">
         <name>.text:decompress:lzss:__TI_decompress_lzss</name>
         <load_address>0x1f9f8</load_address>
         <run_address>0x1f9f8</run_address>
         <size>0x68</size>
         <input_file_ref idref="fl-cb"/>
      </object_component>
      <object_component id="oc-d0">
         <name>.text:GPIOPinConfigure</name>
         <load_address>0x1fa60</load_address>
         <run_address>0x1fa60</run_address>
         <size>0x4c</size>
         <input_file_ref idref="fl-c"/>
      </object_component>
      <object_component id="oc-13c">
         <name>.text:_SysCtlFrequencyGet</name>
         <load_address>0x1faac</load_address>
         <run_address>0x1faac</run_address>
         <size>0x48</size>
         <input_file_ref idref="fl-f"/>
      </object_component>
      <object_component id="oc-170">
         <name>.text:UARTConfigSetExpClk</name>
         <load_address>0x1faf4</load_address>
         <run_address>0x1faf4</run_address>
         <size>0x46</size>
         <input_file_ref idref="fl-10"/>
      </object_component>
      <object_component id="oc-26a">
         <name>.text</name>
         <load_address>0x1fb3a</load_address>
         <run_address>0x1fb3a</run_address>
         <size>0x2</size>
         <input_file_ref idref="fl-cd"/>
      </object_component>
      <object_component id="oc-fd">
         <name>.text:__TI_auto_init_nobinit_nopinit:__TI_auto_init_nobinit_nopinit</name>
         <load_address>0x1fb3c</load_address>
         <run_address>0x1fb3c</run_address>
         <size>0x44</size>
         <input_file_ref idref="fl-cf"/>
      </object_component>
      <object_component id="oc-191">
         <name>.text</name>
         <load_address>0x1fb80</load_address>
         <run_address>0x1fb80</run_address>
         <size>0x40</size>
         <input_file_ref idref="fl-c8"/>
      </object_component>
      <object_component id="oc-1ac">
         <name>.text:SSIConfigSetExpClk</name>
         <load_address>0x1fbc0</load_address>
         <run_address>0x1fbc0</run_address>
         <size>0x3c</size>
         <input_file_ref idref="fl-e"/>
      </object_component>
      <object_component id="oc-16a">
         <name>.text:SysCtlPeripheralPresent</name>
         <load_address>0x1fbfc</load_address>
         <run_address>0x1fbfc</run_address>
         <size>0x38</size>
         <input_file_ref idref="fl-f"/>
      </object_component>
      <object_component id="oc-ca">
         <name>.text:SysCtlPeripheralEnable</name>
         <load_address>0x1fc34</load_address>
         <run_address>0x1fc34</run_address>
         <size>0x34</size>
         <input_file_ref idref="fl-f"/>
      </object_component>
      <object_component id="oc-59">
         <name>.text:_c_int00_noargs:_c_int00_noargs</name>
         <load_address>0x1fc68</load_address>
         <run_address>0x1fc68</run_address>
         <size>0x34</size>
         <input_file_ref idref="fl-cc"/>
      </object_component>
      <object_component id="oc-158">
         <name>.text:GPIODirModeSet</name>
         <load_address>0x1fc9c</load_address>
         <run_address>0x1fc9c</run_address>
         <size>0x2c</size>
         <input_file_ref idref="fl-c"/>
      </object_component>
      <object_component id="oc-259">
         <name>.text:UARTDisable</name>
         <load_address>0x1fcc8</load_address>
         <run_address>0x1fcc8</run_address>
         <size>0x20</size>
         <input_file_ref idref="fl-10"/>
      </object_component>
      <object_component id="oc-136">
         <name>.text:_SysCtlMemTimingGet</name>
         <load_address>0x1fce8</load_address>
         <run_address>0x1fce8</run_address>
         <size>0x20</size>
         <input_file_ref idref="fl-f"/>
      </object_component>
      <object_component id="oc-47">
         <name>.text:decompress:ZI:__TI_zero_init_nomemset:__TI_zero_init_nomemset</name>
         <load_address>0x1fd08</load_address>
         <run_address>0x1fd08</run_address>
         <size>0x1c</size>
         <input_file_ref idref="fl-c9"/>
      </object_component>
      <object_component id="oc-1a0">
         <name>.text:GPIOPinTypeGPIOOutput</name>
         <load_address>0x1fd24</load_address>
         <run_address>0x1fd24</run_address>
         <size>0x1a</size>
         <input_file_ref idref="fl-c"/>
      </object_component>
      <object_component id="oc-1a6">
         <name>.text:GPIOPinTypeSSI</name>
         <load_address>0x1fd3e</load_address>
         <run_address>0x1fd3e</run_address>
         <size>0x16</size>
         <input_file_ref idref="fl-c"/>
      </object_component>
      <object_component id="oc-d6">
         <name>.text:GPIOPinTypeUART</name>
         <load_address>0x1fd54</load_address>
         <run_address>0x1fd54</run_address>
         <size>0x16</size>
         <input_file_ref idref="fl-c"/>
      </object_component>
      <object_component id="oc-176">
         <name>.text:UARTEnable</name>
         <load_address>0x1fd6a</load_address>
         <run_address>0x1fd6a</run_address>
         <size>0x14</size>
         <input_file_ref idref="fl-10"/>
      </object_component>
      <object_component id="oc-1b">
         <name>.text:decompress:none:__TI_decompress_none</name>
         <load_address>0x1fd7e</load_address>
         <run_address>0x1fd7e</run_address>
         <size>0xe</size>
         <input_file_ref idref="fl-ca"/>
      </object_component>
      <object_component id="oc-1c4">
         <name>.text:SSIDataGet</name>
         <load_address>0x1fd8c</load_address>
         <run_address>0x1fd8c</run_address>
         <size>0xc</size>
         <input_file_ref idref="fl-e"/>
      </object_component>
      <object_component id="oc-27">
         <name>.text</name>
         <load_address>0x1fd98</load_address>
         <run_address>0x1fd98</run_address>
         <size>0xc</size>
         <input_file_ref idref="fl-5"/>
      </object_component>
      <object_component id="oc-1b8">
         <name>.text:SSIDataPut</name>
         <load_address>0x1fda4</load_address>
         <run_address>0x1fda4</run_address>
         <size>0xa</size>
         <input_file_ref idref="fl-e"/>
      </object_component>
      <object_component id="oc-1b2">
         <name>.text:SSIEnable</name>
         <load_address>0x1fdae</load_address>
         <run_address>0x1fdae</run_address>
         <size>0xa</size>
         <input_file_ref idref="fl-e"/>
      </object_component>
      <object_component id="oc-182">
         <name>.text:UARTCharGet</name>
         <load_address>0x1fdb8</load_address>
         <run_address>0x1fdb8</run_address>
         <size>0xa</size>
         <input_file_ref idref="fl-10"/>
      </object_component>
      <object_component id="oc-17c">
         <name>.text:UARTCharPut</name>
         <load_address>0x1fdc2</load_address>
         <run_address>0x1fdc2</run_address>
         <size>0xa</size>
         <input_file_ref idref="fl-10"/>
      </object_component>
      <object_component id="oc-1be">
         <name>.text:SSIBusy</name>
         <load_address>0x1fdcc</load_address>
         <run_address>0x1fdcc</run_address>
         <size>0x8</size>
         <input_file_ref idref="fl-e"/>
      </object_component>
      <object_component id="oc-1ca">
         <name>.text:GPIOPinWrite</name>
         <load_address>0x1fdd4</load_address>
         <run_address>0x1fdd4</run_address>
         <size>0x6</size>
         <input_file_ref idref="fl-c"/>
      </object_component>
      <object_component id="oc-e8">
         <name>.text:SysCtlDelay</name>
         <load_address>0x1fdda</load_address>
         <run_address>0x1fdda</run_address>
         <size>0x6</size>
         <input_file_ref idref="fl-f"/>
      </object_component>
      <object_component id="oc-95">
         <name>.text:_system_pre_init</name>
         <load_address>0x1fde0</load_address>
         <run_address>0x1fde0</run_address>
         <size>0x4</size>
         <input_file_ref idref="fl-d0"/>
      </object_component>
      <object_component id="oc-f1">
         <name>.text:abort:abort</name>
         <load_address>0x1fde4</load_address>
         <run_address>0x1fde4</run_address>
         <size>0x4</size>
         <input_file_ref idref="fl-d2"/>
      </object_component>
      <object_component id="oc-1e4">
         <name>.const:.string:antena3_rgb565_data</name>
         <load_address>0x208</load_address>
         <run_address>0x208</run_address>
         <size>0x3f48</size>
         <input_file_ref idref="fl-4"/>
      </object_component>
      <object_component id="oc-1e7">
         <name>.const:.string:cuatro_rgb565_data</name>
         <load_address>0x4150</load_address>
         <run_address>0x4150</run_address>
         <size>0x3f48</size>
         <input_file_ref idref="fl-4"/>
      </object_component>
      <object_component id="oc-1e1">
         <name>.const:.string:la2_rgb565_data</name>
         <load_address>0x8098</load_address>
         <run_address>0x8098</run_address>
         <size>0x3f48</size>
         <input_file_ref idref="fl-4"/>
      </object_component>
      <object_component id="oc-1ed">
         <name>.const:.string:lasexta_rgb565_data</name>
         <load_address>0xbfe0</load_address>
         <run_address>0xbfe0</run_address>
         <size>0x3f48</size>
         <input_file_ref idref="fl-4"/>
      </object_component>
      <object_component id="oc-1ea">
         <name>.const:.string:telecinco_rgb565_data</name>
         <load_address>0xff28</load_address>
         <run_address>0xff28</run_address>
         <size>0x3f48</size>
         <input_file_ref idref="fl-4"/>
      </object_component>
      <object_component id="oc-1de">
         <name>.const:.string:tve_rgb565_data</name>
         <load_address>0x13e70</load_address>
         <run_address>0x13e70</run_address>
         <size>0x3f48</size>
         <input_file_ref idref="fl-4"/>
      </object_component>
      <object_component id="oc-1f6">
         <name>.const:.string:bajar_rgb565_data</name>
         <load_address>0x17db8</load_address>
         <run_address>0x17db8</run_address>
         <size>0x16c8</size>
         <input_file_ref idref="fl-4"/>
      </object_component>
      <object_component id="oc-1f0">
         <name>.const:.string:encender_rgb565_data</name>
         <load_address>0x19480</load_address>
         <run_address>0x19480</run_address>
         <size>0x16c8</size>
         <input_file_ref idref="fl-4"/>
      </object_component>
      <object_component id="oc-1f9">
         <name>.const:.string:quitar_rgb565_data</name>
         <load_address>0x1ab48</load_address>
         <run_address>0x1ab48</run_address>
         <size>0x16c8</size>
         <input_file_ref idref="fl-4"/>
      </object_component>
      <object_component id="oc-1f3">
         <name>.const:.string:subir_rgb565_data</name>
         <load_address>0x1c210</load_address>
         <run_address>0x1c210</run_address>
         <size>0x16c8</size>
         <input_file_ref idref="fl-4"/>
      </object_component>
      <object_component id="oc-145">
         <name>.const:g_pppui32XTALtoVCO</name>
         <load_address>0x1d8d8</load_address>
         <run_address>0x1d8d8</run_address>
         <size>0x1b0</size>
         <input_file_ref idref="fl-f"/>
      </object_component>
      <object_component id="oc-153">
         <name>.const:g_pui32GPIOBaseAddrs</name>
         <load_address>0x1da88</load_address>
         <run_address>0x1da88</run_address>
         <size>0x90</size>
         <input_file_ref idref="fl-c"/>
      </object_component>
      <object_component id="oc-142">
         <name>.const:g_pui32Xtals</name>
         <load_address>0x1db18</load_address>
         <run_address>0x1db18</run_address>
         <size>0x6c</size>
         <input_file_ref idref="fl-f"/>
      </object_component>
      <object_component id="oc-232">
         <name>.const:g_sXTALtoMEMTIM</name>
         <load_address>0x1db84</load_address>
         <run_address>0x1db84</run_address>
         <size>0x30</size>
         <input_file_ref idref="fl-f"/>
      </object_component>
      <object_component id="oc-208">
         <name>.const:$P$T10$5</name>
         <load_address>0x1dbb4</load_address>
         <run_address>0x1dbb4</run_address>
         <size>0x14</size>
         <input_file_ref idref="fl-4"/>
      </object_component>
      <object_component id="oc-205">
         <name>.const:$P$T9$4</name>
         <load_address>0x1dbc8</load_address>
         <run_address>0x1dbc8</run_address>
         <size>0x14</size>
         <input_file_ref idref="fl-4"/>
      </object_component>
      <object_component id="oc-270">
         <name>.const:.string</name>
         <load_address>0x1dbdc</load_address>
         <run_address>0x1dbdc</run_address>
         <size>0x12</size>
         <input_file_ref idref="fl-6"/>
      </object_component>
      <object_component id="oc-18e">
         <name>.const:g_ui32UARTBase</name>
         <load_address>0x1dbf0</load_address>
         <run_address>0x1dbf0</run_address>
         <size>0xc</size>
         <input_file_ref idref="fl-6"/>
      </object_component>
      <object_component id="oc-188">
         <name>.const:g_ui32UARTPeriph</name>
         <load_address>0x1dbfc</load_address>
         <run_address>0x1dbfc</run_address>
         <size>0xc</size>
         <input_file_ref idref="fl-6"/>
      </object_component>
      <object_component id="oc-148">
         <name>.const:g_pui32VCOFrequencies</name>
         <load_address>0x1dc08</load_address>
         <run_address>0x1dc08</run_address>
         <size>0x8</size>
         <input_file_ref idref="fl-f"/>
      </object_component>
      <object_component id="oc-1fc">
         <name>.const:$P$T6$1</name>
         <load_address>0x1dc10</load_address>
         <run_address>0x1dc10</run_address>
         <size>0x4</size>
         <input_file_ref idref="fl-4"/>
      </object_component>
      <object_component id="oc-1ff">
         <name>.const:$P$T7$2</name>
         <load_address>0x1dc14</load_address>
         <run_address>0x1dc14</run_address>
         <size>0x4</size>
         <input_file_ref idref="fl-4"/>
      </object_component>
      <object_component id="oc-202">
         <name>.const:$P$T8$3</name>
         <load_address>0x1dc18</load_address>
         <run_address>0x1dc18</run_address>
         <size>0x4</size>
         <input_file_ref idref="fl-4"/>
      </object_component>
      <object_component id="oc-196">
         <name>.const</name>
         <load_address>0x1dc1c</load_address>
         <run_address>0x1dc1c</run_address>
         <size>0x4</size>
         <input_file_ref idref="fl-6"/>
      </object_component>
      <object_component id="oc-305">
         <name>.cinit..data.load</name>
         <load_address>0x1fde8</load_address>
         <run_address>0x1fde8</run_address>
         <size>0xc</size>
      </object_component>
      <object_component id="oc-303">
         <name>__TI_handler_table</name>
         <load_address>0x1fdf4</load_address>
         <run_address>0x1fdf4</run_address>
         <size>0xc</size>
      </object_component>
      <object_component id="oc-306">
         <name>.cinit..bss.load</name>
         <load_address>0x1fe00</load_address>
         <run_address>0x1fe00</run_address>
         <size>0x8</size>
      </object_component>
      <object_component id="oc-304">
         <name>__TI_cinit_table</name>
         <load_address>0x1fe08</load_address>
         <run_address>0x1fe08</run_address>
         <size>0x10</size>
      </object_component>
      <object_component id="oc-1d7">
         <name>.data</name>
         <load_address>0x20002024</load_address>
         <run_address>0x20002024</run_address>
         <size>0x18</size>
         <input_file_ref idref="fl-3"/>
      </object_component>
      <object_component id="oc-18b">
         <name>.data</name>
         <load_address>0x2000203c</load_address>
         <run_address>0x2000203c</run_address>
         <size>0x5</size>
         <input_file_ref idref="fl-6"/>
      </object_component>
      <object_component id="oc-ef">
         <name>.common:RELOJ</name>
         <uninitialized>true</uninitialized>
         <run_address>0x2000201c</run_address>
         <size>0x4</size>
      </object_component>
      <object_component id="oc-1db">
         <name>.common:POSX</name>
         <uninitialized>true</uninitialized>
         <run_address>0x20002014</run_address>
         <size>0x4</size>
      </object_component>
      <object_component id="oc-1dc">
         <name>.common:POSY</name>
         <uninitialized>true</uninitialized>
         <run_address>0x20002018</run_address>
         <size>0x4</size>
      </object_component>
      <object_component id="oc-1da">
         <name>.common:BufferXY</name>
         <uninitialized>true</uninitialized>
         <run_address>0x20002000</run_address>
         <size>0x4</size>
      </object_component>
      <object_component id="oc-1d6">
         <name>.common:SSI_BASE</name>
         <uninitialized>true</uninitialized>
         <run_address>0x20002020</run_address>
         <size>0x4</size>
      </object_component>
      <object_component id="oc-1d0">
         <name>.common:CS_PORT</name>
         <uninitialized>true</uninitialized>
         <run_address>0x20002008</run_address>
         <size>0x4</size>
      </object_component>
      <object_component id="oc-1d3">
         <name>.common:CS_PIN</name>
         <uninitialized>true</uninitialized>
         <run_address>0x20002004</run_address>
         <size>0x4</size>
      </object_component>
      <object_component id="oc-1d4">
         <name>.common:PD_PORT</name>
         <uninitialized>true</uninitialized>
         <run_address>0x20002010</run_address>
         <size>0x4</size>
      </object_component>
      <object_component id="oc-1d5">
         <name>.common:PD_PIN</name>
         <uninitialized>true</uninitialized>
         <run_address>0x2000200c</run_address>
         <size>0x4</size>
      </object_component>
      <object_component id="oc-24">
         <name>.stack</name>
         <uninitialized>true</uninitialized>
         <run_address>0x20000000</run_address>
         <size>0x4</size>
         <input_file_ref idref="fl-cc"/>
      </object_component>
      <object_component id="oc-308">
         <name>.stack</name>
         <uninitialized>true</uninitialized>
         <run_address>0x20000000</run_address>
         <size>0x0</size>
      </object_component>
      <object_component id="oc-b2">
         <name>.debug_info</name>
         <load_address>0x0</load_address>
         <run_address>0x0</run_address>
         <size>0x4c3</size>
         <input_file_ref idref="fl-2"/>
      </object_component>
      <object_component id="oc-9c">
         <name>.debug_info</name>
         <load_address>0x4c3</load_address>
         <run_address>0x4c3</run_address>
         <size>0x215</size>
         <input_file_ref idref="fl-2"/>
      </object_component>
      <object_component id="oc-70">
         <name>.debug_info</name>
         <load_address>0x6d8</load_address>
         <run_address>0x6d8</run_address>
         <size>0x26b</size>
         <input_file_ref idref="fl-2"/>
      </object_component>
      <object_component id="oc-20d">
         <name>.debug_info</name>
         <load_address>0x943</load_address>
         <run_address>0x943</run_address>
         <size>0x110</size>
         <input_file_ref idref="fl-2"/>
      </object_component>
      <object_component id="oc-131">
         <name>.debug_info</name>
         <load_address>0xa53</load_address>
         <run_address>0xa53</run_address>
         <size>0x186</size>
         <input_file_ref idref="fl-2"/>
      </object_component>
      <object_component id="oc-36">
         <name>.debug_info</name>
         <load_address>0xbd9</load_address>
         <run_address>0xbd9</run_address>
         <size>0x84</size>
         <input_file_ref idref="fl-2"/>
      </object_component>
      <object_component id="oc-ad">
         <name>.debug_info</name>
         <load_address>0xc5d</load_address>
         <run_address>0xc5d</run_address>
         <size>0x2a4</size>
         <input_file_ref idref="fl-2"/>
      </object_component>
      <object_component id="oc-75">
         <name>.debug_info</name>
         <load_address>0xf01</load_address>
         <run_address>0xf01</run_address>
         <size>0xbb</size>
         <input_file_ref idref="fl-2"/>
      </object_component>
      <object_component id="oc-19b">
         <name>.debug_info</name>
         <load_address>0xfbc</load_address>
         <run_address>0xfbc</run_address>
         <size>0x2c</size>
         <input_file_ref idref="fl-2"/>
      </object_component>
      <object_component id="oc-1d1">
         <name>.debug_info</name>
         <load_address>0xfe8</load_address>
         <run_address>0xfe8</run_address>
         <size>0x5a3</size>
         <input_file_ref idref="fl-3"/>
      </object_component>
      <object_component id="oc-1d8">
         <name>.debug_info</name>
         <load_address>0x158b</load_address>
         <run_address>0x158b</run_address>
         <size>0x17c</size>
         <input_file_ref idref="fl-3"/>
      </object_component>
      <object_component id="oc-e3">
         <name>.debug_info</name>
         <load_address>0x1707</load_address>
         <run_address>0x1707</run_address>
         <size>0x483a</size>
         <input_file_ref idref="fl-3"/>
      </object_component>
      <object_component id="oc-165">
         <name>.debug_info</name>
         <load_address>0x5f41</load_address>
         <run_address>0x5f41</run_address>
         <size>0x8b</size>
         <input_file_ref idref="fl-3"/>
      </object_component>
      <object_component id="oc-20c">
         <name>.debug_info</name>
         <load_address>0x5fcc</load_address>
         <run_address>0x5fcc</run_address>
         <size>0x450</size>
         <input_file_ref idref="fl-4"/>
      </object_component>
      <object_component id="oc-1df">
         <name>.debug_info</name>
         <load_address>0x641c</load_address>
         <run_address>0x641c</run_address>
         <size>0xe7</size>
         <input_file_ref idref="fl-4"/>
      </object_component>
      <object_component id="oc-1e2">
         <name>.debug_info</name>
         <load_address>0x6503</load_address>
         <run_address>0x6503</run_address>
         <size>0xe8</size>
         <input_file_ref idref="fl-4"/>
      </object_component>
      <object_component id="oc-1e5">
         <name>.debug_info</name>
         <load_address>0x65eb</load_address>
         <run_address>0x65eb</run_address>
         <size>0xf0</size>
         <input_file_ref idref="fl-4"/>
      </object_component>
      <object_component id="oc-1e8">
         <name>.debug_info</name>
         <load_address>0x66db</load_address>
         <run_address>0x66db</run_address>
         <size>0xee</size>
         <input_file_ref idref="fl-4"/>
      </object_component>
      <object_component id="oc-1eb">
         <name>.debug_info</name>
         <load_address>0x67c9</load_address>
         <run_address>0x67c9</run_address>
         <size>0xf4</size>
         <input_file_ref idref="fl-4"/>
      </object_component>
      <object_component id="oc-1ee">
         <name>.debug_info</name>
         <load_address>0x68bd</load_address>
         <run_address>0x68bd</run_address>
         <size>0xf0</size>
         <input_file_ref idref="fl-4"/>
      </object_component>
      <object_component id="oc-1f1">
         <name>.debug_info</name>
         <load_address>0x69ad</load_address>
         <run_address>0x69ad</run_address>
         <size>0xf2</size>
         <input_file_ref idref="fl-4"/>
      </object_component>
      <object_component id="oc-1f4">
         <name>.debug_info</name>
         <load_address>0x6a9f</load_address>
         <run_address>0x6a9f</run_address>
         <size>0xec</size>
         <input_file_ref idref="fl-4"/>
      </object_component>
      <object_component id="oc-1f7">
         <name>.debug_info</name>
         <load_address>0x6b8b</load_address>
         <run_address>0x6b8b</run_address>
         <size>0xec</size>
         <input_file_ref idref="fl-4"/>
      </object_component>
      <object_component id="oc-1fa">
         <name>.debug_info</name>
         <load_address>0x6c77</load_address>
         <run_address>0x6c77</run_address>
         <size>0xee</size>
         <input_file_ref idref="fl-4"/>
      </object_component>
      <object_component id="oc-1fd">
         <name>.debug_info</name>
         <load_address>0x6d65</load_address>
         <run_address>0x6d65</run_address>
         <size>0xd6</size>
         <input_file_ref idref="fl-4"/>
      </object_component>
      <object_component id="oc-200">
         <name>.debug_info</name>
         <load_address>0x6e3b</load_address>
         <run_address>0x6e3b</run_address>
         <size>0xd6</size>
         <input_file_ref idref="fl-4"/>
      </object_component>
      <object_component id="oc-203">
         <name>.debug_info</name>
         <load_address>0x6f11</load_address>
         <run_address>0x6f11</run_address>
         <size>0xd6</size>
         <input_file_ref idref="fl-4"/>
      </object_component>
      <object_component id="oc-206">
         <name>.debug_info</name>
         <load_address>0x6fe7</load_address>
         <run_address>0x6fe7</run_address>
         <size>0xd6</size>
         <input_file_ref idref="fl-4"/>
      </object_component>
      <object_component id="oc-209">
         <name>.debug_info</name>
         <load_address>0x70bd</load_address>
         <run_address>0x70bd</run_address>
         <size>0xd8</size>
         <input_file_ref idref="fl-4"/>
      </object_component>
      <object_component id="oc-ec">
         <name>.debug_info</name>
         <load_address>0x7195</load_address>
         <run_address>0x7195</run_address>
         <size>0x7e7</size>
         <input_file_ref idref="fl-4"/>
      </object_component>
      <object_component id="oc-2f">
         <name>.debug_info</name>
         <load_address>0x797c</load_address>
         <run_address>0x797c</run_address>
         <size>0x2b3</size>
         <input_file_ref idref="fl-5"/>
      </object_component>
      <object_component id="oc-13">
         <name>.debug_info</name>
         <load_address>0x7c2f</load_address>
         <run_address>0x7c2f</run_address>
         <size>0xf2</size>
         <input_file_ref idref="fl-5"/>
      </object_component>
      <object_component id="oc-29">
         <name>.debug_info</name>
         <load_address>0x7d21</load_address>
         <run_address>0x7d21</run_address>
         <size>0x271</size>
         <input_file_ref idref="fl-5"/>
      </object_component>
      <object_component id="oc-19a">
         <name>.debug_info</name>
         <load_address>0x7f92</load_address>
         <run_address>0x7f92</run_address>
         <size>0x3e6</size>
         <input_file_ref idref="fl-6"/>
      </object_component>
      <object_component id="oc-18c">
         <name>.debug_info</name>
         <load_address>0x8378</load_address>
         <run_address>0x8378</run_address>
         <size>0xdd</size>
         <input_file_ref idref="fl-6"/>
      </object_component>
      <object_component id="oc-197">
         <name>.debug_info</name>
         <load_address>0x8455</load_address>
         <run_address>0x8455</run_address>
         <size>0xd7</size>
         <input_file_ref idref="fl-6"/>
      </object_component>
      <object_component id="oc-18f">
         <name>.debug_info</name>
         <load_address>0x852c</load_address>
         <run_address>0x852c</run_address>
         <size>0xe5</size>
         <input_file_ref idref="fl-6"/>
      </object_component>
      <object_component id="oc-189">
         <name>.debug_info</name>
         <load_address>0x8611</load_address>
         <run_address>0x8611</run_address>
         <size>0xe9</size>
         <input_file_ref idref="fl-6"/>
      </object_component>
      <object_component id="oc-dd">
         <name>.debug_info</name>
         <load_address>0x86fa</load_address>
         <run_address>0x86fa</run_address>
         <size>0x786</size>
         <input_file_ref idref="fl-6"/>
      </object_component>
      <object_component id="oc-157">
         <name>.debug_info</name>
         <load_address>0x8e80</load_address>
         <run_address>0x8e80</run_address>
         <size>0x3e4</size>
         <input_file_ref idref="fl-c"/>
      </object_component>
      <object_component id="oc-154">
         <name>.debug_info</name>
         <load_address>0x9264</load_address>
         <run_address>0x9264</run_address>
         <size>0x164</size>
         <input_file_ref idref="fl-c"/>
      </object_component>
      <object_component id="oc-1cd">
         <name>.debug_info</name>
         <load_address>0x93c8</load_address>
         <run_address>0x93c8</run_address>
         <size>0x2ac</size>
         <input_file_ref idref="fl-c"/>
      </object_component>
      <object_component id="oc-15b">
         <name>.debug_info</name>
         <load_address>0x9674</load_address>
         <run_address>0x9674</run_address>
         <size>0x2bc</size>
         <input_file_ref idref="fl-c"/>
      </object_component>
      <object_component id="oc-161">
         <name>.debug_info</name>
         <load_address>0x9930</load_address>
         <run_address>0x9930</run_address>
         <size>0x31f</size>
         <input_file_ref idref="fl-c"/>
      </object_component>
      <object_component id="oc-d9">
         <name>.debug_info</name>
         <load_address>0x9c4f</load_address>
         <run_address>0x9c4f</run_address>
         <size>0x29b</size>
         <input_file_ref idref="fl-c"/>
      </object_component>
      <object_component id="oc-1a9">
         <name>.debug_info</name>
         <load_address>0x9eea</load_address>
         <run_address>0x9eea</run_address>
         <size>0x299</size>
         <input_file_ref idref="fl-c"/>
      </object_component>
      <object_component id="oc-1a3">
         <name>.debug_info</name>
         <load_address>0xa183</load_address>
         <run_address>0xa183</run_address>
         <size>0x2c0</size>
         <input_file_ref idref="fl-c"/>
      </object_component>
      <object_component id="oc-d3">
         <name>.debug_info</name>
         <load_address>0xa443</load_address>
         <run_address>0xa443</run_address>
         <size>0x289</size>
         <input_file_ref idref="fl-c"/>
      </object_component>
      <object_component id="oc-24d">
         <name>.debug_info</name>
         <load_address>0xa6cc</load_address>
         <run_address>0xa6cc</run_address>
         <size>0x26b</size>
         <input_file_ref idref="fl-c"/>
      </object_component>
      <object_component id="oc-242">
         <name>.debug_info</name>
         <load_address>0xa937</load_address>
         <run_address>0xa937</run_address>
         <size>0x297</size>
         <input_file_ref idref="fl-c"/>
      </object_component>
      <object_component id="oc-237">
         <name>.debug_info</name>
         <load_address>0xabce</load_address>
         <run_address>0xabce</run_address>
         <size>0xef</size>
         <input_file_ref idref="fl-c"/>
      </object_component>
      <object_component id="oc-14c">
         <name>.debug_info</name>
         <load_address>0xacbd</load_address>
         <run_address>0xacbd</run_address>
         <size>0xbb</size>
         <input_file_ref idref="fl-c"/>
      </object_component>
      <object_component id="oc-278">
         <name>.debug_info</name>
         <load_address>0xad78</load_address>
         <run_address>0xad78</run_address>
         <size>0x3c0</size>
         <input_file_ref idref="fl-e"/>
      </object_component>
      <object_component id="oc-1b5">
         <name>.debug_info</name>
         <load_address>0xb138</load_address>
         <run_address>0xb138</run_address>
         <size>0x24b</size>
         <input_file_ref idref="fl-e"/>
      </object_component>
      <object_component id="oc-1ba">
         <name>.debug_info</name>
         <load_address>0xb383</load_address>
         <run_address>0xb383</run_address>
         <size>0x27f</size>
         <input_file_ref idref="fl-e"/>
      </object_component>
      <object_component id="oc-1c7">
         <name>.debug_info</name>
         <load_address>0xb602</load_address>
         <run_address>0xb602</run_address>
         <size>0x283</size>
         <input_file_ref idref="fl-e"/>
      </object_component>
      <object_component id="oc-1af">
         <name>.debug_info</name>
         <load_address>0xb885</load_address>
         <run_address>0xb885</run_address>
         <size>0x3e2</size>
         <input_file_ref idref="fl-e"/>
      </object_component>
      <object_component id="oc-1c0">
         <name>.debug_info</name>
         <load_address>0xbc67</load_address>
         <run_address>0xbc67</run_address>
         <size>0x24b</size>
         <input_file_ref idref="fl-e"/>
      </object_component>
      <object_component id="oc-151">
         <name>.debug_info</name>
         <load_address>0xbeb2</load_address>
         <run_address>0xbeb2</run_address>
         <size>0x441</size>
         <input_file_ref idref="fl-f"/>
      </object_component>
      <object_component id="oc-143">
         <name>.debug_info</name>
         <load_address>0xc2f3</load_address>
         <run_address>0xc2f3</run_address>
         <size>0x156</size>
         <input_file_ref idref="fl-f"/>
      </object_component>
      <object_component id="oc-146">
         <name>.debug_info</name>
         <load_address>0xc449</load_address>
         <run_address>0xc449</run_address>
         <size>0x162</size>
         <input_file_ref idref="fl-f"/>
      </object_component>
      <object_component id="oc-233">
         <name>.debug_info</name>
         <load_address>0xc5ab</load_address>
         <run_address>0xc5ab</run_address>
         <size>0x15c</size>
         <input_file_ref idref="fl-f"/>
      </object_component>
      <object_component id="oc-149">
         <name>.debug_info</name>
         <load_address>0xc707</load_address>
         <run_address>0xc707</run_address>
         <size>0x169</size>
         <input_file_ref idref="fl-f"/>
      </object_component>
      <object_component id="oc-16b">
         <name>.debug_info</name>
         <load_address>0xc870</load_address>
         <run_address>0xc870</run_address>
         <size>0x28c</size>
         <input_file_ref idref="fl-f"/>
      </object_component>
      <object_component id="oc-cb">
         <name>.debug_info</name>
         <load_address>0xcafc</load_address>
         <run_address>0xcafc</run_address>
         <size>0x286</size>
         <input_file_ref idref="fl-f"/>
      </object_component>
      <object_component id="oc-138">
         <name>.debug_info</name>
         <load_address>0xcd82</load_address>
         <run_address>0xcd82</run_address>
         <size>0x279</size>
         <input_file_ref idref="fl-f"/>
      </object_component>
      <object_component id="oc-13e">
         <name>.debug_info</name>
         <load_address>0xcffb</load_address>
         <run_address>0xcffb</run_address>
         <size>0x2c3</size>
         <input_file_ref idref="fl-f"/>
      </object_component>
      <object_component id="oc-c6">
         <name>.debug_info</name>
         <load_address>0xd2be</load_address>
         <run_address>0xd2be</run_address>
         <size>0x4a3</size>
         <input_file_ref idref="fl-f"/>
      </object_component>
      <object_component id="oc-249">
         <name>.debug_info</name>
         <load_address>0xd761</load_address>
         <run_address>0xd761</run_address>
         <size>0x51</size>
         <input_file_ref idref="fl-f"/>
      </object_component>
      <object_component id="oc-260">
         <name>.debug_info</name>
         <load_address>0xd7b2</load_address>
         <run_address>0xd7b2</run_address>
         <size>0x3cb</size>
         <input_file_ref idref="fl-10"/>
      </object_component>
      <object_component id="oc-177">
         <name>.debug_info</name>
         <load_address>0xdb7d</load_address>
         <run_address>0xdb7d</run_address>
         <size>0x250</size>
         <input_file_ref idref="fl-10"/>
      </object_component>
      <object_component id="oc-25a">
         <name>.debug_info</name>
         <load_address>0xddcd</load_address>
         <run_address>0xddcd</run_address>
         <size>0x252</size>
         <input_file_ref idref="fl-10"/>
      </object_component>
      <object_component id="oc-171">
         <name>.debug_info</name>
         <load_address>0xe01f</load_address>
         <run_address>0xe01f</run_address>
         <size>0x32f</size>
         <input_file_ref idref="fl-10"/>
      </object_component>
      <object_component id="oc-17d">
         <name>.debug_info</name>
         <load_address>0xe34e</load_address>
         <run_address>0xe34e</run_address>
         <size>0x27c</size>
         <input_file_ref idref="fl-10"/>
      </object_component>
      <object_component id="oc-183">
         <name>.debug_info</name>
         <load_address>0xe5ca</load_address>
         <run_address>0xe5ca</run_address>
         <size>0x256</size>
         <input_file_ref idref="fl-10"/>
      </object_component>
      <object_component id="oc-3c">
         <name>.debug_info</name>
         <load_address>0xe820</load_address>
         <run_address>0xe820</run_address>
         <size>0x119</size>
         <input_file_ref idref="fl-c7"/>
      </object_component>
      <object_component id="oc-193">
         <name>.debug_info</name>
         <load_address>0xe939</load_address>
         <run_address>0xe939</run_address>
         <size>0x142</size>
         <input_file_ref idref="fl-c8"/>
      </object_component>
      <object_component id="oc-8e">
         <name>.debug_info</name>
         <load_address>0xea7b</load_address>
         <run_address>0xea7b</run_address>
         <size>0x2d4</size>
         <input_file_ref idref="fl-c9"/>
      </object_component>
      <object_component id="oc-48">
         <name>.debug_info</name>
         <load_address>0xed4f</load_address>
         <run_address>0xed4f</run_address>
         <size>0x1d2</size>
         <input_file_ref idref="fl-c9"/>
      </object_component>
      <object_component id="oc-89">
         <name>.debug_info</name>
         <load_address>0xef21</load_address>
         <run_address>0xef21</run_address>
         <size>0x46</size>
         <input_file_ref idref="fl-c9"/>
      </object_component>
      <object_component id="oc-bb">
         <name>.debug_info</name>
         <load_address>0xef67</load_address>
         <run_address>0xef67</run_address>
         <size>0x2c</size>
         <input_file_ref idref="fl-c9"/>
      </object_component>
      <object_component id="oc-46">
         <name>.debug_info</name>
         <load_address>0xef93</load_address>
         <run_address>0xef93</run_address>
         <size>0x2a8</size>
         <input_file_ref idref="fl-ca"/>
      </object_component>
      <object_component id="oc-1d">
         <name>.debug_info</name>
         <load_address>0xf23b</load_address>
         <run_address>0xf23b</run_address>
         <size>0x1ea</size>
         <input_file_ref idref="fl-ca"/>
      </object_component>
      <object_component id="oc-41">
         <name>.debug_info</name>
         <load_address>0xf425</load_address>
         <run_address>0xf425</run_address>
         <size>0x46</size>
         <input_file_ref idref="fl-ca"/>
      </object_component>
      <object_component id="oc-81">
         <name>.debug_info</name>
         <load_address>0xf46b</load_address>
         <run_address>0xf46b</run_address>
         <size>0x2c</size>
         <input_file_ref idref="fl-ca"/>
      </object_component>
      <object_component id="oc-7f">
         <name>.debug_info</name>
         <load_address>0xf497</load_address>
         <run_address>0xf497</run_address>
         <size>0x29e</size>
         <input_file_ref idref="fl-cb"/>
      </object_component>
      <object_component id="oc-19">
         <name>.debug_info</name>
         <load_address>0xf735</load_address>
         <run_address>0xf735</run_address>
         <size>0x250</size>
         <input_file_ref idref="fl-cb"/>
      </object_component>
      <object_component id="oc-31">
         <name>.debug_info</name>
         <load_address>0xf985</load_address>
         <run_address>0xf985</run_address>
         <size>0x60</size>
         <input_file_ref idref="fl-cb"/>
      </object_component>
      <object_component id="oc-b4">
         <name>.debug_info</name>
         <load_address>0xf9e5</load_address>
         <run_address>0xf9e5</run_address>
         <size>0x46</size>
         <input_file_ref idref="fl-cb"/>
      </object_component>
      <object_component id="oc-7a">
         <name>.debug_info</name>
         <load_address>0xfa2b</load_address>
         <run_address>0xfa2b</run_address>
         <size>0x39</size>
         <input_file_ref idref="fl-cb"/>
      </object_component>
      <object_component id="oc-25">
         <name>.debug_info</name>
         <load_address>0xfa64</load_address>
         <run_address>0xfa64</run_address>
         <size>0x10b</size>
         <input_file_ref idref="fl-cc"/>
      </object_component>
      <object_component id="oc-5b">
         <name>.debug_info</name>
         <load_address>0xfb6f</load_address>
         <run_address>0xfb6f</run_address>
         <size>0x1a9</size>
         <input_file_ref idref="fl-cc"/>
      </object_component>
      <object_component id="oc-26b">
         <name>.debug_info</name>
         <load_address>0xfd18</load_address>
         <run_address>0xfd18</run_address>
         <size>0x115</size>
         <input_file_ref idref="fl-cd"/>
      </object_component>
      <object_component id="oc-21d">
         <name>.debug_info</name>
         <load_address>0xfe2d</load_address>
         <run_address>0xfe2d</run_address>
         <size>0x4b3</size>
         <input_file_ref idref="fl-cf"/>
      </object_component>
      <object_component id="oc-fe">
         <name>.debug_info</name>
         <load_address>0x102e0</load_address>
         <run_address>0x102e0</run_address>
         <size>0x1a6</size>
         <input_file_ref idref="fl-cf"/>
      </object_component>
      <object_component id="oc-2b2">
         <name>.debug_info</name>
         <load_address>0x10486</load_address>
         <run_address>0x10486</run_address>
         <size>0x39</size>
         <input_file_ref idref="fl-cf"/>
      </object_component>
      <object_component id="oc-2ce">
         <name>.debug_info</name>
         <load_address>0x104bf</load_address>
         <run_address>0x104bf</run_address>
         <size>0x39</size>
         <input_file_ref idref="fl-cf"/>
      </object_component>
      <object_component id="oc-2b7">
         <name>.debug_info</name>
         <load_address>0x104f8</load_address>
         <run_address>0x104f8</run_address>
         <size>0x39</size>
         <input_file_ref idref="fl-cf"/>
      </object_component>
      <object_component id="oc-2bc">
         <name>.debug_info</name>
         <load_address>0x10531</load_address>
         <run_address>0x10531</run_address>
         <size>0xcd</size>
         <input_file_ref idref="fl-cf"/>
      </object_component>
      <object_component id="oc-98">
         <name>.debug_info</name>
         <load_address>0x105fe</load_address>
         <run_address>0x105fe</run_address>
         <size>0x153</size>
         <input_file_ref idref="fl-d0"/>
      </object_component>
      <object_component id="oc-f5">
         <name>.debug_info</name>
         <load_address>0x10751</load_address>
         <run_address>0x10751</run_address>
         <size>0x122</size>
         <input_file_ref idref="fl-d2"/>
      </object_component>
      <object_component id="oc-309">
         <name>.debug_info</name>
         <load_address>0x10873</load_address>
         <run_address>0x10873</run_address>
         <size>0xa4</size>
      </object_component>
      <object_component id="oc-130">
         <name>.debug_line</name>
         <load_address>0x0</load_address>
         <run_address>0x0</run_address>
         <size>0x102</size>
         <input_file_ref idref="fl-2"/>
      </object_component>
      <object_component id="oc-9f">
         <name>.debug_line</name>
         <load_address>0x102</load_address>
         <run_address>0x102</run_address>
         <size>0x58</size>
         <input_file_ref idref="fl-2"/>
      </object_component>
      <object_component id="oc-73">
         <name>.debug_line</name>
         <load_address>0x15a</load_address>
         <run_address>0x15a</run_address>
         <size>0x6f</size>
         <input_file_ref idref="fl-2"/>
      </object_component>
      <object_component id="oc-210">
         <name>.debug_line</name>
         <load_address>0x1c9</load_address>
         <run_address>0x1c9</run_address>
         <size>0x6b</size>
         <input_file_ref idref="fl-2"/>
      </object_component>
      <object_component id="oc-134">
         <name>.debug_line</name>
         <load_address>0x234</load_address>
         <run_address>0x234</run_address>
         <size>0x56</size>
         <input_file_ref idref="fl-2"/>
      </object_component>
      <object_component id="oc-39">
         <name>.debug_line</name>
         <load_address>0x28a</load_address>
         <run_address>0x28a</run_address>
         <size>0x20</size>
         <input_file_ref idref="fl-2"/>
      </object_component>
      <object_component id="oc-b0">
         <name>.debug_line</name>
         <load_address>0x2aa</load_address>
         <run_address>0x2aa</run_address>
         <size>0x73</size>
         <input_file_ref idref="fl-2"/>
      </object_component>
      <object_component id="oc-78">
         <name>.debug_line</name>
         <load_address>0x31d</load_address>
         <run_address>0x31d</run_address>
         <size>0x70</size>
         <input_file_ref idref="fl-2"/>
      </object_component>
      <object_component id="oc-19e">
         <name>.debug_line</name>
         <load_address>0x38d</load_address>
         <run_address>0x38d</run_address>
         <size>0x6b</size>
         <input_file_ref idref="fl-2"/>
      </object_component>
      <object_component id="oc-27f">
         <name>.debug_line</name>
         <load_address>0x3f8</load_address>
         <run_address>0x3f8</run_address>
         <size>0xd6</size>
         <input_file_ref idref="fl-3"/>
      </object_component>
      <object_component id="oc-281">
         <name>.debug_line</name>
         <load_address>0x4ce</load_address>
         <run_address>0x4ce</run_address>
         <size>0x33</size>
         <input_file_ref idref="fl-3"/>
      </object_component>
      <object_component id="oc-e6">
         <name>.debug_line</name>
         <load_address>0x501</load_address>
         <run_address>0x501</run_address>
         <size>0xc3f</size>
         <input_file_ref idref="fl-3"/>
      </object_component>
      <object_component id="oc-168">
         <name>.debug_line</name>
         <load_address>0x1140</load_address>
         <run_address>0x1140</run_address>
         <size>0x20</size>
         <input_file_ref idref="fl-3"/>
      </object_component>
      <object_component id="oc-2a1">
         <name>.debug_line</name>
         <load_address>0x1160</load_address>
         <run_address>0x1160</run_address>
         <size>0x33</size>
         <input_file_ref idref="fl-4"/>
      </object_component>
      <object_component id="oc-283">
         <name>.debug_line</name>
         <load_address>0x1193</load_address>
         <run_address>0x1193</run_address>
         <size>0x5b</size>
         <input_file_ref idref="fl-4"/>
      </object_component>
      <object_component id="oc-285">
         <name>.debug_line</name>
         <load_address>0x11ee</load_address>
         <run_address>0x11ee</run_address>
         <size>0x5b</size>
         <input_file_ref idref="fl-4"/>
      </object_component>
      <object_component id="oc-287">
         <name>.debug_line</name>
         <load_address>0x1249</load_address>
         <run_address>0x1249</run_address>
         <size>0x5b</size>
         <input_file_ref idref="fl-4"/>
      </object_component>
      <object_component id="oc-289">
         <name>.debug_line</name>
         <load_address>0x12a4</load_address>
         <run_address>0x12a4</run_address>
         <size>0x5b</size>
         <input_file_ref idref="fl-4"/>
      </object_component>
      <object_component id="oc-28b">
         <name>.debug_line</name>
         <load_address>0x12ff</load_address>
         <run_address>0x12ff</run_address>
         <size>0x5b</size>
         <input_file_ref idref="fl-4"/>
      </object_component>
      <object_component id="oc-28d">
         <name>.debug_line</name>
         <load_address>0x135a</load_address>
         <run_address>0x135a</run_address>
         <size>0x5b</size>
         <input_file_ref idref="fl-4"/>
      </object_component>
      <object_component id="oc-28f">
         <name>.debug_line</name>
         <load_address>0x13b5</load_address>
         <run_address>0x13b5</run_address>
         <size>0x5b</size>
         <input_file_ref idref="fl-4"/>
      </object_component>
      <object_component id="oc-291">
         <name>.debug_line</name>
         <load_address>0x1410</load_address>
         <run_address>0x1410</run_address>
         <size>0x5b</size>
         <input_file_ref idref="fl-4"/>
      </object_component>
      <object_component id="oc-293">
         <name>.debug_line</name>
         <load_address>0x146b</load_address>
         <run_address>0x146b</run_address>
         <size>0x5b</size>
         <input_file_ref idref="fl-4"/>
      </object_component>
      <object_component id="oc-295">
         <name>.debug_line</name>
         <load_address>0x14c6</load_address>
         <run_address>0x14c6</run_address>
         <size>0x5b</size>
         <input_file_ref idref="fl-4"/>
      </object_component>
      <object_component id="oc-297">
         <name>.debug_line</name>
         <load_address>0x1521</load_address>
         <run_address>0x1521</run_address>
         <size>0x31</size>
         <input_file_ref idref="fl-4"/>
      </object_component>
      <object_component id="oc-299">
         <name>.debug_line</name>
         <load_address>0x1552</load_address>
         <run_address>0x1552</run_address>
         <size>0x31</size>
         <input_file_ref idref="fl-4"/>
      </object_component>
      <object_component id="oc-29b">
         <name>.debug_line</name>
         <load_address>0x1583</load_address>
         <run_address>0x1583</run_address>
         <size>0x31</size>
         <input_file_ref idref="fl-4"/>
      </object_component>
      <object_component id="oc-29d">
         <name>.debug_line</name>
         <load_address>0x15b4</load_address>
         <run_address>0x15b4</run_address>
         <size>0x31</size>
         <input_file_ref idref="fl-4"/>
      </object_component>
      <object_component id="oc-29f">
         <name>.debug_line</name>
         <load_address>0x15e5</load_address>
         <run_address>0x15e5</run_address>
         <size>0x31</size>
         <input_file_ref idref="fl-4"/>
      </object_component>
      <object_component id="oc-eb">
         <name>.debug_line</name>
         <load_address>0x1616</load_address>
         <run_address>0x1616</run_address>
         <size>0xd3</size>
         <input_file_ref idref="fl-4"/>
      </object_component>
      <object_component id="oc-6f">
         <name>.debug_line</name>
         <load_address>0x16e9</load_address>
         <run_address>0x16e9</run_address>
         <size>0x42</size>
         <input_file_ref idref="fl-5"/>
      </object_component>
      <object_component id="oc-2e">
         <name>.debug_line</name>
         <load_address>0x172b</load_address>
         <run_address>0x172b</run_address>
         <size>0x42</size>
         <input_file_ref idref="fl-5"/>
      </object_component>
      <object_component id="oc-28">
         <name>.debug_line</name>
         <load_address>0x176d</load_address>
         <run_address>0x176d</run_address>
         <size>0xa2</size>
         <input_file_ref idref="fl-5"/>
      </object_component>
      <object_component id="oc-274">
         <name>.debug_line</name>
         <load_address>0x180f</load_address>
         <run_address>0x180f</run_address>
         <size>0x8e</size>
         <input_file_ref idref="fl-6"/>
      </object_component>
      <object_component id="oc-267">
         <name>.debug_line</name>
         <load_address>0x189d</load_address>
         <run_address>0x189d</run_address>
         <size>0x32</size>
         <input_file_ref idref="fl-6"/>
      </object_component>
      <object_component id="oc-272">
         <name>.debug_line</name>
         <load_address>0x18cf</load_address>
         <run_address>0x18cf</run_address>
         <size>0x32</size>
         <input_file_ref idref="fl-6"/>
      </object_component>
      <object_component id="oc-269">
         <name>.debug_line</name>
         <load_address>0x1901</load_address>
         <run_address>0x1901</run_address>
         <size>0x32</size>
         <input_file_ref idref="fl-6"/>
      </object_component>
      <object_component id="oc-265">
         <name>.debug_line</name>
         <load_address>0x1933</load_address>
         <run_address>0x1933</run_address>
         <size>0x32</size>
         <input_file_ref idref="fl-6"/>
      </object_component>
      <object_component id="oc-e0">
         <name>.debug_line</name>
         <load_address>0x1965</load_address>
         <run_address>0x1965</run_address>
         <size>0x277</size>
         <input_file_ref idref="fl-6"/>
      </object_component>
      <object_component id="oc-255">
         <name>.debug_line</name>
         <load_address>0x1bdc</load_address>
         <run_address>0x1bdc</run_address>
         <size>0x82</size>
         <input_file_ref idref="fl-c"/>
      </object_component>
      <object_component id="oc-253">
         <name>.debug_line</name>
         <load_address>0x1c5e</load_address>
         <run_address>0x1c5e</run_address>
         <size>0x7d</size>
         <input_file_ref idref="fl-c"/>
      </object_component>
      <object_component id="oc-1cc">
         <name>.debug_line</name>
         <load_address>0x1cdb</load_address>
         <run_address>0x1cdb</run_address>
         <size>0x92</size>
         <input_file_ref idref="fl-c"/>
      </object_component>
      <object_component id="oc-15a">
         <name>.debug_line</name>
         <load_address>0x1d6d</load_address>
         <run_address>0x1d6d</run_address>
         <size>0x95</size>
         <input_file_ref idref="fl-c"/>
      </object_component>
      <object_component id="oc-160">
         <name>.debug_line</name>
         <load_address>0x1e02</load_address>
         <run_address>0x1e02</run_address>
         <size>0xc4</size>
         <input_file_ref idref="fl-c"/>
      </object_component>
      <object_component id="oc-d8">
         <name>.debug_line</name>
         <load_address>0x1ec6</load_address>
         <run_address>0x1ec6</run_address>
         <size>0x99</size>
         <input_file_ref idref="fl-c"/>
      </object_component>
      <object_component id="oc-1a8">
         <name>.debug_line</name>
         <load_address>0x1f5f</load_address>
         <run_address>0x1f5f</run_address>
         <size>0x99</size>
         <input_file_ref idref="fl-c"/>
      </object_component>
      <object_component id="oc-1a2">
         <name>.debug_line</name>
         <load_address>0x1ff8</load_address>
         <run_address>0x1ff8</run_address>
         <size>0x99</size>
         <input_file_ref idref="fl-c"/>
      </object_component>
      <object_component id="oc-d2">
         <name>.debug_line</name>
         <load_address>0x2091</load_address>
         <run_address>0x2091</run_address>
         <size>0xa7</size>
         <input_file_ref idref="fl-c"/>
      </object_component>
      <object_component id="oc-250">
         <name>.debug_line</name>
         <load_address>0x2138</load_address>
         <run_address>0x2138</run_address>
         <size>0x71</size>
         <input_file_ref idref="fl-c"/>
      </object_component>
      <object_component id="oc-245">
         <name>.debug_line</name>
         <load_address>0x21a9</load_address>
         <run_address>0x21a9</run_address>
         <size>0x75</size>
         <input_file_ref idref="fl-c"/>
      </object_component>
      <object_component id="oc-23a">
         <name>.debug_line</name>
         <load_address>0x221e</load_address>
         <run_address>0x221e</run_address>
         <size>0x71</size>
         <input_file_ref idref="fl-c"/>
      </object_component>
      <object_component id="oc-14f">
         <name>.debug_line</name>
         <load_address>0x228f</load_address>
         <run_address>0x228f</run_address>
         <size>0x72</size>
         <input_file_ref idref="fl-c"/>
      </object_component>
      <object_component id="oc-2ca">
         <name>.debug_line</name>
         <load_address>0x2301</load_address>
         <run_address>0x2301</run_address>
         <size>0x82</size>
         <input_file_ref idref="fl-e"/>
      </object_component>
      <object_component id="oc-1b4">
         <name>.debug_line</name>
         <load_address>0x2383</load_address>
         <run_address>0x2383</run_address>
         <size>0x91</size>
         <input_file_ref idref="fl-e"/>
      </object_component>
      <object_component id="oc-1bc">
         <name>.debug_line</name>
         <load_address>0x2414</load_address>
         <run_address>0x2414</run_address>
         <size>0x94</size>
         <input_file_ref idref="fl-e"/>
      </object_component>
      <object_component id="oc-1c6">
         <name>.debug_line</name>
         <load_address>0x24a8</load_address>
         <run_address>0x24a8</run_address>
         <size>0x94</size>
         <input_file_ref idref="fl-e"/>
      </object_component>
      <object_component id="oc-1ae">
         <name>.debug_line</name>
         <load_address>0x253c</load_address>
         <run_address>0x253c</run_address>
         <size>0xa3</size>
         <input_file_ref idref="fl-e"/>
      </object_component>
      <object_component id="oc-1c3">
         <name>.debug_line</name>
         <load_address>0x25df</load_address>
         <run_address>0x25df</run_address>
         <size>0x91</size>
         <input_file_ref idref="fl-e"/>
      </object_component>
      <object_component id="oc-248">
         <name>.debug_line</name>
         <load_address>0x2670</load_address>
         <run_address>0x2670</run_address>
         <size>0x13d</size>
         <input_file_ref idref="fl-f"/>
      </object_component>
      <object_component id="oc-23d">
         <name>.debug_line</name>
         <load_address>0x27ad</load_address>
         <run_address>0x27ad</run_address>
         <size>0x7f</size>
         <input_file_ref idref="fl-f"/>
      </object_component>
      <object_component id="oc-23f">
         <name>.debug_line</name>
         <load_address>0x282c</load_address>
         <run_address>0x282c</run_address>
         <size>0x7f</size>
         <input_file_ref idref="fl-f"/>
      </object_component>
      <object_component id="oc-2c4">
         <name>.debug_line</name>
         <load_address>0x28ab</load_address>
         <run_address>0x28ab</run_address>
         <size>0x7f</size>
         <input_file_ref idref="fl-f"/>
      </object_component>
      <object_component id="oc-241">
         <name>.debug_line</name>
         <load_address>0x292a</load_address>
         <run_address>0x292a</run_address>
         <size>0x7f</size>
         <input_file_ref idref="fl-f"/>
      </object_component>
      <object_component id="oc-16e">
         <name>.debug_line</name>
         <load_address>0x29a9</load_address>
         <run_address>0x29a9</run_address>
         <size>0x94</size>
         <input_file_ref idref="fl-f"/>
      </object_component>
      <object_component id="oc-ce">
         <name>.debug_line</name>
         <load_address>0x2a3d</load_address>
         <run_address>0x2a3d</run_address>
         <size>0x94</size>
         <input_file_ref idref="fl-f"/>
      </object_component>
      <object_component id="oc-13b">
         <name>.debug_line</name>
         <load_address>0x2ad1</load_address>
         <run_address>0x2ad1</run_address>
         <size>0x9e</size>
         <input_file_ref idref="fl-f"/>
      </object_component>
      <object_component id="oc-141">
         <name>.debug_line</name>
         <load_address>0x2b6f</load_address>
         <run_address>0x2b6f</run_address>
         <size>0xae</size>
         <input_file_ref idref="fl-f"/>
      </object_component>
      <object_component id="oc-c9">
         <name>.debug_line</name>
         <load_address>0x2c1d</load_address>
         <run_address>0x2c1d</run_address>
         <size>0x192</size>
         <input_file_ref idref="fl-f"/>
      </object_component>
      <object_component id="oc-24b">
         <name>.debug_line</name>
         <load_address>0x2daf</load_address>
         <run_address>0x2daf</run_address>
         <size>0x7f</size>
         <input_file_ref idref="fl-f"/>
      </object_component>
      <object_component id="oc-2c7">
         <name>.debug_line</name>
         <load_address>0x2e2e</load_address>
         <run_address>0x2e2e</run_address>
         <size>0x82</size>
         <input_file_ref idref="fl-10"/>
      </object_component>
      <object_component id="oc-17a">
         <name>.debug_line</name>
         <load_address>0x2eb0</load_address>
         <run_address>0x2eb0</run_address>
         <size>0x93</size>
         <input_file_ref idref="fl-10"/>
      </object_component>
      <object_component id="oc-25d">
         <name>.debug_line</name>
         <load_address>0x2f43</load_address>
         <run_address>0x2f43</run_address>
         <size>0x96</size>
         <input_file_ref idref="fl-10"/>
      </object_component>
      <object_component id="oc-174">
         <name>.debug_line</name>
         <load_address>0x2fd9</load_address>
         <run_address>0x2fd9</run_address>
         <size>0xb3</size>
         <input_file_ref idref="fl-10"/>
      </object_component>
      <object_component id="oc-180">
         <name>.debug_line</name>
         <load_address>0x308c</load_address>
         <run_address>0x308c</run_address>
         <size>0x93</size>
         <input_file_ref idref="fl-10"/>
      </object_component>
      <object_component id="oc-186">
         <name>.debug_line</name>
         <load_address>0x311f</load_address>
         <run_address>0x311f</run_address>
         <size>0x93</size>
         <input_file_ref idref="fl-10"/>
      </object_component>
      <object_component id="oc-3f">
         <name>.debug_line</name>
         <load_address>0x31b2</load_address>
         <run_address>0x31b2</run_address>
         <size>0x88</size>
         <input_file_ref idref="fl-c7"/>
      </object_component>
      <object_component id="oc-195">
         <name>.debug_line</name>
         <load_address>0x323a</load_address>
         <run_address>0x323a</run_address>
         <size>0x5b</size>
         <input_file_ref idref="fl-c8"/>
      </object_component>
      <object_component id="oc-c1">
         <name>.debug_line</name>
         <load_address>0x3295</load_address>
         <run_address>0x3295</run_address>
         <size>0x92</size>
         <input_file_ref idref="fl-c9"/>
      </object_component>
      <object_component id="oc-4c">
         <name>.debug_line</name>
         <load_address>0x3327</load_address>
         <run_address>0x3327</run_address>
         <size>0x4c</size>
         <input_file_ref idref="fl-c9"/>
      </object_component>
      <object_component id="oc-8c">
         <name>.debug_line</name>
         <load_address>0x3373</load_address>
         <run_address>0x3373</run_address>
         <size>0x34</size>
         <input_file_ref idref="fl-c9"/>
      </object_component>
      <object_component id="oc-be">
         <name>.debug_line</name>
         <load_address>0x33a7</load_address>
         <run_address>0x33a7</run_address>
         <size>0x92</size>
         <input_file_ref idref="fl-c9"/>
      </object_component>
      <object_component id="oc-87">
         <name>.debug_line</name>
         <load_address>0x3439</load_address>
         <run_address>0x3439</run_address>
         <size>0x20</size>
         <input_file_ref idref="fl-ca"/>
      </object_component>
      <object_component id="oc-20">
         <name>.debug_line</name>
         <load_address>0x3459</load_address>
         <run_address>0x3459</run_address>
         <size>0x55</size>
         <input_file_ref idref="fl-ca"/>
      </object_component>
      <object_component id="oc-44">
         <name>.debug_line</name>
         <load_address>0x34ae</load_address>
         <run_address>0x34ae</run_address>
         <size>0x3a</size>
         <input_file_ref idref="fl-ca"/>
      </object_component>
      <object_component id="oc-84">
         <name>.debug_line</name>
         <load_address>0x34e8</load_address>
         <run_address>0x34e8</run_address>
         <size>0x92</size>
         <input_file_ref idref="fl-ca"/>
      </object_component>
      <object_component id="oc-ba">
         <name>.debug_line</name>
         <load_address>0x357a</load_address>
         <run_address>0x357a</run_address>
         <size>0x20</size>
         <input_file_ref idref="fl-cb"/>
      </object_component>
      <object_component id="oc-16">
         <name>.debug_line</name>
         <load_address>0x359a</load_address>
         <run_address>0x359a</run_address>
         <size>0xa9</size>
         <input_file_ref idref="fl-cb"/>
      </object_component>
      <object_component id="oc-34">
         <name>.debug_line</name>
         <load_address>0x3643</load_address>
         <run_address>0x3643</run_address>
         <size>0x3a</size>
         <input_file_ref idref="fl-cb"/>
      </object_component>
      <object_component id="oc-b7">
         <name>.debug_line</name>
         <load_address>0x367d</load_address>
         <run_address>0x367d</run_address>
         <size>0x9a</size>
         <input_file_ref idref="fl-cb"/>
      </object_component>
      <object_component id="oc-7d">
         <name>.debug_line</name>
         <load_address>0x3717</load_address>
         <run_address>0x3717</run_address>
         <size>0x96</size>
         <input_file_ref idref="fl-cb"/>
      </object_component>
      <object_component id="oc-6c">
         <name>.debug_line</name>
         <load_address>0x37ad</load_address>
         <run_address>0x37ad</run_address>
         <size>0x33</size>
         <input_file_ref idref="fl-cc"/>
      </object_component>
      <object_component id="oc-5a">
         <name>.debug_line</name>
         <load_address>0x37e0</load_address>
         <run_address>0x37e0</run_address>
         <size>0x45</size>
         <input_file_ref idref="fl-cc"/>
      </object_component>
      <object_component id="oc-26e">
         <name>.debug_line</name>
         <load_address>0x3825</load_address>
         <run_address>0x3825</run_address>
         <size>0x37</size>
         <input_file_ref idref="fl-cd"/>
      </object_component>
      <object_component id="oc-2b1">
         <name>.debug_line</name>
         <load_address>0x385c</load_address>
         <run_address>0x385c</run_address>
         <size>0xbf</size>
         <input_file_ref idref="fl-cf"/>
      </object_component>
      <object_component id="oc-102">
         <name>.debug_line</name>
         <load_address>0x391b</load_address>
         <run_address>0x391b</run_address>
         <size>0x6f</size>
         <input_file_ref idref="fl-cf"/>
      </object_component>
      <object_component id="oc-2b5">
         <name>.debug_line</name>
         <load_address>0x398a</load_address>
         <run_address>0x398a</run_address>
         <size>0x2e</size>
         <input_file_ref idref="fl-cf"/>
      </object_component>
      <object_component id="oc-2d1">
         <name>.debug_line</name>
         <load_address>0x39b8</load_address>
         <run_address>0x39b8</run_address>
         <size>0x9a</size>
         <input_file_ref idref="fl-cf"/>
      </object_component>
      <object_component id="oc-2ba">
         <name>.debug_line</name>
         <load_address>0x3a52</load_address>
         <run_address>0x3a52</run_address>
         <size>0x97</size>
         <input_file_ref idref="fl-cf"/>
      </object_component>
      <object_component id="oc-2bf">
         <name>.debug_line</name>
         <load_address>0x3ae9</load_address>
         <run_address>0x3ae9</run_address>
         <size>0x93</size>
         <input_file_ref idref="fl-cf"/>
      </object_component>
      <object_component id="oc-9a">
         <name>.debug_line</name>
         <load_address>0x3b7c</load_address>
         <run_address>0x3b7c</run_address>
         <size>0x40</size>
         <input_file_ref idref="fl-d0"/>
      </object_component>
[...]
      <symbol id="sm-142">
         <name>PWMOnOff</name>
         <value>0x1e3a3</value>
         <object_component_ref idref="oc-e2"/>
      </symbol>
      <symbol id="sm-143">
         <name>Esc_Reg</name>
         <value>0x1e78f</value>
         <object_component_ref idref="oc-e2"/>
      </symbol>
      <symbol id="sm-144">
         <name>FT800_SPI_SendAddressRD</name>
         <value>0x1de1f</value>
         <object_component_ref idref="oc-e2"/>
      </symbol>
      <symbol id="sm-145">
         <name>Lee_Reg</name>
         <value>0x1e753</value>
         <object_component_ref idref="oc-e2"/>
      </symbol>
      <symbol id="sm-146">
         <name>POSYANT</name>
         <value>0x20002034</value>
         <object_component_ref idref="oc-1d7"/>
      </symbol>
      <symbol id="sm-147">
         <name>ComRect</name>
         <value>0x1ea95</value>
         <object_component_ref idref="oc-e2"/>
      </symbol>
      <symbol id="sm-148">
         <name>FT800_SPI_SendAddressWR</name>
         <value>0x1ddc9</value>
         <object_component_ref idref="oc-e2"/>
      </symbol>
      <symbol id="sm-149">
         <name>ComEsperaFin</name>
         <value>0x1e2ff</value>
         <object_component_ref idref="oc-e2"/>
      </symbol>
      <symbol id="sm-14a">
         <name>FT800_SPI_Read32</name>
         <value>0x1df79</value>
         <object_component_ref idref="oc-e2"/>
      </symbol>
      <symbol id="sm-14b">
         <name>ComLine</name>
         <value>0x1ea59</value>
         <object_component_ref idref="oc-e2"/>
      </symbol>
      <symbol id="sm-14c">
         <name>FT800_SPI_Read8</name>
         <value>0x1e01d</value>
         <object_component_ref idref="oc-e2"/>
      </symbol>
      <symbol id="sm-14d">
         <name>CMD_Offset</name>
         <value>0x20002038</value>
         <object_component_ref idref="oc-1d7"/>
      </symbol>
      <symbol id="sm-14e">
         <name>ComDial</name>
         <value>0x1e889</value>
         <object_component_ref idref="oc-e2"/>
      </symbol>
      <symbol id="sm-14f">
         <name>ComProgressbar</name>
         <value>0x1e83f</value>
         <object_component_ref idref="oc-e2"/>
      </symbol>
      <symbol id="sm-150">
         <name>Inicia_pantalla</name>
         <value>0x1e101</value>
         <object_component_ref idref="oc-e2"/>
      </symbol>
      <symbol id="sm-151">
         <name>t</name>
         <value>0x20002030</value>
         <object_component_ref idref="oc-1d7"/>
      </symbol>
      <symbol id="sm-152">
         <name>ComFgcolor</name>
         <value>0x1e8d3</value>
         <object_component_ref idref="oc-e2"/>
      </symbol>
      <symbol id="sm-153">
         <name>HAL_SPI_ReadWrite</name>
         <value>0x1dd37</value>
         <object_component_ref idref="oc-e2"/>
      </symbol>
      <symbol id="sm-154">
         <name>HAL_Init_SPI</name>
         <value>0x1dc21</value>
         <object_component_ref idref="oc-e2"/>
      </symbol>
      <symbol id="sm-155">
         <name>FT800_IncCMDOffset</name>
         <value>0x1e0cf</value>
         <object_component_ref idref="oc-e2"/>
      </symbol>
      <symbol id="sm-156">
         <name>PantOnOff</name>
         <value>0x1e343</value>
         <object_component_ref idref="oc-e2"/>
      </symbol>
      <symbol id="sm-157">
         <name>ComGradient</name>
         <value>0x1ec57</value>
         <object_component_ref idref="oc-e2"/>
      </symbol>
      <symbol id="sm-158">
         <name>FT800_SPI_HostCommand</name>
         <value>0x1e049</value>
         <object_component_ref idref="oc-e2"/>
      </symbol>
      <symbol id="sm-159">
         <name>HAL_SPI_CSLow</name>
         <value>0x1dd73</value>
         <object_component_ref idref="oc-e2"/>
      </symbol>
      <symbol id="sm-15a">
         <name>ComPointSize</name>
         <value>0x1eba1</value>
         <object_component_ref idref="oc-e2"/>
      </symbol>
      <symbol id="sm-15b">
         <name>Delay</name>
         <value>0x1ddbf</value>
         <object_component_ref idref="oc-e2"/>
      </symbol>
      <symbol id="sm-15c">
         <name>Espera_pant</name>
         <value>0x1eb6b</value>
         <object_component_ref idref="oc-e2"/>
      </symbol>
      <symbol id="sm-15d">
         <name>ComSlider</name>
         <value>0x1e7f5</value>
         <object_component_ref idref="oc-e2"/>
      </symbol>
      <symbol id="sm-15e">
         <name>ComBgcolor</name>
         <value>0x1e911</value>
         <object_component_ref idref="oc-e2"/>
      </symbol>
      <symbol id="sm-15f">
         <name>Fadeout</name>
         <value>0x1ed15</value>
         <object_component_ref idref="oc-e2"/>
      </symbol>
      <symbol id="sm-160">
         <name>ComVertex2ff</name>
         <value>0x1e495</value>
         <object_component_ref idref="oc-e2"/>
      </symbol>
      <symbol id="sm-161">
         <name>HAL_SPI_CSHigh</name>
         <value>0x1dd85</value>
         <object_component_ref idref="oc-e2"/>
      </symbol>
      <symbol id="sm-162">
         <name>Com_Punto</name>
         <value>0x1ebb3</value>
         <object_component_ref idref="oc-e2"/>
      </symbol>
      <symbol id="sm-163">
         <name>HAL_SPI_PDhigh</name>
         <value>0x1ddab</value>
         <object_component_ref idref="oc-e2"/>
      </symbol>
      <symbol id="sm-164">
         <name>ComCirculo</name>
         <value>0x1eb2f</value>
         <object_component_ref idref="oc-e2"/>
      </symbol>
      <symbol id="sm-165">
         <name>Calibra_touch</name>
         <value>0x1ebeb</value>
         <object_component_ref idref="oc-e2"/>
      </symbol>
      <symbol id="sm-166">
         <name>ComButton</name>
         <value>0x1e959</value>
         <object_component_ref idref="oc-e2"/>
      </symbol>
      <symbol id="sm-167">
         <name>EscribeRam16</name>
         <value>0x1e409</value>
         <object_component_ref idref="oc-e2"/>
      </symbol>
      <symbol id="sm-168">
         <name>TocaNota</name>
         <value>0x1ecb3</value>
         <object_component_ref idref="oc-e2"/>
      </symbol>
      <symbol id="sm-169">
         <name>PadFIFO</name>
         <value>0x1e68b</value>
         <object_component_ref idref="oc-e2"/>
      </symbol>
      <symbol id="sm-16a">
         <name>FinNota</name>
         <value>0x1ece9</value>
         <object_component_ref idref="oc-e2"/>
      </symbol>
      <symbol id="sm-16b">
         <name>EscribeRam32</name>
         <value>0x1e3db</value>
         <object_component_ref idref="oc-e2"/>
      </symbol>
      <symbol id="sm-16c">
         <name>chipid</name>
         <value>0x20002024</value>
         <object_component_ref idref="oc-1d7"/>
      </symbol>
      <symbol id="sm-16d">
         <name>ComColor</name>
         <value>0x1e4f5</value>
         <object_component_ref idref="oc-e2"/>
      </symbol>
      <symbol id="sm-16e">
         <name>EscribeRamTxt</name>
         <value>0x1e469</value>
         <object_component_ref idref="oc-e2"/>
      </symbol>
      <symbol id="sm-16f">
         <name>ComScrollbar</name>
         <value>0x1e7ab</value>
         <object_component_ref idref="oc-e2"/>
      </symbol>
      <symbol id="sm-170">
         <name>Dibuja</name>
         <value>0x1e6bd</value>
         <object_component_ref idref="oc-e2"/>
      </symbol>
      <symbol id="sm-171">
         <name>ComLineWidth</name>
         <value>0x1eb8f</value>
         <object_component_ref idref="oc-e2"/>
      </symbol>
      <symbol id="sm-172">
         <name>HAL_SPI_PDlow</name>
         <value>0x1dd99</value>
         <object_component_ref idref="oc-e2"/>
      </symbol>
      <symbol id="sm-173">
         <name>VolNota</name>
         <value>0x1ec95</value>
         <object_component_ref idref="oc-e2"/>
      </symbol>
      <symbol id="sm-174">
         <name>Lee_Reg8</name>
         <value>0x1e76f</value>
         <object_component_ref idref="oc-e2"/>
      </symbol>
      <symbol id="sm-175">
         <name>cmdBufferRd</name>
         <value>0x20002028</value>
         <object_component_ref idref="oc-1d7"/>
      </symbol>
      <symbol id="sm-176">
         <name>ComTeclas</name>
         <value>0x1e60d</value>
         <object_component_ref idref="oc-e2"/>
      </symbol>
      <symbol id="sm-177">
         <name>FT800_SPI_Write16</name>
         <value>0x1ded9</value>
         <object_component_ref idref="oc-e2"/>
      </symbol>
      <symbol id="sm-178">
         <name>FT800_SPI_Write32</name>
         <value>0x1de83</value>
         <object_component_ref idref="oc-e2"/>
      </symbol>
      <symbol id="sm-179">
         <name>ComTXT</name>
         <value>0x1e54d</value>
         <object_component_ref idref="oc-e2"/>
      </symbol>
      <symbol id="sm-17a">
         <name>cmdBufferWr</name>
         <value>0x2000202c</value>
         <object_component_ref idref="oc-1d7"/>
      </symbol>
      <symbol id="sm-17b">
         <name>FT800_SPI_Write8</name>
         <value>0x1df0b</value>
         <object_component_ref idref="oc-e2"/>
      </symbol>
      <symbol id="sm-17c">
         <name>Lee_pantalla</name>
         <value>0x1e71f</value>
         <object_component_ref idref="oc-e2"/>
      </symbol>
      <symbol id="sm-17d">
         <name>EscribeRam8</name>
         <value>0x1e437</value>
         <object_component_ref idref="oc-e2"/>
      </symbol>
      <symbol id="sm-17e">
         <name>Boton</name>
         <value>0x1e9c5</value>
         <object_component_ref idref="oc-e2"/>
      </symbol>
      <symbol id="sm-204">
         <name>quitar_rgb565_data</name>
         <value>0x1ab48</value>
         <object_component_ref idref="oc-1f9"/>
      </symbol>
      <symbol id="sm-205">
         <name>subir_rgb565_data</name>
         <value>0x1c210</value>
         <object_component_ref idref="oc-1f3"/>
      </symbol>
      <symbol id="sm-206">
         <name>FT800_ShowBitmapSimple</name>
         <value>0x1f2e7</value>
         <object_component_ref idref="oc-e9"/>
      </symbol>
      <symbol id="sm-207">
         <name>tve_rgb565_data</name>
         <value>0x13e70</value>
         <object_component_ref idref="oc-1de"/>
      </symbol>
      <symbol id="sm-208">
         <name>telecinco_rgb565_data</name>
         <value>0xff28</value>
         <object_component_ref idref="oc-1ea"/>
      </symbol>
      <symbol id="sm-209">
         <name>bajar_rgb565_data</name>
         <value>0x17db8</value>
         <object_component_ref idref="oc-1f6"/>
      </symbol>
      <symbol id="sm-20a">
         <name>lasexta_rgb565_data</name>
         <value>0xbfe0</value>
         <object_component_ref idref="oc-1ed"/>
      </symbol>
      <symbol id="sm-20b">
         <name>cuatro_rgb565_data</name>
         <value>0x4150</value>
         <object_component_ref idref="oc-1e7"/>
      </symbol>
      <symbol id="sm-20c">
         <name>antena3_rgb565_data</name>
         <value>0x208</value>
         <object_component_ref idref="oc-1e4"/>
      </symbol>
      <symbol id="sm-20d">
         <name>InterfazMando</name>
         <value>0x1f3e9</value>
         <object_component_ref idref="oc-e9"/>
      </symbol>
      <symbol id="sm-20e">
         <name>FT800_LoadAndInflateImage</name>
         <value>0x1f2a1</value>
         <object_component_ref idref="oc-e9"/>
      </symbol>
      <symbol id="sm-20f">
         <name>la2_rgb565_data</name>
         <value>0x8098</value>
         <object_component_ref idref="oc-1e1"/>
      </symbol>
      <symbol id="sm-210">
         <name>encender_rgb565_data</name>
         <value>0x19480</value>
         <object_component_ref idref="oc-1f0"/>
      </symbol>
      <symbol id="sm-22c">
         <name>ResetISR</name>
         <value>0x1fd99</value>
         <object_component_ref idref="oc-27"/>
      </symbol>
      <symbol id="sm-22d">
         <name>g_pfnVectors</name>
         <value>0x0</value>
         <object_component_ref idref="oc-12"/>
      </symbol>
      <symbol id="sm-29d">
         <name>UARTgetc</name>
         <value>0x1ef49</value>
         <object_component_ref idref="oc-dc"/>
      </symbol>
      <symbol id="sm-29e">
         <name>UARTgets</name>
         <value>0x1ee8f</value>
         <object_component_ref idref="oc-dc"/>
      </symbol>
      <symbol id="sm-29f">
         <name>UARTStdioConfig</name>
         <value>0x1edf9</value>
         <object_component_ref idref="oc-dc"/>
      </symbol>
      <symbol id="sm-2a0">
         <name>UARTwrite</name>
         <value>0x1ee3f</value>
         <object_component_ref idref="oc-dc"/>
      </symbol>
      <symbol id="sm-2a1">
         <name>UARTprintf</name>
         <value>0x1f26b</value>
         <object_component_ref idref="oc-dc"/>
      </symbol>
      <symbol id="sm-2a2">
         <name>UARTvprintf</name>
         <value>0x1ef71</value>
         <object_component_ref idref="oc-dc"/>
      </symbol>
      <symbol id="sm-308">
         <name>GPIOPinConfigure</name>
         <value>0x1fa61</value>
         <object_component_ref idref="oc-d0"/>
      </symbol>
      <symbol id="sm-309">
         <name>GPIOPinTypeUART</name>
         <value>0x1fd55</value>
         <object_component_ref idref="oc-d6"/>
      </symbol>
      <symbol id="sm-30a">
         <name>GPIOPinTypeGPIOOutput</name>
         <value>0x1fd25</value>
         <object_component_ref idref="oc-1a0"/>
      </symbol>
      <symbol id="sm-30b">
         <name>GPIODirModeSet</name>
         <value>0x1fc9d</value>
         <object_component_ref idref="oc-158"/>
      </symbol>
      <symbol id="sm-30c">
         <name>GPIOPinWrite</name>
         <value>0x1fdd5</value>
         <object_component_ref idref="oc-1ca"/>
      </symbol>
      <symbol id="sm-30d">
         <name>GPIOPadConfigSet</name>
         <value>0x1f779</value>
         <object_component_ref idref="oc-15e"/>
      </symbol>
      <symbol id="sm-30e">
         <name>GPIOPinTypeSSI</name>
         <value>0x1fd3f</value>
         <object_component_ref idref="oc-1a6"/>
      </symbol>
      <symbol id="sm-33f">
         <name>SSIDataPut</name>
         <value>0x1fda5</value>
         <object_component_ref idref="oc-1b8"/>
      </symbol>
      <symbol id="sm-340">
         <name>SSIDataGet</name>
         <value>0x1fd8d</value>
         <object_component_ref idref="oc-1c4"/>
      </symbol>
      <symbol id="sm-341">
         <name>SSIConfigSetExpClk</name>
         <value>0x1fbc1</value>
         <object_component_ref idref="oc-1ac"/>
      </symbol>
      <symbol id="sm-342">
         <name>SSIEnable</name>
         <value>0x1fdaf</value>
         <object_component_ref idref="oc-1b2"/>
      </symbol>
      <symbol id="sm-343">
         <name>SSIBusy</name>
         <value>0x1fdcd</value>
         <object_component_ref idref="oc-1be"/>
      </symbol>
      <symbol id="sm-3be">
         <name>SysCtlPeripheralPresent</name>
         <value>0x1fbfd</value>
         <object_component_ref idref="oc-16a"/>
      </symbol>
      <symbol id="sm-3bf">
         <name>SysCtlDelay</name>
         <value>0x1fddb</value>
         <object_component_ref idref="oc-e8"/>
      </symbol>
      <symbol id="sm-3c0">
         <name>SysCtlPeripheralEnable</name>
         <value>0x1fc35</value>
         <object_component_ref idref="oc-ca"/>
      </symbol>
      <symbol id="sm-3c1">
         <name>SysCtlClockFreqSet</name>
         <value>0x1f579</value>
         <object_component_ref idref="oc-c4"/>
      </symbol>
      <symbol id="sm-3f4">
         <name>UARTConfigSetExpClk</name>
         <value>0x1faf5</value>
         <object_component_ref idref="oc-170"/>
      </symbol>
      <symbol id="sm-3f5">
         <name>UARTDisable</name>
         <value>0x1fcc9</value>
         <object_component_ref idref="oc-259"/>
      </symbol>
      <symbol id="sm-3f6">
         <name>UARTCharPut</name>
         <value>0x1fdc3</value>
         <object_component_ref idref="oc-17c"/>
      </symbol>
      <symbol id="sm-3f7">
         <name>UARTEnable</name>
         <value>0x1fd6b</value>
         <object_component_ref idref="oc-176"/>
      </symbol>
      <symbol id="sm-3f8">
         <name>UARTCharGet</name>
         <value>0x1fdb9</value>
         <object_component_ref idref="oc-182"/>
      </symbol>
      <symbol id="sm-414">
         <name>memcpy</name>
         <value>0x1f8e5</value>
         <object_component_ref idref="oc-3b"/>
      </symbol>
      <symbol id="sm-415">
         <name>__aeabi_memcpy</name>
         <value>0x1f8e5</value>
         <object_component_ref idref="oc-3b"/>
      </symbol>
      <symbol id="sm-416">
         <name>__aeabi_memcpy8</name>
         <value>0x1f8e5</value>
         <object_component_ref idref="oc-3b"/>
      </symbol>
      <symbol id="sm-417">
         <name>__aeabi_memcpy4</name>
         <value>0x1f8e5</value>
         <object_component_ref idref="oc-3b"/>
      </symbol>
      <symbol id="sm-426">
         <name>__aeabi_uidivmod</name>
         <value>0x1fb81</value>
         <object_component_ref idref="oc-191"/>
      </symbol>
      <symbol id="sm-427">
         <name>__aeabi_uidiv</name>
         <value>0x1fb81</value>
         <object_component_ref idref="oc-191"/>
      </symbol>
      <symbol id="sm-440">
         <name>__TI_zero_init_nomemset</name>
         <value>0x1fd09</value>
         <object_component_ref idref="oc-47"/>
      </symbol>
      <symbol id="sm-457">
         <name>__TI_decompress_none</name>
         <value>0x1fd7f</value>
         <object_component_ref idref="oc-1b"/>
      </symbol>
      <symbol id="sm-47a">
         <name>__TI_decompress_lzss</name>
         <value>0x1f9f9</value>
         <object_component_ref idref="oc-15"/>
      </symbol>
      <symbol id="sm-48d">
         <name>__stack</name>
         <value>0x20000000</value>
         <object_component_ref idref="oc-24"/>
      </symbol>
      <symbol id="sm-48e">
         <name>_c_int00_noargs</name>
         <value>0x1fc69</value>
         <object_component_ref idref="oc-59"/>
      </symbol>
      <symbol id="sm-498">
         <name>__aeabi_idiv0</name>
         <value>0x1fb3b</value>
         <object_component_ref idref="oc-26a"/>
      </symbol>
      <symbol id="sm-499">
         <name>__aeabi_ldiv0</name>
         <value>0x1fb3b</value>
         <object_component_ref idref="oc-26a"/>
      </symbol>
      <symbol id="sm-4c2">
         <name>__TI_auto_init_nobinit_nopinit</name>
         <value>0x1fb3d</value>
         <object_component_ref idref="oc-fd"/>
      </symbol>
      <symbol id="sm-4cc">
         <name>_system_pre_init</name>
         <value>0x1fde1</value>
         <object_component_ref idref="oc-95"/>
      </symbol>
      <symbol id="sm-4d8">
         <name>C$$EXIT</name>
         <value>0x1fde5</value>
         <object_component_ref idref="oc-f1"/>
      </symbol>
      <symbol id="sm-4d9">
         <name>abort</name>
         <value>0x1fde5</value>
         <object_component_ref idref="oc-f1"/>
      </symbol>
      <symbol id="sm-4dc">
         <name>__TI_static_base__</name>
         <value>0x0</value>
      </symbol>
      <symbol id="sm-4df">
         <name>__mpu_init</name>
         <value>0x0</value>
      </symbol>
      <symbol id="sm-4e0">
         <name>_system_post_cinit</name>
         <value>0x0</value>
      </symbol>
   </symbol_table>
   <title>Link successful</title>
</link_info>
